[0.014s][info][gc,init] CardTable entry size: 512
[0.014s][info][gc     ] Using G1
[0.015s][info][gc,init] Version: 25.0.1+8-LTS-27 (release)
[0.015s][info][gc,init] CPUs: 8 total, 8 available
[0.015s][info][gc,init] Memory: 12087M
[0.015s][info][gc,init] Large Page Support: Disabled
[0.015s][info][gc,init] NUMA Support: Disabled
[0.015s][info][gc,init] Compressed Oops: Enabled (32-bit)
[0.015s][info][gc,init] Heap Region Size: 1M
[0.015s][info][gc,init] Heap Min Capacity: 8M
[0.015s][info][gc,init] Heap Initial Capacity: 190M
[0.015s][info][gc,init] Heap Max Capacity: 256M
[0.015s][info][gc,init] Pre-touch: Disabled
[0.015s][info][gc,init] Parallel Workers: 8
[0.015s][info][gc,init] Concurrent Workers: 2
[0.016s][info][gc,init] Concurrent Refinement Workers: 8
[0.016s][info][gc,init] Periodic GC: Disabled
[0.024s][info][gc,metaspace] CDS archive(s) mapped at: [0x0000000019000000-0x0000000019dd0000-0x0000000019dd0000), size 14483456, SharedBaseAddress: 0x0000000019000000, ArchiveRelocationMode: 1.
[0.024s][info][gc,metaspace] Compressed class space mapped at: 0x000000001a000000-0x000000005a000000, reserved size: 1073741824
[0.024s][info][gc,metaspace] UseCompressedClassPointers 1, UseCompactObjectHeaders 0
[0.024s][info][gc,metaspace] Narrow klass pointer bits 32, Max shift 3
[0.024s][info][gc,metaspace] Narrow klass base: 0x0000000019000000, Narrow klass shift: 0
[0.024s][info][gc,metaspace] Encoding Range: [0x0000000019000000 - 0x0000000119000000), (4294967296 bytes)
[0.024s][info][gc,metaspace] Klass Range:    [0x0000000019010000 - 0x000000005a000000), (1090453504 bytes)
[0.024s][info][gc,metaspace] Klass ID Range:  [65536 - 1090519033) (1090453497)
[0.024s][info][gc,metaspace] Protection zone: [0x0000000019000000 - 0x0000000019010000), (65536 bytes)
[21.602s][info][gc,start    ] GC(0) Pause Young (Concurrent Start) (G1 Humongous Allocation)
[21.603s][info][gc,task     ] GC(0) Using 4 workers of 8 for evacuation
[21.609s][info][gc,phases   ] GC(0)   Pre Evacuate Collection Set: 1.12ms
[21.609s][info][gc,phases   ] GC(0)   Merge Heap Roots: 1.03ms
[21.609s][info][gc,phases   ] GC(0)   Evacuate Collection Set: 1.82ms
[21.609s][info][gc,phases   ] GC(0)   Post Evacuate Collection Set: 0.75ms
[21.609s][info][gc,phases   ] GC(0)   Other: 1.61ms
[21.609s][info][gc,heap     ] GC(0) Eden regions: 2->0(43)
[21.609s][info][gc,heap     ] GC(0) Survivor regions: 0->1(6)
[21.609s][info][gc,heap     ] GC(0) Old regions: 2->2
[21.609s][info][gc,heap     ] GC(0) Humongous regions: 84->84
[21.609s][info][gc,metaspace] GC(0) Metaspace: 432K(640K)->432K(640K) NonClass: 411K(512K)->411K(512K) Class: 20K(128K)->20K(128K)
[21.609s][info][gc          ] GC(0) Pause Young (Concurrent Start) (G1 Humongous Allocation) 87M->85M(192M) 7.379ms
[21.609s][info][gc,cpu      ] GC(0) User=0.00s Sys=0.00s Real=0.01s
[21.609s][info][gc          ] GC(1) Concurrent Mark Cycle
[21.609s][info][gc,marking  ] GC(1) Concurrent Scan Root Regions
[21.609s][info][gc,marking  ] GC(1) Concurrent Scan Root Regions 0.330ms
[21.609s][info][gc,marking  ] GC(1) Concurrent Mark
[21.609s][info][gc,marking  ] GC(1) Concurrent Mark From Roots
[21.610s][info][gc,task     ] GC(1) Using 2 workers of 2 for marking
[21.614s][info][gc,marking  ] GC(1) Concurrent Mark From Roots 4.538ms
[21.614s][info][gc,marking  ] GC(1) Concurrent Preclean
[21.614s][info][gc,marking  ] GC(1) Concurrent Preclean 0.026ms
[21.614s][info][gc,start    ] GC(1) Pause Remark
[21.616s][info][gc          ] GC(1) Pause Remark 88M->88M(192M) 1.808ms
[21.616s][info][gc,cpu      ] GC(1) User=0.00s Sys=0.00s Real=0.00s
[21.616s][info][gc,marking  ] GC(1) Concurrent Mark 6.650ms
[21.616s][info][gc,marking  ] GC(1) Concurrent Rebuild Remembered Sets and Scrub Regions
[21.617s][info][gc,marking  ] GC(1) Concurrent Rebuild Remembered Sets and Scrub Regions 1.236ms
[21.617s][info][gc,start    ] GC(1) Pause Cleanup
[21.617s][info][gc          ] GC(1) Pause Cleanup 88M->88M(192M) 0.070ms
[21.617s][info][gc,cpu      ] GC(1) User=0.00s Sys=0.00s Real=0.00s
[21.618s][info][gc,marking  ] GC(1) Concurrent Clear Claimed Marks
[21.618s][info][gc,marking  ] GC(1) Concurrent Clear Claimed Marks 0.153ms
[21.618s][info][gc,marking  ] GC(1) Concurrent Cleanup for Next Mark
[21.619s][info][gc,marking  ] GC(1) Concurrent Cleanup for Next Mark 1.145ms
[21.619s][info][gc          ] GC(1) Concurrent Mark Cycle 9.986ms
[64.384s][info][gc,start    ] GC(2) Pause Young (Prepare Mixed) (G1 Humongous Allocation)
[64.384s][info][gc,task     ] GC(2) Using 6 workers of 8 for evacuation
[64.387s][info][gc,phases   ] GC(2)   Pre Evacuate Collection Set: 0.34ms
[64.387s][info][gc,phases   ] GC(2)   Merge Heap Roots: 0.20ms
[64.387s][info][gc,phases   ] GC(2)   Evacuate Collection Set: 0.87ms
[64.387s][info][gc,phases   ] GC(2)   Post Evacuate Collection Set: 0.85ms
[64.387s][info][gc,phases   ] GC(2)   Other: 0.53ms
[64.387s][info][gc,heap     ] GC(2) Eden regions: 1->0(3)
[64.387s][info][gc,heap     ] GC(2) Survivor regions: 1->1(2)
[64.387s][info][gc,heap     ] GC(2) Old regions: 2->2
[64.387s][info][gc,heap     ] GC(2) Humongous regions: 250->250
[64.387s][info][gc,metaspace] GC(2) Metaspace: 463K(640K)->463K(640K) NonClass: 443K(512K)->443K(512K) Class: 20K(128K)->20K(128K)
[64.387s][info][gc          ] GC(2) Pause Young (Prepare Mixed) (G1 Humongous Allocation) 252M->251M(256M) 3.310ms
[64.387s][info][gc,cpu      ] GC(2) User=0.00s Sys=0.00s Real=0.00s
[64.895s][info][gc,start    ] GC(3) Pause Young (Mixed) (G1 Humongous Allocation)
[64.895s][info][gc,task     ] GC(3) Using 6 workers of 8 for evacuation
[64.896s][info][gc,phases   ] GC(3)   Pre Evacuate Collection Set: 0.14ms
[64.896s][info][gc,phases   ] GC(3)   Merge Heap Roots: 0.05ms
[64.896s][info][gc,phases   ] GC(3)   Evacuate Collection Set: 0.34ms
[64.896s][info][gc,phases   ] GC(3)   Post Evacuate Collection Set: 0.31ms
[64.896s][info][gc,phases   ] GC(3)   Other: 0.09ms
[64.896s][info][gc,heap     ] GC(3) Eden regions: 1->0(1)
[64.896s][info][gc,heap     ] GC(3) Survivor regions: 1->0(0)
[64.896s][info][gc,heap     ] GC(3) Old regions: 2->3
[64.896s][info][gc,heap     ] GC(3) Humongous regions: 252->252
[64.896s][info][gc,metaspace] GC(3) Metaspace: 463K(640K)->463K(640K) NonClass: 443K(512K)->443K(512K) Class: 20K(128K)->20K(128K)
[64.897s][info][gc          ] GC(3) Pause Young (Mixed) (G1 Humongous Allocation) (Evacuation Failure: Allocation) 254M->253M(256M) 1.297ms
[64.897s][info][gc,cpu      ] GC(3) User=0.00s Sys=0.00s Real=0.00s
[64.897s][info][gc,ergo     ] Attempting full compaction
[64.897s][info][gc,start    ] GC(4) Pause Full (G1 Compaction Pause)
[64.985s][info][gc,task     ] GC(4) Using 6 workers of 8 for full compaction
[64.985s][info][gc,phases,start] GC(4) Phase 1: Mark live objects
[64.987s][info][gc,phases      ] GC(4) Phase 1: Mark live objects 1.531ms
[64.987s][info][gc,phases,start] GC(4) Phase 2: Prepare compaction
[64.987s][info][gc,phases      ] GC(4) Phase 2: Prepare compaction 0.182ms
[64.987s][info][gc,phases,start] GC(4) Phase 3: Adjust pointers
[64.988s][info][gc,phases      ] GC(4) Phase 3: Adjust pointers 0.637ms
[64.988s][info][gc,phases,start] GC(4) Phase 4: Compact heap
[64.988s][info][gc,phases      ] GC(4) Phase 4: Compact heap 0.325ms
[64.988s][info][gc,phases,start] GC(4) Phase 5: Reset Metadata
[64.988s][info][gc,phases      ] GC(4) Phase 5: Reset Metadata 0.308ms
[64.989s][info][gc,heap        ] GC(4) Eden regions: 0->0(2)
[64.989s][info][gc,heap        ] GC(4) Survivor regions: 0->0(0)
[64.989s][info][gc,heap        ] GC(4) Old regions: 3->2
[64.989s][info][gc,heap        ] GC(4) Humongous regions: 252->252
[64.989s][info][gc,metaspace   ] GC(4) Metaspace: 463K(640K)->462K(640K) NonClass: 443K(512K)->442K(512K) Class: 20K(128K)->19K(128K)
[64.989s][info][gc             ] GC(4) Pause Full (G1 Compaction Pause) 253M->253M(256M) 92.739ms
[64.989s][info][gc,cpu         ] GC(4) User=0.09s Sys=0.00s Real=0.09s
[64.989s][info][gc,ergo        ] Attempting maximal full compaction clearing soft references
[64.989s][info][gc,start       ] GC(5) Pause Full (G1 Compaction Pause)
[64.989s][info][gc,task        ] GC(5) Using 6 workers of 8 for full compaction
[64.990s][info][gc,phases,start] GC(5) Phase 1: Mark live objects
[64.990s][info][gc,phases      ] GC(5) Phase 1: Mark live objects 0.778ms
[64.990s][info][gc,phases,start] GC(5) Phase 2: Prepare compaction
[64.991s][info][gc,phases      ] GC(5) Phase 2: Prepare compaction 0.759ms
[64.991s][info][gc,phases,start] GC(5) Phase 3: Adjust pointers
[64.992s][info][gc,phases      ] GC(5) Phase 3: Adjust pointers 0.637ms
[64.992s][info][gc,phases,start] GC(5) Phase 4: Compact heap
[64.993s][info][gc,phases      ] GC(5) Phase 4: Compact heap 0.718ms
[64.993s][info][gc,phases,start] GC(5) Phase 5: Reset Metadata
[64.993s][info][gc,phases      ] GC(5) Phase 5: Reset Metadata 0.122ms
[64.993s][info][gc,heap        ] GC(5) Eden regions: 0->0(2)
[64.994s][info][gc,heap        ] GC(5) Survivor regions: 0->0(0)
[64.994s][info][gc,heap        ] GC(5) Old regions: 2->2
[64.994s][info][gc,heap        ] GC(5) Humongous regions: 252->252
[64.994s][info][gc,metaspace   ] GC(5) Metaspace: 462K(640K)->462K(640K) NonClass: 442K(512K)->442K(512K) Class: 19K(128K)->19K(128K)
[64.994s][info][gc             ] GC(5) Pause Full (G1 Compaction Pause) 253M->253M(256M) 4.202ms
[64.994s][info][gc,cpu         ] GC(5) User=0.00s Sys=0.00s Real=0.00s
[64.994s][info][gc,start       ] GC(6) Pause Young (Concurrent Start) (G1 Evacuation Pause)
[64.994s][info][gc,task        ] GC(6) Using 6 workers of 8 for evacuation
[64.995s][info][gc,phases      ] GC(6)   Pre Evacuate Collection Set: 0.18ms
[64.995s][info][gc,phases      ] GC(6)   Merge Heap Roots: 0.03ms
[64.995s][info][gc,phases      ] GC(6)   Evacuate Collection Set: 0.24ms
[64.995s][info][gc,phases      ] GC(6)   Post Evacuate Collection Set: 0.11ms
[64.995s][info][gc,phases      ] GC(6)   Other: 0.06ms
[64.995s][info][gc,heap        ] GC(6) Eden regions: 0->0(1)
[64.995s][info][gc,heap        ] GC(6) Survivor regions: 0->0(0)
[64.995s][info][gc,heap        ] GC(6) Old regions: 2->2
[64.995s][info][gc,heap        ] GC(6) Humongous regions: 254->254
[64.995s][info][gc,metaspace   ] GC(6) Metaspace: 462K(640K)->462K(640K) NonClass: 442K(512K)->442K(512K) Class: 19K(128K)->19K(128K)
[64.995s][info][gc             ] GC(6) Pause Young (Concurrent Start) (G1 Evacuation Pause) 255M->255M(256M) 0.806ms
[64.995s][info][gc,cpu         ] GC(6) User=0.00s Sys=0.00s Real=0.00s
[64.995s][info][gc             ] GC(7) Concurrent Mark Cycle
[64.995s][info][gc,ergo        ] Attempting full compaction
[64.995s][info][gc,marking     ] GC(7) Concurrent Scan Root Regions
[64.995s][info][gc,start       ] GC(8) Pause Full (G1 Compaction Pause)
[64.995s][info][gc,marking     ] GC(7) Concurrent Scan Root Regions 0.044ms
[64.995s][info][gc,task        ] GC(8) Using 6 workers of 8 for full compaction
[64.995s][info][gc,marking     ] GC(7) Concurrent Mark
[64.995s][info][gc,marking     ] GC(7) Concurrent Mark From Roots
[64.995s][info][gc,task        ] GC(7) Using 2 workers of 2 for marking
[64.996s][info][gc,phases,start] GC(8) Phase 1: Mark live objects
[64.997s][info][gc,phases      ] GC(8) Phase 1: Mark live objects 1.288ms
[64.997s][info][gc,phases,start] GC(8) Phase 2: Prepare compaction
[64.997s][info][gc,phases      ] GC(8) Phase 2: Prepare compaction 0.162ms
[64.997s][info][gc,phases,start] GC(8) Phase 3: Adjust pointers
[64.998s][info][gc,phases      ] GC(8) Phase 3: Adjust pointers 0.769ms
[64.998s][info][gc,phases,start] GC(8) Phase 4: Compact heap
[64.998s][info][gc,phases      ] GC(8) Phase 4: Compact heap 0.116ms
[64.998s][info][gc,phases,start] GC(8) Phase 5: Reset Metadata
[64.999s][info][gc,phases      ] GC(8) Phase 5: Reset Metadata 0.444ms
[64.999s][info][gc,heap        ] GC(8) Eden regions: 0->0(1)
[64.999s][info][gc,heap        ] GC(8) Survivor regions: 0->0(0)
[64.999s][info][gc,heap        ] GC(8) Old regions: 2->2
[64.999s][info][gc,heap        ] GC(8) Humongous regions: 254->254
[64.999s][info][gc,metaspace   ] GC(8) Metaspace: 462K(640K)->462K(640K) NonClass: 442K(512K)->442K(512K) Class: 19K(128K)->19K(128K)
[64.999s][info][gc             ] GC(8) Pause Full (G1 Compaction Pause) 255M->255M(256M) 4.518ms
[64.999s][info][gc,cpu         ] GC(8) User=0.00s Sys=0.00s Real=0.01s
[64.999s][info][gc,ergo        ] Attempting maximal full compaction clearing soft references
[65.000s][info][gc,start       ] GC(9) Pause Full (G1 Compaction Pause)
[65.000s][info][gc,task        ] GC(9) Using 6 workers of 8 for full compaction
[65.000s][info][gc,phases,start] GC(9) Phase 1: Mark live objects
[65.001s][info][gc,phases      ] GC(9) Phase 1: Mark live objects 0.946ms
[65.001s][info][gc,phases,start] GC(9) Phase 2: Prepare compaction
[65.001s][info][gc,phases      ] GC(9) Phase 2: Prepare compaction 0.394ms
[65.001s][info][gc,phases,start] GC(9) Phase 3: Adjust pointers
[65.002s][info][gc,phases      ] GC(9) Phase 3: Adjust pointers 0.669ms
[65.002s][info][gc,phases,start] GC(9) Phase 4: Compact heap
[65.002s][info][gc,phases      ] GC(9) Phase 4: Compact heap 0.323ms
[65.002s][info][gc,phases,start] GC(9) Phase 5: Reset Metadata
[65.002s][info][gc,phases      ] GC(9) Phase 5: Reset Metadata 0.104ms
[65.003s][info][gc,heap        ] GC(9) Eden regions: 0->0(1)
[65.003s][info][gc,heap        ] GC(9) Survivor regions: 0->0(0)
[65.003s][info][gc,heap        ] GC(9) Old regions: 2->2
[65.003s][info][gc,heap        ] GC(9) Humongous regions: 254->254
[65.003s][info][gc,metaspace   ] GC(9) Metaspace: 462K(640K)->462K(640K) NonClass: 442K(512K)->442K(512K) Class: 19K(128K)->19K(128K)
[65.003s][info][gc             ] GC(9) Pause Full (G1 Compaction Pause) 255M->255M(256M) 3.789ms
[65.003s][info][gc,cpu         ] GC(9) User=0.00s Sys=0.02s Real=0.00s
[65.003s][info][gc,marking     ] GC(7) Concurrent Mark From Roots 8.381ms
[65.003s][info][gc,marking     ] GC(7) Concurrent Mark Abort
[65.003s][info][gc             ] GC(7) Concurrent Mark Cycle 8.599ms
[65.004s][info][gc,start       ] GC(10) Pause Young (Normal) (G1 Evacuation Pause)
[65.004s][info][gc,task        ] GC(10) Using 6 workers of 8 for evacuation
[65.004s][info][gc,phases      ] GC(10)   Pre Evacuate Collection Set: 0.15ms
[65.004s][info][gc,phases      ] GC(10)   Merge Heap Roots: 0.02ms
[65.004s][info][gc,phases      ] GC(10)   Evacuate Collection Set: 0.06ms
[65.004s][info][gc,phases      ] GC(10)   Post Evacuate Collection Set: 0.09ms
[65.004s][info][gc,phases      ] GC(10)   Other: 0.06ms
[65.004s][info][gc,heap        ] GC(10) Eden regions: 0->0(1)
[65.004s][info][gc,heap        ] GC(10) Survivor regions: 0->0(0)
[65.004s][info][gc,heap        ] GC(10) Old regions: 2->2
[65.004s][info][gc,heap        ] GC(10) Humongous regions: 254->254
[65.004s][info][gc,metaspace   ] GC(10) Metaspace: 462K(640K)->462K(640K) NonClass: 442K(512K)->442K(512K) Class: 19K(128K)->19K(128K)
[65.004s][info][gc             ] GC(10) Pause Young (Normal) (G1 Evacuation Pause) 255M->255M(256M) 0.574ms
[65.004s][info][gc,cpu         ] GC(10) User=0.00s Sys=0.00s Real=0.00s
[65.004s][info][gc,ergo        ] Attempting full compaction
[65.004s][info][gc,start       ] GC(11) Pause Full (G1 Compaction Pause)
[65.004s][info][gc,task        ] GC(11) Using 6 workers of 8 for full compaction
[65.004s][info][gc,phases,start] GC(11) Phase 1: Mark live objects
[65.005s][info][gc,phases      ] GC(11) Phase 1: Mark live objects 1.032ms
[65.005s][info][gc,phases,start] GC(11) Phase 2: Prepare compaction
[65.006s][info][gc,phases      ] GC(11) Phase 2: Prepare compaction 0.160ms
[65.006s][info][gc,phases,start] GC(11) Phase 3: Adjust pointers
[65.006s][info][gc,phases      ] GC(11) Phase 3: Adjust pointers 0.645ms
[65.006s][info][gc,phases,start] GC(11) Phase 4: Compact heap
[65.006s][info][gc,phases      ] GC(11) Phase 4: Compact heap 0.109ms
[65.006s][info][gc,phases,start] GC(11) Phase 5: Reset Metadata
[65.007s][info][gc,phases      ] GC(11) Phase 5: Reset Metadata 0.290ms
[65.007s][info][gc,heap        ] GC(11) Eden regions: 0->0(1)
[65.007s][info][gc,heap        ] GC(11) Survivor regions: 0->0(0)
[65.007s][info][gc,heap        ] GC(11) Old regions: 2->2
[65.007s][info][gc,heap        ] GC(11) Humongous regions: 254->254
[65.007s][info][gc,metaspace   ] GC(11) Metaspace: 462K(640K)->462K(640K) NonClass: 442K(512K)->442K(512K) Class: 19K(128K)->19K(128K)
[65.007s][info][gc             ] GC(11) Pause Full (G1 Compaction Pause) 255M->255M(256M) 3.257ms
[65.007s][info][gc,cpu         ] GC(11) User=0.00s Sys=0.00s Real=0.00s
[65.007s][info][gc,ergo        ] Attempting maximal full compaction clearing soft references
[65.007s][info][gc,start       ] GC(12) Pause Full (G1 Compaction Pause)
[65.007s][info][gc,task        ] GC(12) Using 6 workers of 8 for full compaction
[65.008s][info][gc,phases,start] GC(12) Phase 1: Mark live objects
[65.008s][info][gc,phases      ] GC(12) Phase 1: Mark live objects 0.833ms
[65.008s][info][gc,phases,start] GC(12) Phase 2: Prepare compaction
[65.009s][info][gc,phases      ] GC(12) Phase 2: Prepare compaction 0.359ms
[65.009s][info][gc,phases,start] GC(12) Phase 3: Adjust pointers
[65.010s][info][gc,phases      ] GC(12) Phase 3: Adjust pointers 0.664ms
[65.010s][info][gc,phases,start] GC(12) Phase 4: Compact heap
[65.010s][info][gc,phases      ] GC(12) Phase 4: Compact heap 0.332ms
[65.010s][info][gc,phases,start] GC(12) Phase 5: Reset Metadata
[65.010s][info][gc,phases      ] GC(12) Phase 5: Reset Metadata 0.087ms
[65.010s][info][gc,heap        ] GC(12) Eden regions: 0->0(1)
[65.011s][info][gc,heap        ] GC(12) Survivor regions: 0->0(0)
[65.011s][info][gc,heap        ] GC(12) Old regions: 2->2
[65.011s][info][gc,heap        ] GC(12) Humongous regions: 254->254
[65.011s][info][gc,metaspace   ] GC(12) Metaspace: 462K(640K)->462K(640K) NonClass: 442K(512K)->442K(512K) Class: 19K(128K)->19K(128K)
[65.011s][info][gc             ] GC(12) Pause Full (G1 Compaction Pause) 255M->255M(256M) 3.127ms
[65.011s][info][gc,cpu         ] GC(12) User=0.00s Sys=0.00s Real=0.00s
[65.011s][info][gc,start       ] GC(13) Pause Young (Concurrent Start) (G1 Evacuation Pause)
[65.011s][info][gc,task        ] GC(13) Using 6 workers of 8 for evacuation
[65.011s][info][gc,phases      ] GC(13)   Pre Evacuate Collection Set: 0.13ms
[65.011s][info][gc,phases      ] GC(13)   Merge Heap Roots: 0.03ms
[65.011s][info][gc,phases      ] GC(13)   Evacuate Collection Set: 0.13ms
[65.011s][info][gc,phases      ] GC(13)   Post Evacuate Collection Set: 0.11ms
[65.011s][info][gc,phases      ] GC(13)   Other: 0.06ms
[65.011s][info][gc,heap        ] GC(13) Eden regions: 0->0(1)
[65.011s][info][gc,heap        ] GC(13) Survivor regions: 0->0(0)
[65.011s][info][gc,heap        ] GC(13) Old regions: 2->2
[65.011s][info][gc,heap        ] GC(13) Humongous regions: 254->254
[65.011s][info][gc,metaspace   ] GC(13) Metaspace: 462K(640K)->462K(640K) NonClass: 442K(512K)->442K(512K) Class: 19K(128K)->19K(128K)
[65.011s][info][gc             ] GC(13) Pause Young (Concurrent Start) (G1 Evacuation Pause) 255M->255M(256M) 0.659ms
[65.011s][info][gc,cpu         ] GC(13) User=0.00s Sys=0.00s Real=0.00s
[65.011s][info][gc,ergo        ] Attempting full compaction
[65.011s][info][gc             ] GC(14) Concurrent Mark Cycle
[65.012s][info][gc,start       ] GC(15) Pause Full (G1 Compaction Pause)
[65.012s][info][gc,marking     ] GC(14) Concurrent Scan Root Regions
[65.012s][info][gc,task        ] GC(15) Using 6 workers of 8 for full compaction
[65.012s][info][gc,marking     ] GC(14) Concurrent Scan Root Regions 0.074ms
[65.012s][info][gc,marking     ] GC(14) Concurrent Mark
[65.012s][info][gc,marking     ] GC(14) Concurrent Mark From Roots
[65.012s][info][gc,task        ] GC(14) Using 2 workers of 2 for marking
[65.012s][info][gc,phases,start] GC(15) Phase 1: Mark live objects
[65.013s][info][gc,phases      ] GC(15) Phase 1: Mark live objects 0.938ms
[65.013s][info][gc,phases,start] GC(15) Phase 2: Prepare compaction
[65.013s][info][gc,phases      ] GC(15) Phase 2: Prepare compaction 0.545ms
[65.013s][info][gc,phases,start] GC(15) Phase 3: Adjust pointers
[65.015s][info][gc,phases      ] GC(15) Phase 3: Adjust pointers 1.679ms
[65.015s][info][gc,phases,start] GC(15) Phase 4: Compact heap
[65.015s][info][gc,phases      ] GC(15) Phase 4: Compact heap 0.149ms
[65.015s][info][gc,phases,start] GC(15) Phase 5: Reset Metadata
[65.016s][info][gc,phases      ] GC(15) Phase 5: Reset Metadata 0.322ms
[65.016s][info][gc,heap        ] GC(15) Eden regions: 0->0(1)
[65.016s][info][gc,heap        ] GC(15) Survivor regions: 0->0(0)
[65.016s][info][gc,heap        ] GC(15) Old regions: 2->2
[65.016s][info][gc,heap        ] GC(15) Humongous regions: 254->254
[65.016s][info][gc,metaspace   ] GC(15) Metaspace: 462K(640K)->462K(640K) NonClass: 442K(512K)->442K(512K) Class: 19K(128K)->19K(128K)
[65.016s][info][gc             ] GC(15) Pause Full (G1 Compaction Pause) 255M->255M(256M) 4.825ms
[65.016s][info][gc,cpu         ] GC(15) User=0.00s Sys=0.00s Real=0.01s
[65.016s][info][gc,ergo        ] Attempting maximal full compaction clearing soft references
[65.016s][info][gc,start       ] GC(16) Pause Full (G1 Compaction Pause)
[65.016s][info][gc,task        ] GC(16) Using 6 workers of 8 for full compaction
[65.017s][info][gc,phases,start] GC(16) Phase 1: Mark live objects
[65.018s][info][gc,phases      ] GC(16) Phase 1: Mark live objects 0.982ms
[65.018s][info][gc,phases,start] GC(16) Phase 2: Prepare compaction
[65.018s][info][gc,phases      ] GC(16) Phase 2: Prepare compaction 0.356ms
[65.018s][info][gc,phases,start] GC(16) Phase 3: Adjust pointers
[65.019s][info][gc,phases      ] GC(16) Phase 3: Adjust pointers 0.630ms
[65.019s][info][gc,phases,start] GC(16) Phase 4: Compact heap
[65.019s][info][gc,phases      ] GC(16) Phase 4: Compact heap 0.268ms
[65.019s][info][gc,phases,start] GC(16) Phase 5: Reset Metadata
[65.019s][info][gc,phases      ] GC(16) Phase 5: Reset Metadata 0.059ms
[65.019s][info][gc,heap        ] GC(16) Eden regions: 0->0(1)
[65.019s][info][gc,heap        ] GC(16) Survivor regions: 0->0(0)
[65.019s][info][gc,heap        ] GC(16) Old regions: 2->2
[65.019s][info][gc,heap        ] GC(16) Humongous regions: 254->254
[65.019s][info][gc,metaspace   ] GC(16) Metaspace: 462K(640K)->462K(640K) NonClass: 442K(512K)->442K(512K) Class: 19K(128K)->19K(128K)
[65.020s][info][gc             ] GC(16) Pause Full (G1 Compaction Pause) 255M->255M(256M) 3.121ms
[65.020s][info][gc,cpu         ] GC(16) User=0.05s Sys=0.02s Real=0.00s
[65.020s][info][gc,marking     ] GC(14) Concurrent Mark From Roots 7.898ms
[65.020s][info][gc,start       ] GC(17) Pause Young (Normal) (G1 Evacuation Pause)
[65.020s][info][gc,task        ] GC(17) Using 6 workers of 8 for evacuation
[65.020s][info][gc,phases      ] GC(17)   Pre Evacuate Collection Set: 0.08ms
[65.020s][info][gc,phases      ] GC(17)   Merge Heap Roots: 0.03ms
[65.020s][info][gc,phases      ] GC(17)   Evacuate Collection Set: 0.04ms
[65.020s][info][gc,phases      ] GC(17)   Post Evacuate Collection Set: 0.13ms
[65.020s][info][gc,phases      ] GC(17)   Other: 0.05ms
[65.020s][info][gc,heap        ] GC(17) Eden regions: 0->0(1)
[65.020s][info][gc,heap        ] GC(17) Survivor regions: 0->0(0)
[65.020s][info][gc,heap        ] GC(17) Old regions: 2->2
[65.020s][info][gc,heap        ] GC(17) Humongous regions: 254->254
[65.020s][info][gc,metaspace   ] GC(17) Metaspace: 462K(640K)->462K(640K) NonClass: 442K(512K)->442K(512K) Class: 19K(128K)->19K(128K)
[65.020s][info][gc             ] GC(17) Pause Young (Normal) (G1 Evacuation Pause) 255M->255M(256M) 0.529ms
[65.020s][info][gc,cpu         ] GC(17) User=0.00s Sys=0.00s Real=0.00s
[65.020s][info][gc,ergo        ] Attempting full compaction
[65.020s][info][gc,start       ] GC(18) Pause Full (G1 Compaction Pause)
[65.020s][info][gc,task        ] GC(18) Using 6 workers of 8 for full compaction
[65.020s][info][gc,phases,start] GC(18) Phase 1: Mark live objects
[65.021s][info][gc,phases      ] GC(18) Phase 1: Mark live objects 0.845ms
[65.021s][info][gc,phases,start] GC(18) Phase 2: Prepare compaction
[65.021s][info][gc,phases      ] GC(18) Phase 2: Prepare compaction 0.132ms
[65.021s][info][gc,phases,start] GC(18) Phase 3: Adjust pointers
[65.022s][info][gc,phases      ] GC(18) Phase 3: Adjust pointers 0.668ms
[65.022s][info][gc,phases,start] GC(18) Phase 4: Compact heap
[65.022s][info][gc,phases      ] GC(18) Phase 4: Compact heap 0.134ms
[65.022s][info][gc,phases,start] GC(18) Phase 5: Reset Metadata
[65.023s][info][gc,phases      ] GC(18) Phase 5: Reset Metadata 0.227ms
[65.023s][info][gc,heap        ] GC(18) Eden regions: 0->0(1)
[65.023s][info][gc,heap        ] GC(18) Survivor regions: 0->0(0)
[65.023s][info][gc,heap        ] GC(18) Old regions: 2->2
[65.023s][info][gc,heap        ] GC(18) Humongous regions: 254->254
[65.023s][info][gc,metaspace   ] GC(18) Metaspace: 462K(640K)->462K(640K) NonClass: 442K(512K)->442K(512K) Class: 19K(128K)->19K(128K)
[65.023s][info][gc             ] GC(18) Pause Full (G1 Compaction Pause) 255M->255M(256M) 2.906ms
[65.023s][info][gc,cpu         ] GC(18) User=0.00s Sys=0.00s Real=0.00s
[65.023s][info][gc,ergo        ] Attempting maximal full compaction clearing soft references
[65.023s][info][gc,start       ] GC(19) Pause Full (G1 Compaction Pause)
[65.023s][info][gc,task        ] GC(19) Using 6 workers of 8 for full compaction
[65.023s][info][gc,phases,start] GC(19) Phase 1: Mark live objects
[65.024s][info][gc,phases      ] GC(19) Phase 1: Mark live objects 0.736ms
[65.024s][info][gc,phases,start] GC(19) Phase 2: Prepare compaction
[65.024s][info][gc,phases      ] GC(19) Phase 2: Prepare compaction 0.347ms
[65.024s][info][gc,phases,start] GC(19) Phase 3: Adjust pointers
[65.025s][info][gc,phases      ] GC(19) Phase 3: Adjust pointers 0.575ms
[65.025s][info][gc,phases,start] GC(19) Phase 4: Compact heap
[65.025s][info][gc,phases      ] GC(19) Phase 4: Compact heap 0.298ms
[65.025s][info][gc,phases,start] GC(19) Phase 5: Reset Metadata
[65.026s][info][gc,phases      ] GC(19) Phase 5: Reset Metadata 0.073ms
[65.026s][info][gc,heap        ] GC(19) Eden regions: 0->0(1)
[65.026s][info][gc,heap        ] GC(19) Survivor regions: 0->0(0)
[65.026s][info][gc,heap        ] GC(19) Old regions: 2->2
[65.026s][info][gc,heap        ] GC(19) Humongous regions: 254->254
[65.026s][info][gc,metaspace   ] GC(19) Metaspace: 462K(640K)->462K(640K) NonClass: 442K(512K)->442K(512K) Class: 19K(128K)->19K(128K)
[65.026s][info][gc             ] GC(19) Pause Full (G1 Compaction Pause) 255M->255M(256M) 2.887ms
[65.026s][info][gc,cpu         ] GC(19) User=0.00s Sys=0.00s Real=0.00s
[65.026s][info][gc,marking     ] GC(14) Concurrent Mark Abort
[65.026s][info][gc             ] GC(14) Concurrent Mark Cycle 14.608ms
[65.026s][info][gc,start       ] GC(20) Pause Young (Normal) (G1 Evacuation Pause)
[65.026s][info][gc,task        ] GC(20) Using 6 workers of 8 for evacuation
[65.027s][info][gc,phases      ] GC(20)   Pre Evacuate Collection Set: 0.17ms
[65.027s][info][gc,phases      ] GC(20)   Merge Heap Roots: 0.02ms
[65.027s][info][gc,phases      ] GC(20)   Evacuate Collection Set: 0.08ms
[65.027s][info][gc,phases      ] GC(20)   Post Evacuate Collection Set: 0.11ms
[65.027s][info][gc,phases      ] GC(20)   Other: 0.06ms
[65.027s][info][gc,heap        ] GC(20) Eden regions: 0->0(1)
[65.027s][info][gc,heap        ] GC(20) Survivor regions: 0->0(0)
[65.027s][info][gc,heap        ] GC(20) Old regions: 2->2
[65.027s][info][gc,heap        ] GC(20) Humongous regions: 254->254
[65.027s][info][gc,metaspace   ] GC(20) Metaspace: 462K(640K)->462K(640K) NonClass: 442K(512K)->442K(512K) Class: 19K(128K)->19K(128K)
[65.027s][info][gc             ] GC(20) Pause Young (Normal) (G1 Evacuation Pause) 255M->255M(256M) 0.642ms
[65.027s][info][gc,cpu         ] GC(20) User=0.00s Sys=0.00s Real=0.00s
[65.027s][info][gc,ergo        ] Attempting full compaction
[65.027s][info][gc,start       ] GC(21) Pause Full (G1 Compaction Pause)
[65.027s][info][gc,task        ] GC(21) Using 6 workers of 8 for full compaction
[65.027s][info][gc,phases,start] GC(21) Phase 1: Mark live objects
[65.028s][info][gc,phases      ] GC(21) Phase 1: Mark live objects 0.901ms
[65.028s][info][gc,phases,start] GC(21) Phase 2: Prepare compaction
[65.029s][info][gc,phases      ] GC(21) Phase 2: Prepare compaction 0.833ms
[65.029s][info][gc,phases,start] GC(21) Phase 3: Adjust pointers
[65.030s][info][gc,phases      ] GC(21) Phase 3: Adjust pointers 0.737ms
[65.030s][info][gc,phases,start] GC(21) Phase 4: Compact heap
[65.030s][info][gc,phases      ] GC(21) Phase 4: Compact heap 0.252ms
[65.030s][info][gc,phases,start] GC(21) Phase 5: Reset Metadata
[65.030s][info][gc,phases      ] GC(21) Phase 5: Reset Metadata 0.525ms
[65.032s][info][gc,heap        ] GC(21) Eden regions: 0->0(3)
[65.032s][info][gc,heap        ] GC(21) Survivor regions: 0->0(0)
[65.032s][info][gc,heap        ] GC(21) Old regions: 2->2
[65.032s][info][gc,heap        ] GC(21) Humongous regions: 254->0
[65.032s][info][gc,metaspace   ] GC(21) Metaspace: 462K(640K)->462K(640K) NonClass: 442K(512K)->442K(512K) Class: 19K(128K)->19K(128K)
[65.032s][info][gc             ] GC(21) Pause Full (G1 Compaction Pause) 255M->1M(8M) 5.290ms
[65.032s][info][gc,cpu         ] GC(21) User=0.00s Sys=0.00s Real=0.01s
[65.041s][info][gc,exit        ] Heap
[65.041s][info][gc,exit        ]  garbage-first heap   total reserved 262144K, committed 8192K, used 1558K [0x00000000f0000000, 0x0000000100000000)
[65.041s][info][gc,exit        ]   region size 1024K, 1 young (1024K), 0 survivors (0K)
[65.041s][info][gc,exit        ]  Metaspace       used 466K, committed 640K, reserved 1114112K
[65.041s][info][gc,exit        ]   class space    used 20K, committed 128K, reserved 1048576K
