[0.037s][info][gc,init] Initializing The Z Garbage Collector
[0.037s][info][gc,init] Version: 25.0.1+8-LTS-27 (release)
[0.037s][info][gc,init] NUMA Support: Disabled
[0.038s][info][gc,init] CPUs: 8 total, 8 available
[0.039s][info][gc,init] Memory: 12087M
[0.039s][info][gc,init] Large Page Support: Disabled
[0.040s][info][gc,init] Address Space Size: limited (137434245608K)
[0.040s][info][gc,init] Reserved Space Type: Contiguous/Unrestricted/Complete
[0.040s][info][gc,init] Reserved Space Size: 4G
[0.041s][info][gc,init] Min Capacity: 8M
[0.041s][info][gc,init] Initial Capacity: 190M
[0.041s][info][gc,init] Max Capacity: 256M
[0.041s][info][gc,init] Soft Max Capacity: 256M
[0.041s][info][gc,init] Page Size Medium: Range [2M, 8M]
[0.041s][info][gc,init] Pre-touch: Disabled
[0.041s][info][gc,init] Uncommit: Enabled
[0.041s][info][gc,init] Uncommit Delay: 300s
[0.042s][info][gc,init] GC Workers for Old Generation: 2 (dynamic)
[0.042s][info][gc,init] GC Workers for Young Generation: 2 (dynamic)
[0.050s][info][gc,init] GC Workers Max: 2 (dynamic)
[0.051s][info][gc,init] Runtime Workers: 2
[0.051s][info][gc     ] Using The Z Garbage Collector
[0.075s][info][gc,metaspace] CDS archive(s) mapped at: [0x0000000017000000-0x0000000017dd0000-0x0000000017dd0000), size 14483456, SharedBaseAddress: 0x0000000017000000, ArchiveRelocationMode: 1.
[0.075s][info][gc,metaspace] Compressed class space mapped at: 0x0000000018000000-0x0000000058000000, reserved size: 1073741824
[0.075s][info][gc,metaspace] UseCompressedClassPointers 1, UseCompactObjectHeaders 0
[0.075s][info][gc,metaspace] Narrow klass pointer bits 32, Max shift 3
[0.075s][info][gc,metaspace] Narrow klass base: 0x0000000017000000, Narrow klass shift: 0
[0.075s][info][gc,metaspace] Encoding Range: [0x0000000017000000 - 0x0000000117000000), (4294967296 bytes)
[0.075s][info][gc,metaspace] Klass Range:    [0x0000000017010000 - 0x0000000058000000), (1090453504 bytes)
[0.075s][info][gc,metaspace] Klass ID Range:  [65536 - 1090519033) (1090453497)
[0.075s][info][gc,metaspace] Protection zone: [0x0000000017000000 - 0x0000000017010000), (65536 bytes)
[5.268s][info][gc          ] GC(0) Major Collection (Warmup)
[5.268s][info][gc,task     ] GC(0) Using 2 Workers for Young Generation
[5.268s][info][gc,task     ] GC(0) Using 1 Workers for Old Generation
[5.268s][info][gc,phases   ] GC(0) Y: Young Generation
[5.268s][info][gc,phases   ] GC(0) Y: Pause Mark Start (Major) 0.041ms
[5.276s][info][gc,phases   ] GC(0) Y: Concurrent Mark 7.266ms
[5.276s][info][gc,phases   ] GC(0) Y: Pause Mark End 0.042ms
[5.276s][info][gc,phases   ] GC(0) Y: Concurrent Mark Free 0.008ms
[5.276s][info][gc,phases   ] GC(0) Y: Concurrent Reset Relocation Set 0.001ms
[5.276s][info][gc,reloc    ] GC(0) Y: Using tenuring threshold: 1 (Computed)
[5.277s][info][gc,phases   ] GC(0) Y: Concurrent Select Relocation Set 1.068ms
[5.278s][info][gc,phases   ] GC(0) Y: Pause Relocate Start 0.021ms
[5.283s][info][gc,phases   ] GC(0) Y: Concurrent Relocate 5.343ms
[5.283s][info][gc,alloc    ] GC(0) Y:                         Mark Start        Mark End      Relocate Start    Relocate End   
[5.283s][info][gc,alloc    ] GC(0) Y: Allocation Stalls:          0                0                0                0         
[5.283s][info][gc,load     ] GC(0) Y: Load: 0.00 (0%) / 0.00 (0%) / 0.00 (0%)
[5.284s][info][gc,mmu      ] GC(0) Y: MMU: 2ms/96.8%, 5ms/98.7%, 10ms/99.0%, 20ms/99.5%, 50ms/99.8%, 100ms/99.9%
[5.284s][info][gc,marking  ] GC(0) Y: Mark: 2 stripe(s), 2 proactive flush(es), 1 terminate flush(es), 0 completion(s), 0 continuation(s) 
[5.284s][info][gc,nmethod  ] GC(0) Y: NMethods: 204 registered, 0 unregistered
[5.284s][info][gc,metaspace] GC(0) Y: Metaspace: 0M used, 0M committed, 1088M reserved
[5.284s][info][gc,reloc    ] GC(0) Y:                        Candidates     Selected     In-Place         Size        Empty    Relocated 
[5.284s][info][gc,reloc    ] GC(0) Y: Small Pages:                    2            1            0           4M           0M           1M 
[5.284s][info][gc,reloc    ] GC(0) Y: Medium Pages:                   0            0            0           0M           0M           0M 
[5.284s][info][gc,reloc    ] GC(0) Y: Large Pages:                   11            0            0          22M           0M           0M 
[5.284s][info][gc,reloc    ] GC(0) Y: Forwarding Usage: 0M
[5.284s][info][gc,reloc    ] GC(0) Y: Age Table:
[5.284s][info][gc,reloc    ] GC(0) Y:                    Live             Garbage             Small              Medium             Large        
[5.284s][info][gc,reloc    ] GC(0) Y: Eden              23M (9%)            2M (1%)           2 / 1              0 / 0             11 / 0        
[5.284s][info][gc,heap     ] GC(0) Y: Min Capacity: 8M(3%)
[5.284s][info][gc,heap     ] GC(0) Y: Max Capacity: 256M(100%)
[5.284s][info][gc,heap     ] GC(0) Y: Soft Max Capacity: 256M(100%)
[5.285s][info][gc,heap     ] GC(0) Y: Heap Statistics:
[5.285s][info][gc,heap     ] GC(0) Y:                Mark Start          Mark End        Relocate Start      Relocate End           High               Low         
[5.285s][info][gc,heap     ] GC(0) Y:  Capacity:      190M (74%)         190M (74%)         190M (74%)         190M (74%)         190M (74%)         190M (74%)    
[5.285s][info][gc,heap     ] GC(0) Y:      Free:      230M (90%)         228M (89%)         228M (89%)         226M (88%)         230M (90%)         222M (87%)    
[5.285s][info][gc,heap     ] GC(0) Y:      Used:       26M (10%)          28M (11%)          28M (11%)          30M (12%)          34M (13%)          26M (10%)    
[5.285s][info][gc,heap     ] GC(0) Y: Young Generation Statistics:
[5.285s][info][gc,heap     ] GC(0) Y:                Mark Start          Mark End        Relocate Start      Relocate End    
[5.285s][info][gc,heap     ] GC(0) Y:      Used:       26M (10%)          28M (11%)          28M (11%)          30M (12%)    
[5.286s][info][gc,heap     ] GC(0) Y:      Live:         -                23M (9%)           23M (9%)           23M (9%)     
[5.286s][info][gc,heap     ] GC(0) Y:   Garbage:         -                 2M (1%)            2M (1%)            0M (0%)     
[5.286s][info][gc,heap     ] GC(0) Y: Allocated:         -                 2M (1%)            2M (1%)            6M (3%)     
[5.286s][info][gc,heap     ] GC(0) Y: Reclaimed:         -                  -                 0M (0%)            2M (1%)     
[5.286s][info][gc,heap     ] GC(0) Y:  Promoted:         -                  -                 0M (0%)            0M (0%)     
[5.286s][info][gc,heap     ] GC(0) Y: Compacted:         -                  -                  -                 1M (1%)     
[5.286s][info][gc,phases   ] GC(0) Y: Young Generation 26M(10%)->30M(12%) 0.015s
[5.286s][info][gc,phases   ] GC(0) O: Old Generation
[5.288s][info][gc,phases   ] GC(0) O: Concurrent Mark 1.496ms
[5.288s][info][gc,phases   ] GC(0) O: Pause Mark End 0.032ms
[5.288s][info][gc,phases   ] GC(0) O: Concurrent Mark Free 0.002ms
[5.290s][info][gc,phases   ] GC(0) O: Concurrent Process Non-Strong 2.302ms
[5.290s][info][gc,phases   ] GC(0) O: Concurrent Reset Relocation Set 0.001ms
[5.290s][info][gc,phases   ] GC(0) O: Concurrent Select Relocation Set 0.074ms
[5.290s][info][gc,task     ] GC(0) O: Using 2 Workers for Old Generation
[5.291s][info][gc,task     ] GC(0) O: Using 1 Workers for Old Generation
[5.291s][info][gc,phases   ] GC(0) O: Concurrent Remap Roots 0.689ms
[5.291s][info][gc,phases   ] GC(0) O: Pause Relocate Start 0.021ms
[5.292s][info][gc,phases   ] GC(0) O: Concurrent Relocate 0.113ms
[5.292s][info][gc,alloc    ] GC(0) O:                         Mark Start        Mark End      Relocate Start    Relocate End   
[5.292s][info][gc,alloc    ] GC(0) O: Allocation Stalls:          0                0                0                0         
[5.292s][info][gc,load     ] GC(0) O: Load: 0.00 (0%) / 0.00 (0%) / 0.00 (0%)
[5.292s][info][gc,mmu      ] GC(0) O: MMU: 2ms/96.8%, 5ms/98.7%, 10ms/99.0%, 20ms/99.3%, 50ms/99.7%, 100ms/99.8%
[5.292s][info][gc,marking  ] GC(0) O: Mark: 1 stripe(s), 1 proactive flush(es), 1 terminate flush(es), 0 completion(s), 0 continuation(s) 
[5.292s][info][gc,nmethod  ] GC(0) O: NMethods: 197 registered, 7 unregistered
[5.292s][info][gc,metaspace] GC(0) O: Metaspace: 0M used, 0M committed, 1088M reserved
[5.292s][info][gc,ref      ] GC(0) O:                       Encountered   Discovered     Enqueued 
[5.293s][info][gc,ref      ] GC(0) O: Soft References:               63            0            0 
[5.293s][info][gc,ref      ] GC(0) O: Weak References:               98            0            0 
[5.293s][info][gc,ref      ] GC(0) O: Final References:               0            0            0 
[5.293s][info][gc,ref      ] GC(0) O: Phantom References:             1            0            0 
[5.293s][info][gc,heap     ] GC(0) O: Min Capacity: 8M(3%)
[5.293s][info][gc,heap     ] GC(0) O: Max Capacity: 256M(100%)
[5.293s][info][gc,heap     ] GC(0) O: Soft Max Capacity: 256M(100%)
[5.293s][info][gc,heap     ] GC(0) O: Heap Statistics:
[5.293s][info][gc,heap     ] GC(0) O:                Mark Start          Mark End        Relocate Start      Relocate End           High               Low         
[5.293s][info][gc,heap     ] GC(0) O:  Capacity:      190M (74%)         190M (74%)         190M (74%)         190M (74%)         190M (74%)         190M (74%)    
[5.293s][info][gc,heap     ] GC(0) O:      Free:      230M (90%)         226M (88%)         226M (88%)         226M (88%)         230M (90%)         222M (87%)    
[5.293s][info][gc,heap     ] GC(0) O:      Used:       26M (10%)          30M (12%)          30M (12%)          30M (12%)          34M (13%)          26M (10%)    
[5.293s][info][gc,heap     ] GC(0) O: Old Generation Statistics:
[5.293s][info][gc,heap     ] GC(0) O:                Mark Start          Mark End        Relocate Start      Relocate End    
[5.293s][info][gc,heap     ] GC(0) O:      Used:        0M (0%)            0M (0%)            0M (0%)            0M (0%)     
[5.293s][info][gc,heap     ] GC(0) O:      Live:         -                 0M (0%)            0M (0%)            0M (0%)     
[5.293s][info][gc,heap     ] GC(0) O:   Garbage:         -                 0M (0%)            0M (0%)            0M (0%)     
[5.293s][info][gc,heap     ] GC(0) O: Allocated:         -                 0M (0%)            0M (0%)            0M (0%)     
[5.293s][info][gc,heap     ] GC(0) O: Reclaimed:         -                  -                 0M (0%)            0M (0%)     
[5.293s][info][gc,heap     ] GC(0) O: Compacted:         -                  -                  -                 0M (0%)     
[5.294s][info][gc,phases   ] GC(0) O: Old Generation 30M(12%)->30M(12%) 0.006s
[5.294s][info][gc          ] GC(0) Major Collection (Warmup) 26M(10%)->30M(12%) 0.026s
[11.647s][info][gc          ] GC(1) Major Collection (Warmup)
[11.648s][info][gc,task     ] GC(1) Using 2 Workers for Young Generation
[11.648s][info][gc,task     ] GC(1) Using 1 Workers for Old Generation
[11.648s][info][gc,phases   ] GC(1) Y: Young Generation
[11.648s][info][gc,phases   ] GC(1) Y: Pause Mark Start (Major) 0.042ms
[11.656s][info][gc,phases   ] GC(1) Y: Concurrent Mark 7.672ms
[11.656s][info][gc,phases   ] GC(1) Y: Pause Mark End 0.027ms
[11.656s][info][gc,phases   ] GC(1) Y: Concurrent Mark Free 0.005ms
[11.656s][info][gc,phases   ] GC(1) Y: Concurrent Reset Relocation Set 0.002ms
[11.656s][info][gc,reloc    ] GC(1) Y: Using tenuring threshold: 1 (Computed)
[11.660s][info][gc,phases   ] GC(1) Y: Concurrent Select Relocation Set 3.424ms
[11.660s][info][gc,phases   ] GC(1) Y: Pause Relocate Start 0.019ms
[11.670s][info][gc,phases   ] GC(1) Y: Concurrent Relocate 10.204ms
[11.670s][info][gc,alloc    ] GC(1) Y:                         Mark Start        Mark End      Relocate Start    Relocate End   
[11.670s][info][gc,alloc    ] GC(1) Y: Allocation Stalls:          0                0                0                0         
[11.670s][info][gc,load     ] GC(1) Y: Load: 0.00 (0%) / 0.00 (0%) / 0.00 (0%)
[11.670s][info][gc,mmu      ] GC(1) Y: MMU: 2ms/96.8%, 5ms/98.7%, 10ms/99.0%, 20ms/99.3%, 50ms/99.7%, 100ms/99.8%
[11.670s][info][gc,marking  ] GC(1) Y: Mark: 2 stripe(s), 2 proactive flush(es), 1 terminate flush(es), 0 completion(s), 0 continuation(s) 
[11.670s][info][gc,nmethod  ] GC(1) Y: NMethods: 265 registered, 7 unregistered
[11.671s][info][gc,metaspace] GC(1) Y: Metaspace: 0M used, 0M committed, 1088M reserved
[11.671s][info][gc,reloc    ] GC(1) Y:                        Candidates     Selected     In-Place         Size        Empty    Relocated 
[11.671s][info][gc,reloc    ] GC(1) Y: Small Pages:                    4            3            0           8M           0M           1M 
[11.671s][info][gc,reloc    ] GC(1) Y: Medium Pages:                   0            0            0           0M           0M           0M 
[11.671s][info][gc,reloc    ] GC(1) Y: Large Pages:                   22            0            0          44M           0M           0M 
[11.671s][info][gc,reloc    ] GC(1) Y: Forwarding Usage: 0M
[11.671s][info][gc,reloc    ] GC(1) Y: Age Table:
[11.671s][info][gc,reloc    ] GC(1) Y:                    Live             Garbage             Small              Medium             Large        
[11.671s][info][gc,reloc    ] GC(1) Y: Eden              22M (9%)            1M (1%)           1 / 0              0 / 0             11 / 0        
[11.671s][info][gc,reloc    ] GC(1) Y: Survivor 1        23M (9%)            4M (2%)           3 / 3              0 / 0             11 / 0        
[11.671s][info][gc,heap     ] GC(1) Y: Min Capacity: 8M(3%)
[11.671s][info][gc,heap     ] GC(1) Y: Max Capacity: 256M(100%)
[11.671s][info][gc,heap     ] GC(1) Y: Soft Max Capacity: 256M(100%)
[11.671s][info][gc,heap     ] GC(1) Y: Heap Statistics:
[11.671s][info][gc,heap     ] GC(1) Y:                Mark Start          Mark End        Relocate Start      Relocate End           High               Low         
[11.671s][info][gc,heap     ] GC(1) Y:  Capacity:      190M (74%)         190M (74%)         190M (74%)         190M (74%)         190M (74%)         190M (74%)    
[11.671s][info][gc,heap     ] GC(1) Y:      Free:      204M (80%)         202M (79%)         202M (79%)         204M (80%)         204M (80%)         198M (77%)    
[11.671s][info][gc,heap     ] GC(1) Y:      Used:       52M (20%)          54M (21%)          54M (21%)          52M (20%)          58M (23%)          52M (20%)    
[11.671s][info][gc,heap     ] GC(1) Y: Young Generation Statistics:
[11.671s][info][gc,heap     ] GC(1) Y:                Mark Start          Mark End        Relocate Start      Relocate End    
[11.671s][info][gc,heap     ] GC(1) Y:      Used:       52M (20%)          54M (21%)          32M (12%)          26M (10%)    
[11.671s][info][gc,heap     ] GC(1) Y:      Live:         -                45M (18%)          23M (9%)           22M (9%)     
[11.671s][info][gc,heap     ] GC(1) Y:   Garbage:         -                 6M (3%)            6M (3%)            0M (0%)     
[11.671s][info][gc,heap     ] GC(1) Y: Allocated:         -                 2M (1%)            2M (1%)            3M (2%)     
[11.671s][info][gc,heap     ] GC(1) Y: Reclaimed:         -                  -                 0M (0%)            6M (3%)     
[11.672s][info][gc,heap     ] GC(1) Y:  Promoted:         -                  -                22M (9%)           23M (9%)     
[11.672s][info][gc,heap     ] GC(1) Y: Compacted:         -                  -                  -                 0M (0%)     
[11.672s][info][gc,phases   ] GC(1) Y: Young Generation 52M(20%)->52M(20%) 0.023s
[11.672s][info][gc,phases   ] GC(1) O: Old Generation
[11.673s][info][gc,phases   ] GC(1) O: Concurrent Mark 0.874ms
[11.673s][info][gc,phases   ] GC(1) O: Pause Mark End 0.030ms
[11.673s][info][gc,phases   ] GC(1) O: Concurrent Mark Free 0.002ms
[11.676s][info][gc,phases   ] GC(1) O: Concurrent Process Non-Strong 2.693ms
[11.676s][info][gc,phases   ] GC(1) O: Concurrent Reset Relocation Set 0.001ms
[11.676s][info][gc,phases   ] GC(1) O: Concurrent Select Relocation Set 0.146ms
[11.676s][info][gc,task     ] GC(1) O: Using 2 Workers for Old Generation
[11.678s][info][gc,task     ] GC(1) O: Using 1 Workers for Old Generation
[11.678s][info][gc,phases   ] GC(1) O: Concurrent Remap Roots 2.431ms
[11.679s][info][gc,phases   ] GC(1) O: Pause Relocate Start 0.023ms
[11.679s][info][gc,phases   ] GC(1) O: Concurrent Relocate 0.135ms
[11.679s][info][gc,alloc    ] GC(1) O:                         Mark Start        Mark End      Relocate Start    Relocate End   
[11.679s][info][gc,alloc    ] GC(1) O: Allocation Stalls:          0                0                0                0         
[11.680s][info][gc,load     ] GC(1) O: Load: 0.00 (0%) / 0.00 (0%) / 0.00 (0%)
[11.680s][info][gc,mmu      ] GC(1) O: MMU: 2ms/96.8%, 5ms/98.7%, 10ms/99.0%, 20ms/99.3%, 50ms/99.7%, 100ms/99.8%
[11.680s][info][gc,marking  ] GC(1) O: Mark: 1 stripe(s), 1 proactive flush(es), 1 terminate flush(es), 0 completion(s), 0 continuation(s) 
[11.680s][info][gc,nmethod  ] GC(1) O: NMethods: 264 registered, 8 unregistered
[11.680s][info][gc,metaspace] GC(1) O: Metaspace: 0M used, 0M committed, 1088M reserved
[11.680s][info][gc,ref      ] GC(1) O:                       Encountered   Discovered     Enqueued 
[11.680s][info][gc,ref      ] GC(1) O: Soft References:               63            0            0 
[11.680s][info][gc,ref      ] GC(1) O: Weak References:               98            0            0 
[11.680s][info][gc,ref      ] GC(1) O: Final References:               0            0            0 
[11.680s][info][gc,ref      ] GC(1) O: Phantom References:             1            0            0 
[11.680s][info][gc,heap     ] GC(1) O: Min Capacity: 8M(3%)
[11.680s][info][gc,heap     ] GC(1) O: Max Capacity: 256M(100%)
[11.680s][info][gc,heap     ] GC(1) O: Soft Max Capacity: 256M(100%)
[11.680s][info][gc,heap     ] GC(1) O: Heap Statistics:
[11.680s][info][gc,heap     ] GC(1) O:                Mark Start          Mark End        Relocate Start      Relocate End           High               Low         
[11.680s][info][gc,heap     ] GC(1) O:  Capacity:      190M (74%)         190M (74%)         190M (74%)         190M (74%)         190M (74%)         190M (74%)    
[11.680s][info][gc,heap     ] GC(1) O:      Free:      204M (80%)         204M (80%)         204M (80%)         204M (80%)         204M (80%)         198M (77%)    
[11.680s][info][gc,heap     ] GC(1) O:      Used:       52M (20%)          52M (20%)          52M (20%)          52M (20%)          58M (23%)          52M (20%)    
[11.680s][info][gc,heap     ] GC(1) O: Old Generation Statistics:
[11.680s][info][gc,heap     ] GC(1) O:                Mark Start          Mark End        Relocate Start      Relocate End    
[11.680s][info][gc,heap     ] GC(1) O:      Used:        0M (0%)           26M (10%)          26M (10%)          26M (10%)    
[11.680s][info][gc,heap     ] GC(1) O:      Live:         -                 0M (0%)            0M (0%)            0M (0%)     
[11.680s][info][gc,heap     ] GC(1) O:   Garbage:         -                 0M (0%)            0M (0%)            0M (0%)     
[11.680s][info][gc,heap     ] GC(1) O: Allocated:         -                26M (10%)          26M (10%)          26M (10%)    
[11.680s][info][gc,heap     ] GC(1) O: Reclaimed:         -                  -                 0M (0%)            0M (0%)     
[11.680s][info][gc,heap     ] GC(1) O: Compacted:         -                  -                  -                 0M (0%)     
[11.681s][info][gc,phases   ] GC(1) O: Old Generation 52M(20%)->52M(20%) 0.008s
[11.681s][info][gc          ] GC(1) Major Collection (Warmup) 52M(20%)->52M(20%) 0.033s
[18.317s][info][gc          ] GC(2) Major Collection (Warmup)
[18.317s][info][gc,task     ] GC(2) Using 2 Workers for Young Generation
[18.317s][info][gc,task     ] GC(2) Using 1 Workers for Old Generation
[18.317s][info][gc,phases   ] GC(2) Y: Young Generation
[18.317s][info][gc,phases   ] GC(2) Y: Pause Mark Start (Major) 0.040ms
[18.321s][info][gc,phases   ] GC(2) Y: Concurrent Mark 3.456ms
[18.321s][info][gc,phases   ] GC(2) Y: Pause Mark End 0.030ms
[18.321s][info][gc,phases   ] GC(2) Y: Concurrent Mark Free 0.008ms
[18.321s][info][gc,phases   ] GC(2) Y: Concurrent Reset Relocation Set 0.015ms
[18.322s][info][gc,reloc    ] GC(2) Y: Using tenuring threshold: 1 (Computed)
[18.323s][info][gc,phases   ] GC(2) Y: Concurrent Select Relocation Set 1.199ms
[18.323s][info][gc,phases   ] GC(2) Y: Pause Relocate Start 0.019ms
[18.324s][info][gc,phases   ] GC(2) Y: Concurrent Relocate 0.410ms
[18.324s][info][gc,alloc    ] GC(2) Y:                         Mark Start        Mark End      Relocate Start    Relocate End   
[18.324s][info][gc,alloc    ] GC(2) Y: Allocation Stalls:          0                0                0                0         
[18.324s][info][gc,load     ] GC(2) Y: Load: 0.00 (0%) / 0.00 (0%) / 0.00 (0%)
[18.324s][info][gc,mmu      ] GC(2) Y: MMU: 2ms/96.8%, 5ms/98.6%, 10ms/99.0%, 20ms/99.3%, 50ms/99.7%, 100ms/99.8%
[18.324s][info][gc,marking  ] GC(2) Y: Mark: 2 stripe(s), 2 proactive flush(es), 1 terminate flush(es), 0 completion(s), 0 continuation(s) 
[18.324s][info][gc,nmethod  ] GC(2) Y: NMethods: 275 registered, 8 unregistered
[18.324s][info][gc,metaspace] GC(2) Y: Metaspace: 0M used, 0M committed, 1088M reserved
[18.324s][info][gc,reloc    ] GC(2) Y:                        Candidates     Selected     In-Place         Size        Empty    Relocated 
[18.324s][info][gc,reloc    ] GC(2) Y: Small Pages:                    2            1            0           4M           0M           0M 
[18.324s][info][gc,reloc    ] GC(2) Y: Medium Pages:                   0            0            0           0M           0M           0M 
[18.324s][info][gc,reloc    ] GC(2) Y: Large Pages:                   24            0            0          48M           0M           0M 
[18.324s][info][gc,reloc    ] GC(2) Y: Forwarding Usage: 0M
[18.324s][info][gc,reloc    ] GC(2) Y: Age Table:
[18.324s][info][gc,reloc    ] GC(2) Y:                    Live             Garbage             Small              Medium             Large        
[18.324s][info][gc,reloc    ] GC(2) Y: Eden              26M (10%)           1M (1%)           1 / 0              0 / 0             13 / 0        
[18.324s][info][gc,reloc    ] GC(2) Y: Survivor 1        22M (9%)            1M (1%)           1 / 1              0 / 0             11 / 0        
[18.324s][info][gc,heap     ] GC(2) Y: Min Capacity: 8M(3%)
[18.324s][info][gc,heap     ] GC(2) Y: Max Capacity: 256M(100%)
[18.324s][info][gc,heap     ] GC(2) Y: Soft Max Capacity: 256M(100%)
[18.324s][info][gc,heap     ] GC(2) Y: Heap Statistics:
[18.325s][info][gc,heap     ] GC(2) Y:                Mark Start          Mark End        Relocate Start      Relocate End           High               Low         
[18.325s][info][gc,heap     ] GC(2) Y:  Capacity:      190M (74%)         190M (74%)         190M (74%)         190M (74%)         190M (74%)         190M (74%)    
[18.325s][info][gc,heap     ] GC(2) Y:      Free:      178M (70%)         176M (69%)         176M (69%)         176M (69%)         178M (70%)         172M (67%)    
[18.325s][info][gc,heap     ] GC(2) Y:      Used:       78M (30%)          80M (31%)          80M (31%)          80M (31%)          84M (33%)          78M (30%)    
[18.325s][info][gc,heap     ] GC(2) Y: Young Generation Statistics:
[18.325s][info][gc,heap     ] GC(2) Y:                Mark Start          Mark End        Relocate Start      Relocate End    
[18.325s][info][gc,heap     ] GC(2) Y:      Used:       52M (20%)          54M (21%)          32M (12%)          30M (12%)    
[18.325s][info][gc,heap     ] GC(2) Y:      Live:         -                48M (19%)          26M (10%)          26M (10%)    
[18.325s][info][gc,heap     ] GC(2) Y:   Garbage:         -                 3M (2%)            3M (2%)            0M (0%)     
[18.325s][info][gc,heap     ] GC(2) Y: Allocated:         -                 2M (1%)            2M (1%)            3M (2%)     
[18.325s][info][gc,heap     ] GC(2) Y: Reclaimed:         -                  -                 0M (0%)            3M (2%)     
[18.325s][info][gc,heap     ] GC(2) Y:  Promoted:         -                  -                22M (9%)           22M (9%)     
[18.325s][info][gc,heap     ] GC(2) Y: Compacted:         -                  -                  -                 0M (0%)     
[18.325s][info][gc,phases   ] GC(2) Y: Young Generation 78M(30%)->80M(31%) 0.007s
[18.325s][info][gc,phases   ] GC(2) O: Old Generation
[18.334s][info][gc,phases   ] GC(2) O: Concurrent Mark 9.053ms
[18.334s][info][gc,phases   ] GC(2) O: Pause Mark End 0.033ms
[18.335s][info][gc,phases   ] GC(2) O: Concurrent Mark Free 0.003ms
[18.337s][info][gc,phases   ] GC(2) O: Concurrent Process Non-Strong 1.956ms
[18.337s][info][gc,phases   ] GC(2) O: Concurrent Reset Relocation Set 0.001ms
[18.338s][info][gc,phases   ] GC(2) O: Concurrent Select Relocation Set 0.667ms
[18.338s][info][gc,task     ] GC(2) O: Using 2 Workers for Old Generation
[18.338s][info][gc,task     ] GC(2) O: Using 1 Workers for Old Generation
[18.338s][info][gc,phases   ] GC(2) O: Concurrent Remap Roots 0.869ms
[18.339s][info][gc,phases   ] GC(2) O: Pause Relocate Start 0.024ms
[18.348s][info][gc,phases   ] GC(2) O: Concurrent Relocate 8.904ms
[18.348s][info][gc,alloc    ] GC(2) O:                         Mark Start        Mark End      Relocate Start    Relocate End   
[18.348s][info][gc,alloc    ] GC(2) O: Allocation Stalls:          0                0                0                0         
[18.348s][info][gc,load     ] GC(2) O: Load: 0.00 (0%) / 0.00 (0%) / 0.00 (0%)
[18.348s][info][gc,mmu      ] GC(2) O: MMU: 2ms/96.8%, 5ms/98.6%, 10ms/99.0%, 20ms/99.3%, 50ms/99.7%, 100ms/99.8%
[18.348s][info][gc,marking  ] GC(2) O: Mark: 1 stripe(s), 2 proactive flush(es), 1 terminate flush(es), 0 completion(s), 0 continuation(s) 
[18.348s][info][gc,nmethod  ] GC(2) O: NMethods: 275 registered, 8 unregistered
[18.348s][info][gc,metaspace] GC(2) O: Metaspace: 0M used, 0M committed, 1088M reserved
[18.348s][info][gc,ref      ] GC(2) O:                       Encountered   Discovered     Enqueued 
[18.348s][info][gc,ref      ] GC(2) O: Soft References:               63            0            0 
[18.348s][info][gc,ref      ] GC(2) O: Weak References:               98           69            9 
[18.348s][info][gc,ref      ] GC(2) O: Final References:               0            0            0 
[18.349s][info][gc,ref      ] GC(2) O: Phantom References:             1            1            0 
[18.349s][info][gc,reloc    ] GC(2) O:                        Candidates     Selected     In-Place         Size        Empty    Relocated 
[18.349s][info][gc,reloc    ] GC(2) O: Small Pages:                    2            1            0           4M           0M           1M 
[18.349s][info][gc,reloc    ] GC(2) O: Medium Pages:                   0            0            0           0M           0M           0M 
[18.349s][info][gc,reloc    ] GC(2) O: Large Pages:                   11            0            0          22M           0M           0M 
[18.349s][info][gc,reloc    ] GC(2) O: Forwarding Usage: 0M
[18.349s][info][gc,heap     ] GC(2) O: Min Capacity: 8M(3%)
[18.349s][info][gc,heap     ] GC(2) O: Max Capacity: 256M(100%)
[18.349s][info][gc,heap     ] GC(2) O: Soft Max Capacity: 256M(100%)
[18.349s][info][gc,heap     ] GC(2) O: Heap Statistics:
[18.349s][info][gc,heap     ] GC(2) O:                Mark Start          Mark End        Relocate Start      Relocate End           High               Low         
[18.349s][info][gc,heap     ] GC(2) O:  Capacity:      190M (74%)         190M (74%)         190M (74%)         190M (74%)         190M (74%)         190M (74%)    
[18.349s][info][gc,heap     ] GC(2) O:      Free:      178M (70%)         176M (69%)         176M (69%)         178M (70%)         178M (70%)         172M (67%)    
[18.349s][info][gc,heap     ] GC(2) O:      Used:       78M (30%)          80M (31%)          80M (31%)          78M (30%)          84M (33%)          78M (30%)    
[18.349s][info][gc,heap     ] GC(2) O: Old Generation Statistics:
[18.349s][info][gc,heap     ] GC(2) O:                Mark Start          Mark End        Relocate Start      Relocate End    
[18.349s][info][gc,heap     ] GC(2) O:      Used:       26M (10%)          50M (20%)          50M (20%)          48M (19%)    
[18.349s][info][gc,heap     ] GC(2) O:      Live:         -                23M (9%)           23M (9%)           23M (9%)     
[18.349s][info][gc,heap     ] GC(2) O:   Garbage:         -                 2M (1%)            2M (1%)            0M (0%)     
[18.349s][info][gc,heap     ] GC(2) O: Allocated:         -                24M (9%)           24M (9%)           24M (10%)    
[18.349s][info][gc,heap     ] GC(2) O: Reclaimed:         -                  -                 0M (0%)            2M (1%)     
[18.349s][info][gc,heap     ] GC(2) O: Compacted:         -                  -                  -                 1M (1%)     
[18.349s][info][gc,phases   ] GC(2) O: Old Generation 80M(31%)->78M(30%) 0.023s
[18.350s][info][gc          ] GC(2) Major Collection (Warmup) 78M(30%)->78M(30%) 0.033s
[25.006s][info][gc          ] GC(3) Major Collection (Proactive)
[25.007s][info][gc,task     ] GC(3) Using 1 Workers for Young Generation
[25.007s][info][gc,task     ] GC(3) Using 1 Workers for Old Generation
[25.007s][info][gc,phases   ] GC(3) Y: Young Generation
[25.007s][info][gc,phases   ] GC(3) Y: Pause Mark Start (Major) 0.034ms
[25.011s][info][gc,phases   ] GC(3) Y: Concurrent Mark 3.565ms
[25.011s][info][gc,phases   ] GC(3) Y: Pause Mark End 0.026ms
[25.011s][info][gc,phases   ] GC(3) Y: Concurrent Mark Free 0.006ms
[25.011s][info][gc,phases   ] GC(3) Y: Concurrent Reset Relocation Set 0.012ms
[25.011s][info][gc,reloc    ] GC(3) Y: Using tenuring threshold: 1 (Computed)
[25.013s][info][gc,phases   ] GC(3) Y: Concurrent Select Relocation Set 1.968ms
[25.014s][info][gc,phases   ] GC(3) Y: Pause Relocate Start 0.017ms
[25.014s][info][gc,phases   ] GC(3) Y: Concurrent Relocate 0.240ms
[25.014s][info][gc,alloc    ] GC(3) Y:                         Mark Start        Mark End      Relocate Start    Relocate End   
[25.014s][info][gc,alloc    ] GC(3) Y: Allocation Stalls:          0                0                0                0         
[25.014s][info][gc,load     ] GC(3) Y: Load: 0.00 (0%) / 0.00 (0%) / 0.00 (0%)
[25.014s][info][gc,mmu      ] GC(3) Y: MMU: 2ms/96.8%, 5ms/98.6%, 10ms/99.0%, 20ms/99.3%, 50ms/99.7%, 100ms/99.8%
[25.014s][info][gc,marking  ] GC(3) Y: Mark: 1 stripe(s), 2 proactive flush(es), 1 terminate flush(es), 0 completion(s), 0 continuation(s) 
[25.014s][info][gc,nmethod  ] GC(3) Y: NMethods: 288 registered, 8 unregistered
[25.014s][info][gc,metaspace] GC(3) Y: Metaspace: 0M used, 0M committed, 1088M reserved
[25.014s][info][gc,reloc    ] GC(3) Y:                        Candidates     Selected     In-Place         Size        Empty    Relocated 
[25.014s][info][gc,reloc    ] GC(3) Y: Small Pages:                    2            0            0           4M           2M           0M 
[25.014s][info][gc,reloc    ] GC(3) Y: Medium Pages:                   0            0            0           0M           0M           0M 
[25.014s][info][gc,reloc    ] GC(3) Y: Large Pages:                   26            0            0          52M           0M           0M 
[25.014s][info][gc,reloc    ] GC(3) Y: Forwarding Usage: 0M
[25.015s][info][gc,reloc    ] GC(3) Y: Age Table:
[25.015s][info][gc,reloc    ] GC(3) Y:                    Live             Garbage             Small              Medium             Large        
[25.015s][info][gc,reloc    ] GC(3) Y: Eden              26M (10%)           2M (1%)           1 / 0              0 / 0             13 / 0        
[25.015s][info][gc,reloc    ] GC(3) Y: Survivor 1        26M (10%)           1M (1%)           1 / 0              0 / 0             13 / 0        
[25.015s][info][gc,heap     ] GC(3) Y: Min Capacity: 8M(3%)
[25.015s][info][gc,heap     ] GC(3) Y: Max Capacity: 256M(100%)
[25.015s][info][gc,heap     ] GC(3) Y: Soft Max Capacity: 256M(100%)
[25.015s][info][gc,heap     ] GC(3) Y: Heap Statistics:
[25.015s][info][gc,heap     ] GC(3) Y:                Mark Start          Mark End        Relocate Start      Relocate End           High               Low         
[25.015s][info][gc,heap     ] GC(3) Y:  Capacity:      190M (74%)         190M (74%)         190M (74%)         190M (74%)         190M (74%)         190M (74%)    
[25.015s][info][gc,heap     ] GC(3) Y:      Free:      152M (59%)         150M (59%)         152M (59%)         152M (59%)         152M (59%)         150M (59%)    
[25.015s][info][gc,heap     ] GC(3) Y:      Used:      104M (41%)         106M (41%)         104M (41%)         104M (41%)         106M (41%)         104M (41%)    
[25.015s][info][gc,heap     ] GC(3) Y: Young Generation Statistics:
[25.015s][info][gc,heap     ] GC(3) Y:                Mark Start          Mark End        Relocate Start      Relocate End    
[25.015s][info][gc,heap     ] GC(3) Y:      Used:       56M (22%)          58M (23%)          28M (11%)          28M (11%)    
[25.015s][info][gc,heap     ] GC(3) Y:      Live:         -                52M (20%)          26M (10%)          26M (10%)    
[25.015s][info][gc,heap     ] GC(3) Y:   Garbage:         -                 3M (2%)            0M (0%)            0M (0%)     
[25.015s][info][gc,heap     ] GC(3) Y: Allocated:         -                 2M (1%)            2M (1%)            2M (1%)     
[25.015s][info][gc,heap     ] GC(3) Y: Reclaimed:         -                  -                 3M (2%)            3M (2%)     
[25.015s][info][gc,heap     ] GC(3) Y:  Promoted:         -                  -                26M (10%)          26M (10%)    
[25.015s][info][gc,heap     ] GC(3) Y: Compacted:         -                  -                  -                 0M (0%)     
[25.015s][info][gc,phases   ] GC(3) Y: Young Generation 104M(41%)->104M(41%) 0.007s
[25.016s][info][gc,phases   ] GC(3) O: Old Generation
[25.033s][info][gc,phases   ] GC(3) O: Concurrent Mark 17.393ms
[25.033s][info][gc,phases   ] GC(3) O: Pause Mark End 0.032ms
[25.033s][info][gc,phases   ] GC(3) O: Concurrent Mark Free 0.008ms
[25.035s][info][gc,phases   ] GC(3) O: Concurrent Process Non-Strong 1.791ms
[25.035s][info][gc,phases   ] GC(3) O: Concurrent Reset Relocation Set 0.002ms
[25.036s][info][gc,phases   ] GC(3) O: Concurrent Select Relocation Set 0.214ms
[25.036s][info][gc,task     ] GC(3) O: Using 2 Workers for Old Generation
[25.037s][info][gc,task     ] GC(3) O: Using 1 Workers for Old Generation
[25.037s][info][gc,phases   ] GC(3) O: Concurrent Remap Roots 0.981ms
[25.037s][info][gc,phases   ] GC(3) O: Pause Relocate Start 0.023ms
[25.044s][info][gc,phases   ] GC(3) O: Concurrent Relocate 6.558ms
[25.044s][info][gc,alloc    ] GC(3) O:                         Mark Start        Mark End      Relocate Start    Relocate End   
[25.044s][info][gc,alloc    ] GC(3) O: Allocation Stalls:          0                0                0                0         
[25.044s][info][gc,load     ] GC(3) O: Load: 0.00 (0%) / 0.00 (0%) / 0.00 (0%)
[25.044s][info][gc,mmu      ] GC(3) O: MMU: 2ms/96.8%, 5ms/98.6%, 10ms/99.0%, 20ms/99.3%, 50ms/99.7%, 100ms/99.8%
[25.044s][info][gc,marking  ] GC(3) O: Mark: 1 stripe(s), 2 proactive flush(es), 1 terminate flush(es), 0 completion(s), 0 continuation(s) 
[25.044s][info][gc,nmethod  ] GC(3) O: NMethods: 288 registered, 8 unregistered
[25.044s][info][gc,metaspace] GC(3) O: Metaspace: 0M used, 0M committed, 1088M reserved
[25.044s][info][gc,ref      ] GC(3) O:                       Encountered   Discovered     Enqueued 
[25.044s][info][gc,ref      ] GC(3) O: Soft References:               63            0            0 
[25.044s][info][gc,ref      ] GC(3) O: Weak References:               89           60            0 
[25.044s][info][gc,ref      ] GC(3) O: Final References:               0            0            0 
[25.044s][info][gc,ref      ] GC(3) O: Phantom References:             1            1            0 
[25.044s][info][gc,reloc    ] GC(3) O:                        Candidates     Selected     In-Place         Size        Empty    Relocated 
[25.044s][info][gc,reloc    ] GC(3) O: Small Pages:                    2            1            0           4M           0M           1M 
[25.045s][info][gc,reloc    ] GC(3) O: Medium Pages:                   0            0            0           0M           0M           0M 
[25.045s][info][gc,reloc    ] GC(3) O: Large Pages:                   22            0            0          44M           0M           0M 
[25.045s][info][gc,reloc    ] GC(3) O: Forwarding Usage: 0M
[25.045s][info][gc,heap     ] GC(3) O: Min Capacity: 8M(3%)
[25.045s][info][gc,heap     ] GC(3) O: Max Capacity: 256M(100%)
[25.045s][info][gc,heap     ] GC(3) O: Soft Max Capacity: 256M(100%)
[25.045s][info][gc,heap     ] GC(3) O: Heap Statistics:
[25.045s][info][gc,heap     ] GC(3) O:                Mark Start          Mark End        Relocate Start      Relocate End           High               Low         
[25.045s][info][gc,heap     ] GC(3) O:  Capacity:      190M (74%)         190M (74%)         190M (74%)         190M (74%)         190M (74%)         190M (74%)    
[25.045s][info][gc,heap     ] GC(3) O:      Free:      152M (59%)         152M (59%)         152M (59%)         154M (60%)         154M (60%)         150M (59%)    
[25.045s][info][gc,heap     ] GC(3) O:      Used:      104M (41%)         104M (41%)         104M (41%)         102M (40%)         106M (41%)         102M (40%)    
[25.045s][info][gc,heap     ] GC(3) O: Old Generation Statistics:
[25.045s][info][gc,heap     ] GC(3) O:                Mark Start          Mark End        Relocate Start      Relocate End    
[25.045s][info][gc,heap     ] GC(3) O:      Used:       48M (19%)          76M (30%)          76M (30%)          74M (29%)    
[25.045s][info][gc,heap     ] GC(3) O:      Live:         -                45M (18%)          45M (18%)          45M (18%)    
[25.045s][info][gc,heap     ] GC(3) O:   Garbage:         -                 2M (1%)            2M (1%)            0M (0%)     
[25.045s][info][gc,heap     ] GC(3) O: Allocated:         -                28M (11%)          28M (11%)          28M (11%)    
[25.045s][info][gc,heap     ] GC(3) O: Reclaimed:         -                  -                 0M (0%)            2M (1%)     
[25.045s][info][gc,heap     ] GC(3) O: Compacted:         -                  -                  -                 1M (1%)     
[25.045s][info][gc,phases   ] GC(3) O: Old Generation 104M(41%)->102M(40%) 0.028s
[25.046s][info][gc          ] GC(3) Major Collection (Proactive) 104M(41%)->102M(40%) 0.039s
[31.716s][info][gc          ] GC(4) Major Collection (Proactive)
[31.717s][info][gc,task     ] GC(4) Using 1 Workers for Young Generation
[31.717s][info][gc,task     ] GC(4) Using 1 Workers for Old Generation
[31.717s][info][gc,phases   ] GC(4) Y: Young Generation
[31.717s][info][gc,phases   ] GC(4) Y: Pause Mark Start (Major) 0.030ms
[31.720s][info][gc,phases   ] GC(4) Y: Concurrent Mark 3.272ms
[31.721s][info][gc,phases   ] GC(4) Y: Pause Mark End 0.039ms
[31.721s][info][gc,phases   ] GC(4) Y: Concurrent Mark Free 0.003ms
[31.721s][info][gc,phases   ] GC(4) Y: Concurrent Reset Relocation Set 0.020ms
[31.721s][info][gc,reloc    ] GC(4) Y: Using tenuring threshold: 1 (Computed)
[31.722s][info][gc,phases   ] GC(4) Y: Concurrent Select Relocation Set 1.606ms
[31.723s][info][gc,phases   ] GC(4) Y: Pause Relocate Start 0.022ms
[31.723s][info][gc,phases   ] GC(4) Y: Concurrent Relocate 0.274ms
[31.723s][info][gc,alloc    ] GC(4) Y:                         Mark Start        Mark End      Relocate Start    Relocate End   
[31.724s][info][gc,alloc    ] GC(4) Y: Allocation Stalls:          0                0                0                0         
[31.724s][info][gc,load     ] GC(4) Y: Load: 0.00 (0%) / 0.00 (0%) / 0.00 (0%)
[31.724s][info][gc,mmu      ] GC(4) Y: MMU: 2ms/96.8%, 5ms/98.6%, 10ms/99.0%, 20ms/99.3%, 50ms/99.7%, 100ms/99.8%
[31.724s][info][gc,marking  ] GC(4) Y: Mark: 1 stripe(s), 2 proactive flush(es), 1 terminate flush(es), 0 completion(s), 0 continuation(s) 
[31.724s][info][gc,nmethod  ] GC(4) Y: NMethods: 291 registered, 8 unregistered
[31.724s][info][gc,metaspace] GC(4) Y: Metaspace: 0M used, 0M committed, 1088M reserved
[31.724s][info][gc,reloc    ] GC(4) Y:                        Candidates     Selected     In-Place         Size        Empty    Relocated 
[31.724s][info][gc,reloc    ] GC(4) Y: Small Pages:                    1            0            0           2M           0M           0M 
[31.724s][info][gc,reloc    ] GC(4) Y: Medium Pages:                   0            0            0           0M           0M           0M 
[31.724s][info][gc,reloc    ] GC(4) Y: Large Pages:                   26            0            0          52M           0M           0M 
[31.724s][info][gc,reloc    ] GC(4) Y: Forwarding Usage: 0M
[31.724s][info][gc,reloc    ] GC(4) Y: Age Table:
[31.724s][info][gc,reloc    ] GC(4) Y:                    Live             Garbage             Small              Medium             Large        
[31.724s][info][gc,reloc    ] GC(4) Y: Eden              26M (10%)           1M (1%)           1 / 0              0 / 0             13 / 0        
[31.724s][info][gc,reloc    ] GC(4) Y: Survivor 1        26M (10%)           0M (0%)           0 / 0              0 / 0             13 / 0        
[31.724s][info][gc,heap     ] GC(4) Y: Min Capacity: 8M(3%)
[31.724s][info][gc,heap     ] GC(4) Y: Max Capacity: 256M(100%)
[31.724s][info][gc,heap     ] GC(4) Y: Soft Max Capacity: 256M(100%)
[31.725s][info][gc,heap     ] GC(4) Y: Heap Statistics:
[31.725s][info][gc,heap     ] GC(4) Y:                Mark Start          Mark End        Relocate Start      Relocate End           High               Low         
[31.725s][info][gc,heap     ] GC(4) Y:  Capacity:      190M (74%)         190M (74%)         190M (74%)         190M (74%)         190M (74%)         190M (74%)    
[31.725s][info][gc,heap     ] GC(4) Y:      Free:      128M (50%)         126M (49%)         126M (49%)         126M (49%)         128M (50%)         126M (49%)    
[31.725s][info][gc,heap     ] GC(4) Y:      Used:      128M (50%)         130M (51%)         130M (51%)         130M (51%)         130M (51%)         128M (50%)    
[31.725s][info][gc,heap     ] GC(4) Y: Young Generation Statistics:
[31.725s][info][gc,heap     ] GC(4) Y:                Mark Start          Mark End        Relocate Start      Relocate End    
[31.725s][info][gc,heap     ] GC(4) Y:      Used:       54M (21%)          56M (22%)          30M (12%)          30M (12%)    
[31.725s][info][gc,heap     ] GC(4) Y:      Live:         -                52M (20%)          26M (10%)          26M (10%)    
[31.725s][info][gc,heap     ] GC(4) Y:   Garbage:         -                 1M (1%)            1M (1%)            1M (1%)     
[31.725s][info][gc,heap     ] GC(4) Y: Allocated:         -                 2M (1%)            2M (1%)            2M (1%)     
[31.725s][info][gc,heap     ] GC(4) Y: Reclaimed:         -                  -                 0M (0%)            0M (0%)     
[31.725s][info][gc,heap     ] GC(4) Y:  Promoted:         -                  -                26M (10%)          26M (10%)    
[31.725s][info][gc,heap     ] GC(4) Y: Compacted:         -                  -                  -                 0M (0%)     
[31.725s][info][gc,phases   ] GC(4) Y: Young Generation 128M(50%)->130M(51%) 0.007s
[31.725s][info][gc,phases   ] GC(4) O: Old Generation
[31.739s][info][gc,phases   ] GC(4) O: Concurrent Mark 14.283ms
[31.740s][info][gc,phases   ] GC(4) O: Pause Mark End 0.030ms
[31.740s][info][gc,phases   ] GC(4) O: Concurrent Mark Free 0.008ms
[31.742s][info][gc,phases   ] GC(4) O: Concurrent Process Non-Strong 1.722ms
[31.742s][info][gc,phases   ] GC(4) O: Concurrent Reset Relocation Set 0.003ms
[31.742s][info][gc,phases   ] GC(4) O: Concurrent Select Relocation Set 0.224ms
[31.742s][info][gc,task     ] GC(4) O: Using 2 Workers for Old Generation
[31.743s][info][gc,task     ] GC(4) O: Using 1 Workers for Old Generation
[31.743s][info][gc,phases   ] GC(4) O: Concurrent Remap Roots 0.886ms
[31.743s][info][gc,phases   ] GC(4) O: Pause Relocate Start 0.023ms
[31.744s][info][gc,phases   ] GC(4) O: Concurrent Relocate 0.141ms
[31.744s][info][gc,alloc    ] GC(4) O:                         Mark Start        Mark End      Relocate Start    Relocate End   
[31.744s][info][gc,alloc    ] GC(4) O: Allocation Stalls:          0                0                0                0         
[31.744s][info][gc,load     ] GC(4) O: Load: 0.00 (0%) / 0.00 (0%) / 0.00 (0%)
[31.744s][info][gc,mmu      ] GC(4) O: MMU: 2ms/96.8%, 5ms/98.6%, 10ms/99.0%, 20ms/99.3%, 50ms/99.7%, 100ms/99.8%
[31.744s][info][gc,marking  ] GC(4) O: Mark: 1 stripe(s), 2 proactive flush(es), 1 terminate flush(es), 0 completion(s), 0 continuation(s) 
[31.744s][info][gc,nmethod  ] GC(4) O: NMethods: 291 registered, 8 unregistered
[31.744s][info][gc,metaspace] GC(4) O: Metaspace: 0M used, 0M committed, 1088M reserved
[31.744s][info][gc,ref      ] GC(4) O:                       Encountered   Discovered     Enqueued 
[31.744s][info][gc,ref      ] GC(4) O: Soft References:               63            0            0 
[31.744s][info][gc,ref      ] GC(4) O: Weak References:               89           60            0 
[31.744s][info][gc,ref      ] GC(4) O: Final References:               0            0            0 
[31.744s][info][gc,ref      ] GC(4) O: Phantom References:             1            1            0 
[31.744s][info][gc,reloc    ] GC(4) O:                        Candidates     Selected     In-Place         Size        Empty    Relocated 
[31.744s][info][gc,reloc    ] GC(4) O: Small Pages:                    2            0            0           4M           2M           0M 
[31.744s][info][gc,reloc    ] GC(4) O: Medium Pages:                   0            0            0           0M           0M           0M 
[31.744s][info][gc,reloc    ] GC(4) O: Large Pages:                   35            0            0          70M           0M           0M 
[31.744s][info][gc,reloc    ] GC(4) O: Forwarding Usage: 0M
[31.744s][info][gc,heap     ] GC(4) O: Min Capacity: 8M(3%)
[31.744s][info][gc,heap     ] GC(4) O: Max Capacity: 256M(100%)
[31.744s][info][gc,heap     ] GC(4) O: Soft Max Capacity: 256M(100%)
[31.744s][info][gc,heap     ] GC(4) O: Heap Statistics:
[31.744s][info][gc,heap     ] GC(4) O:                Mark Start          Mark End        Relocate Start      Relocate End           High               Low         
[31.744s][info][gc,heap     ] GC(4) O:  Capacity:      190M (74%)         190M (74%)         190M (74%)         190M (74%)         190M (74%)         190M (74%)    
[31.744s][info][gc,heap     ] GC(4) O:      Free:      128M (50%)         126M (49%)         128M (50%)         128M (50%)         128M (50%)         126M (49%)    
[31.745s][info][gc,heap     ] GC(4) O:      Used:      128M (50%)         130M (51%)         128M (50%)         128M (50%)         130M (51%)         128M (50%)    
[31.745s][info][gc,heap     ] GC(4) O: Old Generation Statistics:
[31.745s][info][gc,heap     ] GC(4) O:                Mark Start          Mark End        Relocate Start      Relocate End    
[31.745s][info][gc,heap     ] GC(4) O:      Used:       74M (29%)         100M (39%)          98M (38%)          98M (38%)    
[31.745s][info][gc,heap     ] GC(4) O:      Live:         -                71M (28%)          71M (28%)          71M (28%)    
[31.745s][info][gc,heap     ] GC(4) O:   Garbage:         -                 2M (1%)            0M (0%)            0M (0%)     
[31.745s][info][gc,heap     ] GC(4) O: Allocated:         -                26M (10%)          26M (10%)          26M (10%)    
[31.745s][info][gc,heap     ] GC(4) O: Reclaimed:         -                  -                 2M (1%)            2M (1%)     
[31.745s][info][gc,heap     ] GC(4) O: Compacted:         -                  -                  -                 0M (0%)     
[31.745s][info][gc,phases   ] GC(4) O: Old Generation 130M(51%)->128M(50%) 0.019s
[31.745s][info][gc          ] GC(4) Major Collection (Proactive) 128M(50%)->128M(50%) 0.029s
[38.419s][info][gc          ] GC(5) Major Collection (Proactive)
[38.420s][info][gc,task     ] GC(5) Using 1 Workers for Young Generation
[38.420s][info][gc,task     ] GC(5) Using 1 Workers for Old Generation
[38.420s][info][gc,phases   ] GC(5) Y: Young Generation
[38.420s][info][gc,phases   ] GC(5) Y: Pause Mark Start (Major) 0.041ms
[38.423s][info][gc,phases   ] GC(5) Y: Concurrent Mark 3.112ms
[38.424s][info][gc,phases   ] GC(5) Y: Pause Mark End 0.024ms
[38.424s][info][gc,phases   ] GC(5) Y: Concurrent Mark Free 0.006ms
[38.424s][info][gc,phases   ] GC(5) Y: Concurrent Reset Relocation Set 0.013ms
[38.424s][info][gc,reloc    ] GC(5) Y: Using tenuring threshold: 1 (Computed)
[38.425s][info][gc,phases   ] GC(5) Y: Concurrent Select Relocation Set 0.983ms
[38.425s][info][gc,phases   ] GC(5) Y: Pause Relocate Start 0.014ms
[38.426s][info][gc,phases   ] GC(5) Y: Concurrent Relocate 0.407ms
[38.426s][info][gc,alloc    ] GC(5) Y:                         Mark Start        Mark End      Relocate Start    Relocate End   
[38.426s][info][gc,alloc    ] GC(5) Y: Allocation Stalls:          0                0                0                0         
[38.426s][info][gc,load     ] GC(5) Y: Load: 0.00 (0%) / 0.00 (0%) / 0.00 (0%)
[38.426s][info][gc,mmu      ] GC(5) Y: MMU: 2ms/96.8%, 5ms/98.6%, 10ms/99.0%, 20ms/99.3%, 50ms/99.7%, 100ms/99.8%
[38.426s][info][gc,marking  ] GC(5) Y: Mark: 1 stripe(s), 2 proactive flush(es), 1 terminate flush(es), 0 completion(s), 0 continuation(s) 
[38.426s][info][gc,nmethod  ] GC(5) Y: NMethods: 305 registered, 8 unregistered
[38.426s][info][gc,metaspace] GC(5) Y: Metaspace: 0M used, 0M committed, 1088M reserved
[38.426s][info][gc,reloc    ] GC(5) Y:                        Candidates     Selected     In-Place         Size        Empty    Relocated 
[38.426s][info][gc,reloc    ] GC(5) Y: Small Pages:                    2            1            0           4M           0M           0M 
[38.426s][info][gc,reloc    ] GC(5) Y: Medium Pages:                   0            0            0           0M           0M           0M 
[38.426s][info][gc,reloc    ] GC(5) Y: Large Pages:                   26            0            0          52M           0M           0M 
[38.426s][info][gc,reloc    ] GC(5) Y: Forwarding Usage: 0M
[38.426s][info][gc,reloc    ] GC(5) Y: Age Table:
[38.426s][info][gc,reloc    ] GC(5) Y:                    Live             Garbage             Small              Medium             Large        
[38.426s][info][gc,reloc    ] GC(5) Y: Eden              26M (10%)           1M (1%)           1 / 1              0 / 0             13 / 0        
[38.426s][info][gc,reloc    ] GC(5) Y: Survivor 1        26M (10%)           1M (1%)           1 / 0              0 / 0             13 / 0        
[38.426s][info][gc,heap     ] GC(5) Y: Min Capacity: 8M(3%)
[38.426s][info][gc,heap     ] GC(5) Y: Max Capacity: 256M(100%)
[38.426s][info][gc,heap     ] GC(5) Y: Soft Max Capacity: 256M(100%)
[38.426s][info][gc,heap     ] GC(5) Y: Heap Statistics:
[38.426s][info][gc,heap     ] GC(5) Y:                Mark Start          Mark End        Relocate Start      Relocate End           High               Low         
[38.427s][info][gc,heap     ] GC(5) Y:  Capacity:      190M (74%)         190M (74%)         190M (74%)         190M (74%)         190M (74%)         190M (74%)    
[38.427s][info][gc,heap     ] GC(5) Y:      Free:      102M (40%)         100M (39%)         100M (39%)         100M (39%)         102M (40%)          98M (38%)    
[38.427s][info][gc,heap     ] GC(5) Y:      Used:      154M (60%)         156M (61%)         156M (61%)         156M (61%)         158M (62%)         154M (60%)    
[38.427s][info][gc,heap     ] GC(5) Y: Young Generation Statistics:
[38.427s][info][gc,heap     ] GC(5) Y:                Mark Start          Mark End        Relocate Start      Relocate End    
[38.427s][info][gc,heap     ] GC(5) Y:      Used:       56M (22%)          58M (23%)          32M (12%)          30M (12%)    
[38.427s][info][gc,heap     ] GC(5) Y:      Live:         -                52M (20%)          26M (10%)          26M (10%)    
[38.427s][info][gc,heap     ] GC(5) Y:   Garbage:         -                 3M (2%)            3M (2%)            0M (0%)     
[38.427s][info][gc,heap     ] GC(5) Y: Allocated:         -                 2M (1%)            2M (1%)            3M (2%)     
[38.427s][info][gc,heap     ] GC(5) Y: Reclaimed:         -                  -                 0M (0%)            3M (2%)     
[38.427s][info][gc,heap     ] GC(5) Y:  Promoted:         -                  -                26M (10%)          26M (10%)    
[38.427s][info][gc,heap     ] GC(5) Y: Compacted:         -                  -                  -                 0M (0%)     
[38.427s][info][gc,phases   ] GC(5) Y: Young Generation 154M(60%)->156M(61%) 0.006s
[38.427s][info][gc,phases   ] GC(5) O: Old Generation
[38.437s][info][gc,phases   ] GC(5) O: Concurrent Mark 9.740ms
[38.437s][info][gc,phases   ] GC(5) O: Pause Mark End 0.028ms
[38.437s][info][gc,phases   ] GC(5) O: Concurrent Mark Free 0.003ms
[38.440s][info][gc,phases   ] GC(5) O: Concurrent Process Non-Strong 2.275ms
[38.440s][info][gc,phases   ] GC(5) O: Concurrent Reset Relocation Set 0.001ms
[38.440s][info][gc,phases   ] GC(5) O: Concurrent Select Relocation Set 0.188ms
[38.440s][info][gc,task     ] GC(5) O: Using 2 Workers for Old Generation
[38.441s][info][gc,task     ] GC(5) O: Using 1 Workers for Old Generation
[38.441s][info][gc,phases   ] GC(5) O: Concurrent Remap Roots 0.994ms
[38.441s][info][gc,phases   ] GC(5) O: Pause Relocate Start 0.021ms
[38.442s][info][gc,phases   ] GC(5) O: Concurrent Relocate 0.192ms
[38.442s][info][gc,alloc    ] GC(5) O:                         Mark Start        Mark End      Relocate Start    Relocate End   
[38.442s][info][gc,alloc    ] GC(5) O: Allocation Stalls:          0                0                0                0         
[38.442s][info][gc,load     ] GC(5) O: Load: 0.00 (0%) / 0.00 (0%) / 0.00 (0%)
[38.442s][info][gc,mmu      ] GC(5) O: MMU: 2ms/96.8%, 5ms/98.6%, 10ms/99.0%, 20ms/99.3%, 50ms/99.7%, 100ms/99.8%
[38.442s][info][gc,marking  ] GC(5) O: Mark: 1 stripe(s), 2 proactive flush(es), 1 terminate flush(es), 0 completion(s), 0 continuation(s) 
[38.442s][info][gc,nmethod  ] GC(5) O: NMethods: 304 registered, 9 unregistered
[38.442s][info][gc,metaspace] GC(5) O: Metaspace: 0M used, 0M committed, 1088M reserved
[38.442s][info][gc,ref      ] GC(5) O:                       Encountered   Discovered     Enqueued 
[38.442s][info][gc,ref      ] GC(5) O: Soft References:               63            0            0 
[38.442s][info][gc,ref      ] GC(5) O: Weak References:               89           60            0 
[38.442s][info][gc,ref      ] GC(5) O: Final References:               0            0            0 
[38.443s][info][gc,ref      ] GC(5) O: Phantom References:             1            1            0 
[38.443s][info][gc,reloc    ] GC(5) O:                        Candidates     Selected     In-Place         Size        Empty    Relocated 
[38.443s][info][gc,reloc    ] GC(5) O: Small Pages:                    1            0            0           2M           0M           0M 
[38.443s][info][gc,reloc    ] GC(5) O: Medium Pages:                   0            0            0           0M           0M           0M 
[38.443s][info][gc,reloc    ] GC(5) O: Large Pages:                   48            0            0          96M           0M           0M 
[38.443s][info][gc,reloc    ] GC(5) O: Forwarding Usage: 0M
[38.443s][info][gc,heap     ] GC(5) O: Min Capacity: 8M(3%)
[38.443s][info][gc,heap     ] GC(5) O: Max Capacity: 256M(100%)
[38.443s][info][gc,heap     ] GC(5) O: Soft Max Capacity: 256M(100%)
[38.443s][info][gc,heap     ] GC(5) O: Heap Statistics:
[38.443s][info][gc,heap     ] GC(5) O:                Mark Start          Mark End        Relocate Start      Relocate End           High               Low         
[38.443s][info][gc,heap     ] GC(5) O:  Capacity:      190M (74%)         190M (74%)         190M (74%)         190M (74%)         190M (74%)         190M (74%)    
[38.443s][info][gc,heap     ] GC(5) O:      Free:      102M (40%)         100M (39%)         100M (39%)         100M (39%)         102M (40%)          98M (38%)    
[38.443s][info][gc,heap     ] GC(5) O:      Used:      154M (60%)         156M (61%)         156M (61%)         156M (61%)         158M (62%)         154M (60%)    
[38.444s][info][gc,heap     ] GC(5) O: Old Generation Statistics:
[38.444s][info][gc,heap     ] GC(5) O:                Mark Start          Mark End        Relocate Start      Relocate End    
[38.444s][info][gc,heap     ] GC(5) O:      Used:       98M (38%)         126M (49%)         126M (49%)         126M (49%)    
[38.444s][info][gc,heap     ] GC(5) O:      Live:         -                97M (38%)          97M (38%)          97M (38%)    
[38.444s][info][gc,heap     ] GC(5) O:   Garbage:         -                 0M (0%)            0M (0%)            0M (0%)     
[38.444s][info][gc,heap     ] GC(5) O: Allocated:         -                28M (11%)          28M (11%)          28M (11%)    
[38.444s][info][gc,heap     ] GC(5) O: Reclaimed:         -                  -                 0M (0%)            0M (0%)     
[38.444s][info][gc,heap     ] GC(5) O: Compacted:         -                  -                  -                 0M (0%)     
[38.444s][info][gc,phases   ] GC(5) O: Old Generation 156M(61%)->156M(61%) 0.015s
[38.444s][info][gc          ] GC(5) Major Collection (Proactive) 154M(60%)->156M(61%) 0.025s
[45.108s][info][gc          ] GC(6) Major Collection (Proactive)
[45.109s][info][gc,task     ] GC(6) Using 1 Workers for Young Generation
[45.109s][info][gc,task     ] GC(6) Using 1 Workers for Old Generation
[45.109s][info][gc,phases   ] GC(6) Y: Young Generation
[45.109s][info][gc,phases   ] GC(6) Y: Pause Mark Start (Major) 0.025ms
[45.112s][info][gc,phases   ] GC(6) Y: Concurrent Mark 3.137ms
[45.112s][info][gc,phases   ] GC(6) Y: Pause Mark End 0.028ms
[45.113s][info][gc,phases   ] GC(6) Y: Concurrent Mark Free 0.005ms
[45.113s][info][gc,phases   ] GC(6) Y: Concurrent Reset Relocation Set 0.009ms
[45.113s][info][gc,reloc    ] GC(6) Y: Using tenuring threshold: 1 (Computed)
[45.114s][info][gc,phases   ] GC(6) Y: Concurrent Select Relocation Set 1.545ms
[45.115s][info][gc,phases   ] GC(6) Y: Pause Relocate Start 0.017ms
[45.115s][info][gc,phases   ] GC(6) Y: Concurrent Relocate 0.418ms
[45.115s][info][gc,alloc    ] GC(6) Y:                         Mark Start        Mark End      Relocate Start    Relocate End   
[45.115s][info][gc,alloc    ] GC(6) Y: Allocation Stalls:          0                0                0                0         
[45.115s][info][gc,load     ] GC(6) Y: Load: 0.00 (0%) / 0.00 (0%) / 0.00 (0%)
[45.115s][info][gc,mmu      ] GC(6) Y: MMU: 2ms/96.8%, 5ms/98.6%, 10ms/99.0%, 20ms/99.3%, 50ms/99.7%, 100ms/99.8%
[45.115s][info][gc,marking  ] GC(6) Y: Mark: 1 stripe(s), 2 proactive flush(es), 1 terminate flush(es), 0 completion(s), 0 continuation(s) 
[45.115s][info][gc,nmethod  ] GC(6) Y: NMethods: 304 registered, 9 unregistered
[45.116s][info][gc,metaspace] GC(6) Y: Metaspace: 0M used, 0M committed, 1088M reserved
[45.116s][info][gc,reloc    ] GC(6) Y:                        Candidates     Selected     In-Place         Size        Empty    Relocated 
[45.116s][info][gc,reloc    ] GC(6) Y: Small Pages:                    2            1            0           4M           0M           0M 
[45.116s][info][gc,reloc    ] GC(6) Y: Medium Pages:                   0            0            0           0M           0M           0M 
[45.116s][info][gc,reloc    ] GC(6) Y: Large Pages:                   26            0            0          52M           0M           0M 
[45.116s][info][gc,reloc    ] GC(6) Y: Forwarding Usage: 0M
[45.116s][info][gc,reloc    ] GC(6) Y: Age Table:
[45.116s][info][gc,reloc    ] GC(6) Y:                    Live             Garbage             Small              Medium             Large        
[45.116s][info][gc,reloc    ] GC(6) Y: Eden              26M (10%)           1M (1%)           1 / 1              0 / 0             13 / 0        
[45.116s][info][gc,reloc    ] GC(6) Y: Survivor 1        26M (10%)           1M (1%)           1 / 0              0 / 0             13 / 0        
[45.116s][info][gc,heap     ] GC(6) Y: Min Capacity: 8M(3%)
[45.116s][info][gc,heap     ] GC(6) Y: Max Capacity: 256M(100%)
[45.116s][info][gc,heap     ] GC(6) Y: Soft Max Capacity: 256M(100%)
[45.116s][info][gc,heap     ] GC(6) Y: Heap Statistics:
[45.116s][info][gc,heap     ] GC(6) Y:                Mark Start          Mark End        Relocate Start      Relocate End           High               Low         
[45.116s][info][gc,heap     ] GC(6) Y:  Capacity:      190M (74%)         190M (74%)         190M (74%)         190M (74%)         190M (74%)         190M (74%)    
[45.116s][info][gc,heap     ] GC(6) Y:      Free:       74M (29%)          72M (28%)          72M (28%)          72M (28%)          74M (29%)          70M (27%)    
[45.116s][info][gc,heap     ] GC(6) Y:      Used:      182M (71%)         184M (72%)         184M (72%)         184M (72%)         186M (73%)         182M (71%)    
[45.116s][info][gc,heap     ] GC(6) Y: Young Generation Statistics:
[45.116s][info][gc,heap     ] GC(6) Y:                Mark Start          Mark End        Relocate Start      Relocate End    
[45.116s][info][gc,heap     ] GC(6) Y:      Used:       56M (22%)          58M (23%)          32M (12%)          30M (12%)    
[45.117s][info][gc,heap     ] GC(6) Y:      Live:         -                52M (20%)          26M (10%)          26M (10%)    
[45.117s][info][gc,heap     ] GC(6) Y:   Garbage:         -                 3M (2%)            3M (2%)            0M (0%)     
[45.117s][info][gc,heap     ] GC(6) Y: Allocated:         -                 2M (1%)            2M (1%)            3M (2%)     
[45.117s][info][gc,heap     ] GC(6) Y: Reclaimed:         -                  -                 0M (0%)            3M (2%)     
[45.117s][info][gc,heap     ] GC(6) Y:  Promoted:         -                  -                26M (10%)          26M (10%)    
[45.117s][info][gc,heap     ] GC(6) Y: Compacted:         -                  -                  -                 0M (0%)     
[45.117s][info][gc,phases   ] GC(6) Y: Young Generation 182M(71%)->184M(72%) 0.006s
[45.117s][info][gc,phases   ] GC(6) O: Old Generation
[45.129s][info][gc,phases   ] GC(6) O: Concurrent Mark 12.409ms
[45.130s][info][gc,phases   ] GC(6) O: Pause Mark End 0.025ms
[45.130s][info][gc,phases   ] GC(6) O: Concurrent Mark Free 0.005ms
[45.131s][info][gc,phases   ] GC(6) O: Concurrent Process Non-Strong 1.502ms
[45.131s][info][gc,phases   ] GC(6) O: Concurrent Reset Relocation Set 0.001ms
[45.132s][info][gc,phases   ] GC(6) O: Concurrent Select Relocation Set 0.134ms
[45.132s][info][gc,task     ] GC(6) O: Using 2 Workers for Old Generation
[45.133s][info][gc,task     ] GC(6) O: Using 1 Workers for Old Generation
[45.133s][info][gc,phases   ] GC(6) O: Concurrent Remap Roots 1.325ms
[45.133s][info][gc,phases   ] GC(6) O: Pause Relocate Start 0.030ms
[45.133s][info][gc,phases   ] GC(6) O: Concurrent Relocate 0.135ms
[45.133s][info][gc,alloc    ] GC(6) O:                         Mark Start        Mark End      Relocate Start    Relocate End   
[45.134s][info][gc,alloc    ] GC(6) O: Allocation Stalls:          0                0                0                0         
[45.134s][info][gc,load     ] GC(6) O: Load: 0.00 (0%) / 0.00 (0%) / 0.00 (0%)
[45.134s][info][gc,mmu      ] GC(6) O: MMU: 2ms/96.8%, 5ms/98.6%, 10ms/99.0%, 20ms/99.3%, 50ms/99.7%, 100ms/99.8%
[45.134s][info][gc,marking  ] GC(6) O: Mark: 1 stripe(s), 2 proactive flush(es), 1 terminate flush(es), 0 completion(s), 0 continuation(s) 
[45.134s][info][gc,nmethod  ] GC(6) O: NMethods: 304 registered, 9 unregistered
[45.134s][info][gc,metaspace] GC(6) O: Metaspace: 0M used, 0M committed, 1088M reserved
[45.134s][info][gc,ref      ] GC(6) O:                       Encountered   Discovered     Enqueued 
[45.134s][info][gc,ref      ] GC(6) O: Soft References:               63            0            0 
[45.134s][info][gc,ref      ] GC(6) O: Weak References:               89           60            0 
[45.134s][info][gc,ref      ] GC(6) O: Final References:               0            0            0 
[45.134s][info][gc,ref      ] GC(6) O: Phantom References:             1            1            0 
[45.134s][info][gc,reloc    ] GC(6) O:                        Candidates     Selected     In-Place         Size        Empty    Relocated 
[45.134s][info][gc,reloc    ] GC(6) O: Small Pages:                    2            0            0           4M           2M           0M 
[45.134s][info][gc,reloc    ] GC(6) O: Medium Pages:                   0            0            0           0M           0M           0M 
[45.134s][info][gc,reloc    ] GC(6) O: Large Pages:                   61            0            0         122M           0M           0M 
[45.134s][info][gc,reloc    ] GC(6) O: Forwarding Usage: 0M
[45.134s][info][gc,heap     ] GC(6) O: Min Capacity: 8M(3%)
[45.134s][info][gc,heap     ] GC(6) O: Max Capacity: 256M(100%)
[45.135s][info][gc,heap     ] GC(6) O: Soft Max Capacity: 256M(100%)
[45.135s][info][gc,heap     ] GC(6) O: Heap Statistics:
[45.135s][info][gc,heap     ] GC(6) O:                Mark Start          Mark End        Relocate Start      Relocate End           High               Low         
[45.135s][info][gc,heap     ] GC(6) O:  Capacity:      190M (74%)         190M (74%)         190M (74%)         190M (74%)         190M (74%)         190M (74%)    
[45.135s][info][gc,heap     ] GC(6) O:      Free:       74M (29%)          72M (28%)          74M (29%)          74M (29%)          74M (29%)          70M (27%)    
[45.135s][info][gc,heap     ] GC(6) O:      Used:      182M (71%)         184M (72%)         182M (71%)         182M (71%)         186M (73%)         182M (71%)    
[45.135s][info][gc,heap     ] GC(6) O: Old Generation Statistics:
[45.135s][info][gc,heap     ] GC(6) O:                Mark Start          Mark End        Relocate Start      Relocate End    
[45.135s][info][gc,heap     ] GC(6) O:      Used:      126M (49%)         154M (60%)         152M (59%)         152M (59%)    
[45.135s][info][gc,heap     ] GC(6) O:      Live:         -               123M (48%)         123M (48%)         123M (48%)    
[45.135s][info][gc,heap     ] GC(6) O:   Garbage:         -                 2M (1%)            0M (0%)            0M (0%)     
[45.135s][info][gc,heap     ] GC(6) O: Allocated:         -                28M (11%)          28M (11%)          28M (11%)    
[45.135s][info][gc,heap     ] GC(6) O: Reclaimed:         -                  -                 2M (1%)            2M (1%)     
[45.135s][info][gc,heap     ] GC(6) O: Compacted:         -                  -                  -                 0M (0%)     
[45.135s][info][gc,phases   ] GC(6) O: Old Generation 184M(72%)->182M(71%) 0.017s
[45.135s][info][gc          ] GC(6) Major Collection (Proactive) 182M(71%)->182M(71%) 0.027s
[51.796s][info][gc          ] GC(7) Major Collection (Proactive)
[51.797s][info][gc,task     ] GC(7) Using 1 Workers for Young Generation
[51.797s][info][gc,task     ] GC(7) Using 1 Workers for Old Generation
[51.797s][info][gc,phases   ] GC(7) Y: Young Generation
[51.797s][info][gc,phases   ] GC(7) Y: Pause Mark Start (Major) 0.080ms
[51.801s][info][gc,phases   ] GC(7) Y: Concurrent Mark 3.489ms
[51.801s][info][gc,phases   ] GC(7) Y: Pause Mark End 0.024ms
[51.801s][info][gc,phases   ] GC(7) Y: Concurrent Mark Free 0.004ms
[51.801s][info][gc,phases   ] GC(7) Y: Concurrent Reset Relocation Set 0.010ms
[51.801s][info][gc,reloc    ] GC(7) Y: Using tenuring threshold: 1 (Computed)
[51.803s][info][gc,phases   ] GC(7) Y: Concurrent Select Relocation Set 2.300ms
[51.804s][info][gc,phases   ] GC(7) Y: Pause Relocate Start 0.019ms
[51.804s][info][gc,phases   ] GC(7) Y: Concurrent Relocate 0.208ms
[51.804s][info][gc,alloc    ] GC(7) Y:                         Mark Start        Mark End      Relocate Start    Relocate End   
[51.804s][info][gc,alloc    ] GC(7) Y: Allocation Stalls:          0                0                0                0         
[51.804s][info][gc,load     ] GC(7) Y: Load: 0.00 (0%) / 0.00 (0%) / 0.00 (0%)
[51.804s][info][gc,mmu      ] GC(7) Y: MMU: 2ms/96.0%, 5ms/97.9%, 10ms/98.8%, 20ms/99.3%, 50ms/99.7%, 100ms/99.8%
[51.804s][info][gc,marking  ] GC(7) Y: Mark: 1 stripe(s), 2 proactive flush(es), 1 terminate flush(es), 0 completion(s), 0 continuation(s) 
[51.804s][info][gc,nmethod  ] GC(7) Y: NMethods: 306 registered, 9 unregistered
[51.804s][info][gc,metaspace] GC(7) Y: Metaspace: 0M used, 0M committed, 1088M reserved
[51.804s][info][gc,reloc    ] GC(7) Y:                        Candidates     Selected     In-Place         Size        Empty    Relocated 
[51.804s][info][gc,reloc    ] GC(7) Y: Small Pages:                    2            0            0           4M           2M           0M 
[51.804s][info][gc,reloc    ] GC(7) Y: Medium Pages:                   0            0            0           0M           0M           0M 
[51.805s][info][gc,reloc    ] GC(7) Y: Large Pages:                   26            0            0          52M           0M           0M 
[51.805s][info][gc,reloc    ] GC(7) Y: Forwarding Usage: 0M
[51.805s][info][gc,reloc    ] GC(7) Y: Age Table:
[51.805s][info][gc,reloc    ] GC(7) Y:                    Live             Garbage             Small              Medium             Large        
[51.805s][info][gc,reloc    ] GC(7) Y: Eden              26M (10%)           2M (1%)           1 / 0              0 / 0             13 / 0        
[51.805s][info][gc,reloc    ] GC(7) Y: Survivor 1        26M (10%)           1M (1%)           1 / 0              0 / 0             13 / 0        
[51.805s][info][gc,heap     ] GC(7) Y: Min Capacity: 8M(3%)
[51.805s][info][gc,heap     ] GC(7) Y: Max Capacity: 256M(100%)
[51.805s][info][gc,heap     ] GC(7) Y: Soft Max Capacity: 256M(100%)
[51.805s][info][gc,heap     ] GC(7) Y: Heap Statistics:
[51.805s][info][gc,heap     ] GC(7) Y:                Mark Start          Mark End        Relocate Start      Relocate End           High               Low         
[51.805s][info][gc,heap     ] GC(7) Y:  Capacity:      208M (81%)         210M (82%)         210M (82%)         210M (82%)         210M (82%)         208M (81%)    
[51.805s][info][gc,heap     ] GC(7) Y:      Free:       48M (19%)          46M (18%)          48M (19%)          48M (19%)          48M (19%)          46M (18%)    
[51.805s][info][gc,heap     ] GC(7) Y:      Used:      208M (81%)         210M (82%)         208M (81%)         208M (81%)         210M (82%)         208M (81%)    
[51.805s][info][gc,heap     ] GC(7) Y: Young Generation Statistics:
[51.805s][info][gc,heap     ] GC(7) Y:                Mark Start          Mark End        Relocate Start      Relocate End    
[51.805s][info][gc,heap     ] GC(7) Y:      Used:       56M (22%)          58M (23%)          28M (11%)          28M (11%)    
[51.805s][info][gc,heap     ] GC(7) Y:      Live:         -                52M (20%)          26M (10%)          26M (10%)    
[51.805s][info][gc,heap     ] GC(7) Y:   Garbage:         -                 3M (2%)            0M (0%)            0M (0%)     
[51.805s][info][gc,heap     ] GC(7) Y: Allocated:         -                 2M (1%)            2M (1%)            2M (1%)     
[51.806s][info][gc,heap     ] GC(7) Y: Reclaimed:         -                  -                 3M (2%)            3M (2%)     
[51.806s][info][gc,heap     ] GC(7) Y:  Promoted:         -                  -                26M (10%)          26M (10%)    
[51.806s][info][gc,heap     ] GC(7) Y: Compacted:         -                  -                  -                 0M (0%)     
[51.806s][info][gc,phases   ] GC(7) Y: Young Generation 208M(81%)->208M(81%) 0.007s
[51.806s][info][gc,phases   ] GC(7) O: Old Generation
[51.816s][info][gc,phases   ] GC(7) O: Concurrent Mark 10.124ms
[51.816s][info][gc,phases   ] GC(7) O: Pause Mark End 0.026ms
[51.816s][info][gc,phases   ] GC(7) O: Concurrent Mark Free 0.005ms
[51.819s][info][gc,phases   ] GC(7) O: Concurrent Process Non-Strong 2.348ms
[51.819s][info][gc,phases   ] GC(7) O: Concurrent Reset Relocation Set 0.001ms
[51.819s][info][gc,phases   ] GC(7) O: Concurrent Select Relocation Set 0.514ms
[51.820s][info][gc,task     ] GC(7) O: Using 2 Workers for Old Generation
[51.821s][info][gc,task     ] GC(7) O: Using 1 Workers for Old Generation
[51.821s][info][gc,phases   ] GC(7) O: Concurrent Remap Roots 1.249ms
[51.821s][info][gc,phases   ] GC(7) O: Pause Relocate Start 0.022ms
[51.828s][info][gc,phases   ] GC(7) O: Concurrent Relocate 6.781ms
[51.828s][info][gc,alloc    ] GC(7) O:                         Mark Start        Mark End      Relocate Start    Relocate End   
[51.828s][info][gc,alloc    ] GC(7) O: Allocation Stalls:          0                0                0                0         
[51.828s][info][gc,load     ] GC(7) O: Load: 0.00 (0%) / 0.00 (0%) / 0.00 (0%)
[51.828s][info][gc,mmu      ] GC(7) O: MMU: 2ms/96.0%, 5ms/97.9%, 10ms/98.8%, 20ms/99.3%, 50ms/99.7%, 100ms/99.8%
[51.828s][info][gc,marking  ] GC(7) O: Mark: 1 stripe(s), 2 proactive flush(es), 1 terminate flush(es), 0 completion(s), 0 continuation(s) 
[51.828s][info][gc,nmethod  ] GC(7) O: NMethods: 304 registered, 11 unregistered
[51.828s][info][gc,metaspace] GC(7) O: Metaspace: 0M used, 0M committed, 1088M reserved
[51.828s][info][gc,ref      ] GC(7) O:                       Encountered   Discovered     Enqueued 
[51.828s][info][gc,ref      ] GC(7) O: Soft References:               63            0            0 
[51.828s][info][gc,ref      ] GC(7) O: Weak References:               89           60            0 
[51.828s][info][gc,ref      ] GC(7) O: Final References:               0            0            0 
[51.828s][info][gc,ref      ] GC(7) O: Phantom References:             1            1            0 
[51.828s][info][gc,reloc    ] GC(7) O:                        Candidates     Selected     In-Place         Size        Empty    Relocated 
[51.828s][info][gc,reloc    ] GC(7) O: Small Pages:                    2            1            0           4M           0M           1M 
[51.828s][info][gc,reloc    ] GC(7) O: Medium Pages:                   0            0            0           0M           0M           0M 
[51.828s][info][gc,reloc    ] GC(7) O: Large Pages:                   74            0            0         148M           0M           0M 
[51.828s][info][gc,reloc    ] GC(7) O: Forwarding Usage: 0M
[51.829s][info][gc,heap     ] GC(7) O: Min Capacity: 8M(3%)
[51.829s][info][gc,heap     ] GC(7) O: Max Capacity: 256M(100%)
[51.829s][info][gc,heap     ] GC(7) O: Soft Max Capacity: 256M(100%)
[51.829s][info][gc,heap     ] GC(7) O: Heap Statistics:
[51.829s][info][gc,heap     ] GC(7) O:                Mark Start          Mark End        Relocate Start      Relocate End           High               Low         
[51.829s][info][gc,heap     ] GC(7) O:  Capacity:      208M (81%)         210M (82%)         210M (82%)         210M (82%)         210M (82%)         208M (81%)    
[51.829s][info][gc,heap     ] GC(7) O:      Free:       48M (19%)          48M (19%)          48M (19%)          50M (20%)          50M (20%)          46M (18%)    
[51.829s][info][gc,heap     ] GC(7) O:      Used:      208M (81%)         208M (81%)         208M (81%)         206M (80%)         210M (82%)         206M (80%)    
[51.829s][info][gc,heap     ] GC(7) O: Old Generation Statistics:
[51.829s][info][gc,heap     ] GC(7) O:                Mark Start          Mark End        Relocate Start      Relocate End    
[51.829s][info][gc,heap     ] GC(7) O:      Used:      152M (59%)         180M (70%)         180M (70%)         178M (70%)    
[51.829s][info][gc,heap     ] GC(7) O:      Live:         -               149M (58%)         149M (58%)         149M (58%)    
[51.829s][info][gc,heap     ] GC(7) O:   Garbage:         -                 2M (1%)            2M (1%)            0M (0%)     
[51.829s][info][gc,heap     ] GC(7) O: Allocated:         -                28M (11%)          28M (11%)          28M (11%)    
[51.829s][info][gc,heap     ] GC(7) O: Reclaimed:         -                  -                 0M (0%)            2M (1%)     
[51.829s][info][gc,heap     ] GC(7) O: Compacted:         -                  -                  -                 1M (1%)     
[51.829s][info][gc,phases   ] GC(7) O: Old Generation 208M(81%)->206M(80%) 0.022s
[51.829s][info][gc          ] GC(7) Major Collection (Proactive) 208M(81%)->206M(80%) 0.033s
[58.510s][info][gc          ] GC(8) Major Collection (Proactive)
[58.510s][info][gc,task     ] GC(8) Using 1 Workers for Young Generation
[58.510s][info][gc,task     ] GC(8) Using 1 Workers for Old Generation
[58.510s][info][gc,phases   ] GC(8) Y: Young Generation
[58.510s][info][gc,phases   ] GC(8) Y: Pause Mark Start (Major) 0.033ms
[58.515s][info][gc,phases   ] GC(8) Y: Concurrent Mark 4.878ms
[58.516s][info][gc,phases   ] GC(8) Y: Pause Mark End 0.021ms
[58.516s][info][gc,phases   ] GC(8) Y: Concurrent Mark Free 0.005ms
[58.516s][info][gc,phases   ] GC(8) Y: Concurrent Reset Relocation Set 0.013ms
[58.516s][info][gc,reloc    ] GC(8) Y: Using tenuring threshold: 1 (Computed)
[58.517s][info][gc,phases   ] GC(8) Y: Concurrent Select Relocation Set 1.135ms
[58.517s][info][gc,phases   ] GC(8) Y: Pause Relocate Start 0.019ms
[58.518s][info][gc,phases   ] GC(8) Y: Concurrent Relocate 0.282ms
[58.518s][info][gc,alloc    ] GC(8) Y:                         Mark Start        Mark End      Relocate Start    Relocate End   
[58.518s][info][gc,alloc    ] GC(8) Y: Allocation Stalls:          0                0                0                0         
[58.518s][info][gc,load     ] GC(8) Y: Load: 0.00 (0%) / 0.00 (0%) / 0.00 (0%)
[58.518s][info][gc,mmu      ] GC(8) Y: MMU: 2ms/96.0%, 5ms/97.9%, 10ms/98.8%, 20ms/99.3%, 50ms/99.7%, 100ms/99.8%
[58.518s][info][gc,marking  ] GC(8) Y: Mark: 1 stripe(s), 2 proactive flush(es), 1 terminate flush(es), 0 completion(s), 0 continuation(s) 
[58.518s][info][gc,nmethod  ] GC(8) Y: NMethods: 304 registered, 11 unregistered
[58.518s][info][gc,metaspace] GC(8) Y: Metaspace: 0M used, 0M committed, 1088M reserved
[58.518s][info][gc,reloc    ] GC(8) Y:                        Candidates     Selected     In-Place         Size        Empty    Relocated 
[58.518s][info][gc,reloc    ] GC(8) Y: Small Pages:                    1            0            0           2M           0M           0M 
[58.518s][info][gc,reloc    ] GC(8) Y: Medium Pages:                   0            0            0           0M           0M           0M 
[58.518s][info][gc,reloc    ] GC(8) Y: Large Pages:                   26            0            0          52M           0M           0M 
[58.518s][info][gc,reloc    ] GC(8) Y: Forwarding Usage: 0M
[58.518s][info][gc,reloc    ] GC(8) Y: Age Table:
[58.518s][info][gc,reloc    ] GC(8) Y:                    Live             Garbage             Small              Medium             Large        
[58.518s][info][gc,reloc    ] GC(8) Y: Eden              26M (10%)           1M (1%)           1 / 0              0 / 0             13 / 0        
[58.518s][info][gc,reloc    ] GC(8) Y: Survivor 1        26M (10%)           0M (0%)           0 / 0              0 / 0             13 / 0        
[58.518s][info][gc,heap     ] GC(8) Y: Min Capacity: 8M(3%)
[58.518s][info][gc,heap     ] GC(8) Y: Max Capacity: 256M(100%)
[58.518s][info][gc,heap     ] GC(8) Y: Soft Max Capacity: 256M(100%)
[58.519s][info][gc,heap     ] GC(8) Y: Heap Statistics:
[58.519s][info][gc,heap     ] GC(8) Y:                Mark Start          Mark End        Relocate Start      Relocate End           High               Low         
[58.519s][info][gc,heap     ] GC(8) Y:  Capacity:      232M (91%)         234M (91%)         234M (91%)         234M (91%)         234M (91%)         232M (91%)    
[58.519s][info][gc,heap     ] GC(8) Y:      Free:       24M (9%)           22M (9%)           22M (9%)           22M (9%)           24M (9%)           22M (9%)     
[58.519s][info][gc,heap     ] GC(8) Y:      Used:      232M (91%)         234M (91%)         234M (91%)         234M (91%)         234M (91%)         232M (91%)    
[58.519s][info][gc,heap     ] GC(8) Y: Young Generation Statistics:
[58.519s][info][gc,heap     ] GC(8) Y:                Mark Start          Mark End        Relocate Start      Relocate End    
[58.519s][info][gc,heap     ] GC(8) Y:      Used:       54M (21%)          56M (22%)          30M (12%)          30M (12%)    
[58.519s][info][gc,heap     ] GC(8) Y:      Live:         -                52M (20%)          26M (10%)          26M (10%)    
[58.519s][info][gc,heap     ] GC(8) Y:   Garbage:         -                 1M (1%)            1M (1%)            1M (1%)     
[58.519s][info][gc,heap     ] GC(8) Y: Allocated:         -                 2M (1%)            2M (1%)            2M (1%)     
[58.519s][info][gc,heap     ] GC(8) Y: Reclaimed:         -                  -                 0M (0%)            0M (0%)     
[58.519s][info][gc,heap     ] GC(8) Y:  Promoted:         -                  -                26M (10%)          26M (10%)    
[58.519s][info][gc,heap     ] GC(8) Y: Compacted:         -                  -                  -                 0M (0%)     
[58.519s][info][gc,phases   ] GC(8) Y: Young Generation 232M(91%)->234M(91%) 0.008s
[58.519s][info][gc,phases   ] GC(8) O: Old Generation
[58.524s][info][gc          ] GC(9) Minor Collection (High Usage)
[58.524s][info][gc,task     ] GC(9) Using 1 Workers for Young Generation
[58.525s][info][gc,phases   ] GC(9) y: Young Generation
[58.525s][info][gc,phases   ] GC(9) y: Pause Mark Start 0.029ms
[58.528s][info][gc,phases   ] GC(9) y: Concurrent Mark 2.935ms
[58.528s][info][gc,phases   ] GC(9) y: Pause Mark End 0.022ms
[58.528s][info][gc,phases   ] GC(9) y: Concurrent Mark Free 0.001ms
[58.528s][info][gc,phases   ] GC(9) y: Concurrent Reset Relocation Set 0.009ms
[58.528s][info][gc,reloc    ] GC(9) y: Using tenuring threshold: 2 (Computed)
[58.529s][info][gc,phases   ] GC(9) y: Concurrent Select Relocation Set 0.400ms
[58.529s][info][gc,phases   ] GC(9) y: Pause Relocate Start 0.016ms
[58.529s][info][gc,phases   ] GC(9) y: Concurrent Relocate 0.160ms
[58.529s][info][gc,alloc    ] GC(9) y:                         Mark Start        Mark End      Relocate Start    Relocate End   
[58.529s][info][gc,alloc    ] GC(9) y: Allocation Stalls:          0                0                0                0         
[58.529s][info][gc,load     ] GC(9) y: Load: 0.00 (0%) / 0.00 (0%) / 0.00 (0%)
[58.529s][info][gc,mmu      ] GC(9) y: MMU: 2ms/96.0%, 5ms/97.9%, 10ms/98.8%, 20ms/99.3%, 50ms/99.7%, 100ms/99.8%
[58.529s][info][gc,marking  ] GC(9) y: Mark: 1 stripe(s), 1 proactive flush(es), 1 terminate flush(es), 0 completion(s), 0 continuation(s) 
[58.530s][info][gc,nmethod  ] GC(9) y: NMethods: 304 registered, 11 unregistered
[58.530s][info][gc,metaspace] GC(9) y: Metaspace: 0M used, 0M committed, 1088M reserved
[58.530s][info][gc,reloc    ] GC(9) y:                        Candidates     Selected     In-Place         Size        Empty    Relocated 
[58.530s][info][gc,reloc    ] GC(9) y: Small Pages:                    2            0            0           4M           2M           0M 
[58.530s][info][gc,reloc    ] GC(9) y: Medium Pages:                   0            0            0           0M           0M           0M 
[58.530s][info][gc,reloc    ] GC(9) y: Large Pages:                   13            0            0          26M           0M           0M 
[58.530s][info][gc,reloc    ] GC(9) y: Forwarding Usage: 0M
[58.530s][info][gc,reloc    ] GC(9) y: Age Table:
[58.530s][info][gc,reloc    ] GC(9) y:                    Live             Garbage             Small              Medium             Large        
[58.530s][info][gc,reloc    ] GC(9) y: Eden                -                 2M (1%)           1 / 0              0 / 0              0 / 0        
[58.530s][info][gc,reloc    ] GC(9) y: Survivor 1        26M (10%)           1M (1%)           1 / 0              0 / 0             13 / 0        
[58.530s][info][gc,heap     ] GC(9) y: Min Capacity: 8M(3%)
[58.530s][info][gc,heap     ] GC(9) y: Max Capacity: 256M(100%)
[58.530s][info][gc,heap     ] GC(9) y: Soft Max Capacity: 256M(100%)
[58.530s][info][gc,heap     ] GC(9) y: Heap Statistics:
[58.530s][info][gc,heap     ] GC(9) y:                Mark Start          Mark End        Relocate Start      Relocate End           High               Low         
[58.530s][info][gc,heap     ] GC(9) y:  Capacity:      234M (91%)         234M (91%)         234M (91%)         234M (91%)         234M (91%)         234M (91%)    
[58.530s][info][gc,heap     ] GC(9) y:      Free:       22M (9%)           22M (9%)           24M (9%)           24M (9%)           24M (9%)           22M (9%)     
[58.531s][info][gc,heap     ] GC(9) y:      Used:      234M (91%)         234M (91%)         232M (91%)         232M (91%)         234M (91%)         232M (91%)    
[58.531s][info][gc,heap     ] GC(9) y: Young Generation Statistics:
[58.531s][info][gc,heap     ] GC(9) y:                Mark Start          Mark End        Relocate Start      Relocate End    
[58.531s][info][gc,heap     ] GC(9) y:      Used:       30M (12%)          30M (12%)          28M (11%)          28M (11%)    
[58.531s][info][gc,heap     ] GC(9) y:      Live:         -                26M (10%)          26M (10%)          26M (10%)    
[58.531s][info][gc,heap     ] GC(9) y:   Garbage:         -                 3M (2%)            1M (1%)            1M (1%)     
[58.531s][info][gc,heap     ] GC(9) y: Allocated:         -                 0M (0%)            0M (0%)            0M (0%)     
[58.531s][info][gc,heap     ] GC(9) y: Reclaimed:         -                  -                 2M (1%)            2M (1%)     
[58.531s][info][gc,heap     ] GC(9) y:  Promoted:         -                  -                 0M (0%)            0M (0%)     
[58.531s][info][gc,heap     ] GC(9) y: Compacted:         -                  -                  -                 0M (0%)     
[58.531s][info][gc,phases   ] GC(9) y: Young Generation 234M(91%)->232M(91%) 0.005s
[58.531s][info][gc          ] GC(9) Minor Collection (High Usage) 234M(91%)->232M(91%) 0.007s
[58.531s][info][gc          ] GC(10) Minor Collection (High Usage)
[58.531s][info][gc,task     ] GC(10) Using 1 Workers for Young Generation
[58.532s][info][gc,phases   ] GC(10) y: Young Generation
[58.532s][info][gc,phases   ] GC(10) y: Pause Mark Start 0.019ms
[58.533s][info][gc,phases   ] GC(8) O: Concurrent Mark 13.978ms
[58.533s][info][gc,phases   ] GC(8) O: Pause Mark End 0.024ms
[58.533s][info][gc,phases   ] GC(8) O: Concurrent Mark Free 0.005ms
[58.535s][info][gc,phases   ] GC(10) y: Concurrent Mark 2.956ms
[58.537s][info][gc,phases   ] GC(10) y: Pause Mark End 0.029ms
[58.537s][info][gc,phases   ] GC(10) y: Concurrent Mark Free 0.003ms
[58.537s][info][gc,phases   ] GC(10) y: Concurrent Reset Relocation Set 0.002ms
[58.537s][info][gc,reloc    ] GC(10) y: Using tenuring threshold: 3 (Computed)
[58.537s][info][gc,phases   ] GC(8) O: Concurrent Process Non-Strong 4.001ms
[58.538s][info][gc,phases   ] GC(8) O: Concurrent Reset Relocation Set 0.002ms
[58.538s][info][gc,phases   ] GC(8) O: Concurrent Select Relocation Set 0.123ms
[58.538s][info][gc,phases   ] GC(10) y: Concurrent Select Relocation Set 0.400ms
[58.538s][info][gc,phases   ] GC(10) y: Pause Relocate Start 0.020ms
[58.538s][info][gc,phases   ] GC(10) y: Concurrent Relocate 0.214ms
[58.538s][info][gc,alloc    ] GC(10) y:                         Mark Start        Mark End      Relocate Start    Relocate End   
[58.539s][info][gc,alloc    ] GC(10) y: Allocation Stalls:          0                0                0                0         
[58.539s][info][gc,load     ] GC(10) y: Load: 0.00 (0%) / 0.00 (0%) / 0.00 (0%)
[58.539s][info][gc,mmu      ] GC(10) y: MMU: 2ms/96.0%, 5ms/97.9%, 10ms/98.7%, 20ms/99.2%, 50ms/99.5%, 100ms/99.8%
[58.539s][info][gc,marking  ] GC(10) y: Mark: 1 stripe(s), 1 proactive flush(es), 1 terminate flush(es), 0 completion(s), 0 continuation(s) 
[58.539s][info][gc,nmethod  ] GC(10) y: NMethods: 304 registered, 11 unregistered
[58.539s][info][gc,metaspace] GC(10) y: Metaspace: 0M used, 0M committed, 1088M reserved
[58.539s][info][gc,reloc    ] GC(10) y:                        Candidates     Selected     In-Place         Size        Empty    Relocated 
[58.539s][info][gc,reloc    ] GC(10) y: Small Pages:                    1            0            0           2M           0M           0M 
[58.539s][info][gc,reloc    ] GC(10) y: Medium Pages:                   0            0            0           0M           0M           0M 
[58.539s][info][gc,reloc    ] GC(10) y: Large Pages:                   13            0            0          26M           0M           0M 
[58.539s][info][gc,reloc    ] GC(10) y: Forwarding Usage: 0M
[58.539s][info][gc,reloc    ] GC(10) y: Age Table:
[58.539s][info][gc,reloc    ] GC(10) y:                    Live             Garbage             Small              Medium             Large        
[58.539s][info][gc,reloc    ] GC(10) y: Eden                -                 0M (0%)           0 / 0              0 / 0              0 / 0        
[58.539s][info][gc,reloc    ] GC(10) y: Survivor 1          -                 0M (0%)           0 / 0              0 / 0              0 / 0        
[58.539s][info][gc,reloc    ] GC(10) y: Survivor 2        26M (10%)           1M (1%)           1 / 0              0 / 0             13 / 0        
[58.539s][info][gc,heap     ] GC(10) y: Min Capacity: 8M(3%)
[58.539s][info][gc,heap     ] GC(10) y: Max Capacity: 256M(100%)
[58.540s][info][gc,heap     ] GC(10) y: Soft Max Capacity: 256M(100%)
[58.540s][info][gc,heap     ] GC(10) y: Heap Statistics:
[58.540s][info][gc,heap     ] GC(10) y:                Mark Start          Mark End        Relocate Start      Relocate End           High               Low         
[58.540s][info][gc,heap     ] GC(10) y:  Capacity:      234M (91%)         234M (91%)         234M (91%)         234M (91%)         234M (91%)         234M (91%)    
[58.540s][info][gc,heap     ] GC(10) y:      Free:       24M (9%)           24M (9%)           26M (10%)          26M (10%)          26M (10%)          24M (9%)     
[58.540s][info][gc,heap     ] GC(10) y:      Used:      232M (91%)         232M (91%)         230M (90%)         230M (90%)         232M (91%)         230M (90%)    
[58.540s][info][gc,heap     ] GC(10) y: Young Generation Statistics:
[58.540s][info][gc,heap     ] GC(10) y:                Mark Start          Mark End        Relocate Start      Relocate End    
[58.541s][info][gc,heap     ] GC(10) y:      Used:       28M (11%)          28M (11%)          28M (11%)          28M (11%)    
[58.541s][info][gc,heap     ] GC(10) y:      Live:         -                26M (10%)          26M (10%)          26M (10%)    
[58.541s][info][gc,heap     ] GC(10) y:   Garbage:         -                 1M (1%)            1M (1%)            1M (1%)     
[58.541s][info][gc,heap     ] GC(10) y: Allocated:         -                 0M (0%)            0M (0%)            0M (0%)     
[58.541s][info][gc,heap     ] GC(10) y: Reclaimed:         -                  -                 0M (0%)            0M (0%)     
[58.541s][info][gc,heap     ] GC(10) y:  Promoted:         -                  -                 0M (0%)            0M (0%)     
[58.541s][info][gc,heap     ] GC(10) y: Compacted:         -                  -                  -                 0M (0%)     
[58.541s][info][gc,phases   ] GC(10) y: Young Generation 232M(91%)->230M(90%) 0.007s
[58.541s][info][gc          ] GC(10) Minor Collection (High Usage) 232M(91%)->230M(90%) 0.009s
[58.541s][info][gc,task     ] GC(8) O: Using 2 Workers for Old Generation
[58.542s][info][gc,task     ] GC(8) O: Using 1 Workers for Old Generation
[58.542s][info][gc,phases   ] GC(8) O: Concurrent Remap Roots 1.420ms
[58.543s][info][gc,phases   ] GC(8) O: Pause Relocate Start 0.019ms
[58.543s][info][gc,phases   ] GC(8) O: Concurrent Relocate 0.316ms
[58.543s][info][gc,alloc    ] GC(8) O:                         Mark Start        Mark End      Relocate Start    Relocate End   
[58.543s][info][gc,alloc    ] GC(8) O: Allocation Stalls:          0                0                0                0         
[58.543s][info][gc,load     ] GC(8) O: Load: 0.00 (0%) / 0.00 (0%) / 0.00 (0%)
[58.543s][info][gc,mmu      ] GC(8) O: MMU: 2ms/96.0%, 5ms/97.9%, 10ms/98.7%, 20ms/99.1%, 50ms/99.5%, 100ms/99.8%
[58.544s][info][gc,marking  ] GC(8) O: Mark: 1 stripe(s), 2 proactive flush(es), 1 terminate flush(es), 0 completion(s), 0 continuation(s) 
[58.544s][info][gc,nmethod  ] GC(8) O: NMethods: 304 registered, 11 unregistered
[58.544s][info][gc,metaspace] GC(8) O: Metaspace: 0M used, 0M committed, 1088M reserved
[58.544s][info][gc,ref      ] GC(8) O:                       Encountered   Discovered     Enqueued 
[58.544s][info][gc,ref      ] GC(8) O: Soft References:               61           45           19 
[58.544s][info][gc,ref      ] GC(8) O: Weak References:               89           42            3 
[58.544s][info][gc,ref      ] GC(8) O: Final References:               0            0            0 
[58.544s][info][gc,ref      ] GC(8) O: Phantom References:             1            1            0 
[58.544s][info][gc,reloc    ] GC(8) O:                        Candidates     Selected     In-Place         Size        Empty    Relocated 
[58.544s][info][gc,reloc    ] GC(8) O: Small Pages:                    2            0            0           4M           2M           0M 
[58.544s][info][gc,reloc    ] GC(8) O: Medium Pages:                   0            0            0           0M           0M           0M 
[58.544s][info][gc,reloc    ] GC(8) O: Large Pages:                   87            0            0         174M           0M           0M 
[58.544s][info][gc,reloc    ] GC(8) O: Forwarding Usage: 0M
[58.544s][info][gc,heap     ] GC(8) O: Min Capacity: 8M(3%)
[58.544s][info][gc,heap     ] GC(8) O: Max Capacity: 256M(100%)
[58.545s][info][gc,heap     ] GC(8) O: Soft Max Capacity: 256M(100%)
[58.545s][info][gc,heap     ] GC(8) O: Heap Statistics:
[58.545s][info][gc,heap     ] GC(8) O:                Mark Start          Mark End        Relocate Start      Relocate End           High               Low         
[58.545s][info][gc,heap     ] GC(8) O:  Capacity:      232M (91%)         234M (91%)         234M (91%)         234M (91%)         234M (91%)         232M (91%)    
[58.545s][info][gc,heap     ] GC(8) O:      Free:       24M (9%)           24M (9%)           26M (10%)          26M (10%)          26M (10%)          22M (9%)     
[58.545s][info][gc,heap     ] GC(8) O:      Used:      232M (91%)         232M (91%)         230M (90%)         230M (90%)         234M (91%)         230M (90%)    
[58.545s][info][gc,heap     ] GC(8) O: Old Generation Statistics:
[58.545s][info][gc,heap     ] GC(8) O:                Mark Start          Mark End        Relocate Start      Relocate End    
[58.545s][info][gc,heap     ] GC(8) O:      Used:      178M (70%)         204M (80%)         202M (79%)         202M (79%)    
[58.545s][info][gc,heap     ] GC(8) O:      Live:         -               175M (68%)         175M (68%)         175M (68%)    
[58.546s][info][gc,heap     ] GC(8) O:   Garbage:         -                 2M (1%)            0M (0%)            0M (0%)     
[58.546s][info][gc,heap     ] GC(8) O: Allocated:         -                26M (10%)          26M (10%)          26M (10%)    
[58.546s][info][gc,heap     ] GC(8) O: Reclaimed:         -                  -                 2M (1%)            2M (1%)     
[58.546s][info][gc,heap     ] GC(8) O: Compacted:         -                  -                  -                 0M (0%)     
[58.546s][info][gc,phases   ] GC(8) O: Old Generation 234M(91%)->230M(90%) 0.024s
[58.546s][info][gc          ] GC(8) Major Collection (Proactive) 232M(91%)->230M(90%) 0.036s
[59.027s][info][gc          ] GC(11) Major Collection (Allocation Rate)
[59.027s][info][gc,task     ] GC(11) Using 1 Workers for Young Generation
[59.027s][info][gc,task     ] GC(11) Using 1 Workers for Old Generation
[59.027s][info][gc,phases   ] GC(11) Y: Young Generation
[59.027s][info][gc,phases   ] GC(11) Y: Pause Mark Start (Major) 0.024ms
[59.030s][info][gc,phases   ] GC(11) Y: Concurrent Mark 2.667ms
[59.030s][info][gc,phases   ] GC(11) Y: Pause Mark End 0.021ms
[59.030s][info][gc,phases   ] GC(11) Y: Concurrent Mark Free 0.002ms
[59.030s][info][gc,phases   ] GC(11) Y: Concurrent Reset Relocation Set 0.001ms
[59.031s][info][gc,reloc    ] GC(11) Y: Using tenuring threshold: 1 (Computed)
[59.032s][info][gc,phases   ] GC(11) Y: Concurrent Select Relocation Set 1.282ms
[59.032s][info][gc,phases   ] GC(11) Y: Pause Relocate Start 0.020ms
[59.032s][info][gc,phases   ] GC(11) Y: Concurrent Relocate 0.226ms
[59.032s][info][gc,alloc    ] GC(11) Y:                         Mark Start        Mark End      Relocate Start    Relocate End   
[59.033s][info][gc,alloc    ] GC(11) Y: Allocation Stalls:          0                0                0                0         
[59.033s][info][gc,load     ] GC(11) Y: Load: 0.00 (0%) / 0.00 (0%) / 0.00 (0%)
[59.033s][info][gc,mmu      ] GC(11) Y: MMU: 2ms/96.0%, 5ms/97.9%, 10ms/98.7%, 20ms/99.1%, 50ms/99.5%, 100ms/99.8%
[59.033s][info][gc,marking  ] GC(11) Y: Mark: 1 stripe(s), 2 proactive flush(es), 1 terminate flush(es), 0 completion(s), 0 continuation(s) 
[59.033s][info][gc,nmethod  ] GC(11) Y: NMethods: 304 registered, 11 unregistered
[59.033s][info][gc,metaspace] GC(11) Y: Metaspace: 0M used, 0M committed, 1088M reserved
[59.033s][info][gc,reloc    ] GC(11) Y:                        Candidates     Selected     In-Place         Size        Empty    Relocated 
[59.033s][info][gc,reloc    ] GC(11) Y: Small Pages:                    1            0            0           2M           0M           0M 
[59.033s][info][gc,reloc    ] GC(11) Y: Medium Pages:                   0            0            0           0M           0M           0M 
[59.033s][info][gc,reloc    ] GC(11) Y: Large Pages:                   14            0            0          28M           0M           0M 
[59.033s][info][gc,reloc    ] GC(11) Y: Forwarding Usage: 0M
[59.033s][info][gc,reloc    ] GC(11) Y: Age Table:
[59.033s][info][gc,reloc    ] GC(11) Y:                    Live             Garbage             Small              Medium             Large        
[59.033s][info][gc,reloc    ] GC(11) Y: Eden               2M (1%)            0M (0%)           0 / 0              0 / 0              1 / 0        
[59.033s][info][gc,reloc    ] GC(11) Y: Survivor 1          -                 0M (0%)           0 / 0              0 / 0              0 / 0        
[59.033s][info][gc,reloc    ] GC(11) Y: Survivor 2          -                 0M (0%)           0 / 0              0 / 0              0 / 0        
[59.033s][info][gc,reloc    ] GC(11) Y: Survivor 3        26M (10%)           1M (1%)           1 / 0              0 / 0             13 / 0        
[59.033s][info][gc,heap     ] GC(11) Y: Min Capacity: 8M(3%)
[59.033s][info][gc,heap     ] GC(11) Y: Max Capacity: 256M(100%)
[59.033s][info][gc,heap     ] GC(11) Y: Soft Max Capacity: 256M(100%)
[59.033s][info][gc,heap     ] GC(11) Y: Heap Statistics:
[59.033s][info][gc,heap     ] GC(11) Y:                Mark Start          Mark End        Relocate Start      Relocate End           High               Low         
[59.033s][info][gc,heap     ] GC(11) Y:  Capacity:      234M (91%)         234M (91%)         234M (91%)         234M (91%)         234M (91%)         234M (91%)    
[59.033s][info][gc,heap     ] GC(11) Y:      Free:       24M (9%)           22M (9%)           22M (9%)           22M (9%)           24M (9%)           22M (9%)     
[59.033s][info][gc,heap     ] GC(11) Y:      Used:      232M (91%)         234M (91%)         234M (91%)         234M (91%)         234M (91%)         232M (91%)    
[59.033s][info][gc,heap     ] GC(11) Y: Young Generation Statistics:
[59.033s][info][gc,heap     ] GC(11) Y:                Mark Start          Mark End        Relocate Start      Relocate End    
[59.034s][info][gc,heap     ] GC(11) Y:      Used:       30M (12%)          32M (12%)           4M (2%)            4M (2%)     
[59.034s][info][gc,heap     ] GC(11) Y:      Live:         -                28M (11%)           2M (1%)            2M (1%)     
[59.034s][info][gc,heap     ] GC(11) Y:   Garbage:         -                 1M (1%)            0M (0%)            0M (0%)     
[59.034s][info][gc,heap     ] GC(11) Y: Allocated:         -                 2M (1%)            2M (1%)            2M (1%)     
[59.034s][info][gc,heap     ] GC(11) Y: Reclaimed:         -                  -                 1M (1%)            1M (1%)     
[59.034s][info][gc,heap     ] GC(11) Y:  Promoted:         -                  -                26M (10%)          26M (10%)    
[59.034s][info][gc,heap     ] GC(11) Y: Compacted:         -                  -                  -                 0M (0%)     
[59.034s][info][gc,phases   ] GC(11) Y: Young Generation 232M(91%)->234M(91%) 0.006s
[59.034s][info][gc,phases   ] GC(11) O: Old Generation
[59.042s][info][gc,phases   ] GC(11) O: Concurrent Mark 8.176ms
[59.042s][info][gc,phases   ] GC(11) O: Pause Mark End 0.023ms
[59.042s][info][gc,phases   ] GC(11) O: Concurrent Mark Free 0.005ms
[59.045s][info][gc,phases   ] GC(11) O: Concurrent Process Non-Strong 2.523ms
[59.045s][info][gc,phases   ] GC(11) O: Concurrent Reset Relocation Set 0.001ms
[59.045s][info][gc,phases   ] GC(11) O: Concurrent Select Relocation Set 0.088ms
[59.045s][info][gc,task     ] GC(11) O: Using 2 Workers for Old Generation
[59.046s][info][gc,task     ] GC(11) O: Using 1 Workers for Old Generation
[59.047s][info][gc,phases   ] GC(11) O: Concurrent Remap Roots 1.338ms
[59.047s][info][gc,phases   ] GC(11) O: Pause Relocate Start 0.018ms
[59.047s][info][gc,phases   ] GC(11) O: Concurrent Relocate 0.087ms
[59.047s][info][gc,alloc    ] GC(11) O:                         Mark Start        Mark End      Relocate Start    Relocate End   
[59.047s][info][gc,alloc    ] GC(11) O: Allocation Stalls:          0                0                0                0         
[59.047s][info][gc,load     ] GC(11) O: Load: 0.00 (0%) / 0.00 (0%) / 0.00 (0%)
[59.047s][info][gc,mmu      ] GC(11) O: MMU: 2ms/96.0%, 5ms/97.9%, 10ms/98.7%, 20ms/99.1%, 50ms/99.5%, 100ms/99.8%
[59.047s][info][gc,marking  ] GC(11) O: Mark: 1 stripe(s), 2 proactive flush(es), 1 terminate flush(es), 0 completion(s), 0 continuation(s) 
[59.047s][info][gc,nmethod  ] GC(11) O: NMethods: 304 registered, 11 unregistered
[59.047s][info][gc,metaspace] GC(11) O: Metaspace: 0M used, 0M committed, 1088M reserved
[59.047s][info][gc,ref      ] GC(11) O:                       Encountered   Discovered     Enqueued 
[59.047s][info][gc,ref      ] GC(11) O: Soft References:               42           26            0 
[59.047s][info][gc,ref      ] GC(11) O: Weak References:               86           39            0 
[59.047s][info][gc,ref      ] GC(11) O: Final References:               0            0            0 
[59.047s][info][gc,ref      ] GC(11) O: Phantom References:             1            1            0 
[59.047s][info][gc,reloc    ] GC(11) O:                        Candidates     Selected     In-Place         Size        Empty    Relocated 
[59.047s][info][gc,reloc    ] GC(11) O: Small Pages:                    1            0            0           2M           0M           0M 
[59.048s][info][gc,reloc    ] GC(11) O: Medium Pages:                   0            0            0           0M           0M           0M 
[59.048s][info][gc,reloc    ] GC(11) O: Large Pages:                  100            0            0         200M           0M           0M 
[59.048s][info][gc,reloc    ] GC(11) O: Forwarding Usage: 0M
[59.048s][info][gc,heap     ] GC(11) O: Min Capacity: 8M(3%)
[59.048s][info][gc,heap     ] GC(11) O: Max Capacity: 256M(100%)
[59.048s][info][gc,heap     ] GC(11) O: Soft Max Capacity: 256M(100%)
[59.048s][info][gc,heap     ] GC(11) O: Heap Statistics:
[59.048s][info][gc,heap     ] GC(11) O:                Mark Start          Mark End        Relocate Start      Relocate End           High               Low         
[59.048s][info][gc,heap     ] GC(11) O:  Capacity:      234M (91%)         234M (91%)         234M (91%)         234M (91%)         234M (91%)         234M (91%)    
[59.048s][info][gc,heap     ] GC(11) O:      Free:       24M (9%)           22M (9%)           22M (9%)           22M (9%)           24M (9%)           22M (9%)     
[59.048s][info][gc,heap     ] GC(11) O:      Used:      232M (91%)         234M (91%)         234M (91%)         234M (91%)         234M (91%)         232M (91%)    
[59.048s][info][gc,heap     ] GC(11) O: Old Generation Statistics:
[59.048s][info][gc,heap     ] GC(11) O:                Mark Start          Mark End        Relocate Start      Relocate End    
[59.048s][info][gc,heap     ] GC(11) O:      Used:      202M (79%)         230M (90%)         230M (90%)         230M (90%)    
[59.048s][info][gc,heap     ] GC(11) O:      Live:         -               201M (79%)         201M (79%)         201M (79%)    
[59.048s][info][gc,heap     ] GC(11) O:   Garbage:         -                 0M (0%)            0M (0%)            0M (0%)     
[59.048s][info][gc,heap     ] GC(11) O: Allocated:         -                28M (11%)          28M (11%)          28M (11%)    
[59.048s][info][gc,heap     ] GC(11) O: Reclaimed:         -                  -                 0M (0%)            0M (0%)     
[59.048s][info][gc,heap     ] GC(11) O: Compacted:         -                  -                  -                 0M (0%)     
[59.048s][info][gc,phases   ] GC(11) O: Old Generation 234M(91%)->234M(91%) 0.013s
[59.048s][info][gc          ] GC(11) Major Collection (Allocation Rate) 232M(91%)->234M(91%) 0.022s
[61.608s][info][gc          ] GC(12) Minor Collection (Allocation Rate)
[61.608s][info][gc,task     ] GC(12) Using 2 Workers for Young Generation
[61.608s][info][gc,phases   ] GC(12) y: Young Generation
[61.609s][info][gc,phases   ] GC(12) y: Pause Mark Start 0.028ms
[61.612s][info][gc,phases   ] GC(12) y: Concurrent Mark 2.669ms
[61.612s][info][gc,phases   ] GC(12) y: Pause Mark End 0.023ms
[61.613s][info][gc,phases   ] GC(12) y: Concurrent Mark Free 0.149ms
[61.613s][info][gc,phases   ] GC(12) y: Concurrent Reset Relocation Set 0.032ms
[61.613s][info][gc,reloc    ] GC(12) y: Using tenuring threshold: 2 (Computed)
[61.614s][info][gc,phases   ] GC(12) y: Concurrent Select Relocation Set 0.598ms
[61.614s][info][gc,phases   ] GC(12) y: Pause Relocate Start 0.022ms
[61.614s][info][gc,phases   ] GC(12) y: Concurrent Relocate 0.172ms
[61.614s][info][gc,alloc    ] GC(12) y:                         Mark Start        Mark End      Relocate Start    Relocate End   
[61.614s][info][gc,alloc    ] GC(12) y: Allocation Stalls:          0                0                0                0         
[61.614s][info][gc,load     ] GC(12) y: Load: 0.00 (0%) / 0.00 (0%) / 0.00 (0%)
[61.614s][info][gc,mmu      ] GC(12) y: MMU: 2ms/96.0%, 5ms/97.9%, 10ms/98.7%, 20ms/99.1%, 50ms/99.5%, 100ms/99.8%
[61.614s][info][gc,marking  ] GC(12) y: Mark: 2 stripe(s), 2 proactive flush(es), 1 terminate flush(es), 0 completion(s), 0 continuation(s) 
[61.614s][info][gc,nmethod  ] GC(12) y: NMethods: 304 registered, 11 unregistered
[61.615s][info][gc,metaspace] GC(12) y: Metaspace: 0M used, 0M committed, 1088M reserved
[61.615s][info][gc,reloc    ] GC(12) y:                        Candidates     Selected     In-Place         Size        Empty    Relocated 
[61.615s][info][gc,reloc    ] GC(12) y: Small Pages:                    1            0            0           2M           2M           0M 
[61.615s][info][gc,reloc    ] GC(12) y: Medium Pages:                   0            0            0           0M           0M           0M 
[61.615s][info][gc,reloc    ] GC(12) y: Large Pages:                    6            0            0          12M           0M           0M 
[61.615s][info][gc,reloc    ] GC(12) y: Forwarding Usage: 0M
[61.615s][info][gc,reloc    ] GC(12) y: Age Table:
[61.615s][info][gc,reloc    ] GC(12) y:                    Live             Garbage             Small              Medium             Large        
[61.615s][info][gc,reloc    ] GC(12) y: Eden              10M (4%)            2M (1%)           1 / 0              0 / 0              5 / 0        
[61.615s][info][gc,reloc    ] GC(12) y: Survivor 1         2M (1%)            0M (0%)           0 / 0              0 / 0              1 / 0        
[61.615s][info][gc,heap     ] GC(12) y: Min Capacity: 8M(3%)
[61.615s][info][gc,heap     ] GC(12) y: Max Capacity: 256M(100%)
[61.615s][info][gc,heap     ] GC(12) y: Soft Max Capacity: 256M(100%)
[61.615s][info][gc,heap     ] GC(12) y: Heap Statistics:
[61.615s][info][gc,heap     ] GC(12) y:                Mark Start          Mark End        Relocate Start      Relocate End           High               Low         
[61.615s][info][gc,heap     ] GC(12) y:  Capacity:      244M (95%)         244M (95%)         246M (96%)         246M (96%)         246M (96%)         244M (95%)    
[61.615s][info][gc,heap     ] GC(12) y:      Free:       12M (5%)           12M (5%)           12M (5%)           12M (5%)           12M (5%)           10M (4%)     
[61.615s][info][gc,heap     ] GC(12) y:      Used:      244M (95%)         244M (95%)         244M (95%)         244M (95%)         246M (96%)         244M (95%)    
[61.615s][info][gc,heap     ] GC(12) y: Young Generation Statistics:
[61.615s][info][gc,heap     ] GC(12) y:                Mark Start          Mark End        Relocate Start      Relocate End    
[61.615s][info][gc,heap     ] GC(12) y:      Used:       14M (5%)           14M (5%)           14M (5%)           14M (5%)     
[61.616s][info][gc,heap     ] GC(12) y:      Live:         -                12M (5%)           12M (5%)           12M (5%)     
[61.616s][info][gc,heap     ] GC(12) y:   Garbage:         -                 2M (1%)            0M (0%)            0M (0%)     
[61.616s][info][gc,heap     ] GC(12) y: Allocated:         -                 0M (0%)            2M (1%)            2M (1%)     
[61.616s][info][gc,heap     ] GC(12) y: Reclaimed:         -                  -                 2M (1%)            2M (1%)     
[61.616s][info][gc,heap     ] GC(12) y:  Promoted:         -                  -                 0M (0%)            0M (0%)     
[61.616s][info][gc,heap     ] GC(12) y: Compacted:         -                  -                  -                 0M (0%)     
[61.616s][info][gc,phases   ] GC(12) y: Young Generation 244M(95%)->244M(95%) 0.006s
[61.616s][info][gc          ] GC(12) Minor Collection (Allocation Rate) 244M(95%)->244M(95%) 0.008s
[61.616s][info][gc          ] GC(13) Major Collection (Allocation Rate)
[61.616s][info][gc,task     ] GC(13) Using 2 Workers for Young Generation
[61.616s][info][gc,task     ] GC(13) Using 1 Workers for Old Generation
[61.616s][info][gc,phases   ] GC(13) Y: Young Generation
[61.616s][info][gc,phases   ] GC(13) Y: Pause Mark Start (Major) 0.025ms
[61.619s][info][gc,phases   ] GC(13) Y: Concurrent Mark 2.041ms
[61.619s][info][gc,phases   ] GC(13) Y: Pause Mark End 0.021ms
[61.619s][info][gc,phases   ] GC(13) Y: Concurrent Mark Free 0.002ms
[61.619s][info][gc,phases   ] GC(13) Y: Concurrent Reset Relocation Set 0.001ms
[61.619s][info][gc,reloc    ] GC(13) Y: Using tenuring threshold: 1 (Computed)
[61.620s][info][gc,phases   ] GC(13) Y: Concurrent Select Relocation Set 0.763ms
[61.620s][info][gc,phases   ] GC(13) Y: Pause Relocate Start 0.018ms
[61.620s][info][gc,phases   ] GC(13) Y: Concurrent Relocate 0.409ms
[61.621s][info][gc,alloc    ] GC(13) Y:                         Mark Start        Mark End      Relocate Start    Relocate End   
[61.621s][info][gc,alloc    ] GC(13) Y: Allocation Stalls:          0                0                0                0         
[61.621s][info][gc,load     ] GC(13) Y: Load: 0.00 (0%) / 0.00 (0%) / 0.00 (0%)
[61.621s][info][gc,mmu      ] GC(13) Y: MMU: 2ms/96.0%, 5ms/97.9%, 10ms/98.7%, 20ms/99.1%, 50ms/99.5%, 100ms/99.8%
[61.621s][info][gc,marking  ] GC(13) Y: Mark: 2 stripe(s), 2 proactive flush(es), 1 terminate flush(es), 0 completion(s), 0 continuation(s) 
[61.621s][info][gc,nmethod  ] GC(13) Y: NMethods: 304 registered, 11 unregistered
[61.621s][info][gc,metaspace] GC(13) Y: Metaspace: 0M used, 0M committed, 1088M reserved
[61.621s][info][gc,reloc    ] GC(13) Y:                        Candidates     Selected     In-Place         Size        Empty    Relocated 
[61.621s][info][gc,reloc    ] GC(13) Y: Small Pages:                    1            0            0           2M           0M           0M 
[61.621s][info][gc,reloc    ] GC(13) Y: Medium Pages:                   0            0            0           0M           0M           0M 
[61.621s][info][gc,reloc    ] GC(13) Y: Large Pages:                    6            0            0          12M           0M           0M 
[61.621s][info][gc,reloc    ] GC(13) Y: Forwarding Usage: 0M
[61.621s][info][gc,reloc    ] GC(13) Y: Age Table:
[61.621s][info][gc,reloc    ] GC(13) Y:                    Live             Garbage             Small              Medium             Large        
[61.621s][info][gc,reloc    ] GC(13) Y: Eden               0M (0%)            1M (1%)           1 / 0              0 / 0              0 / 0        
[61.621s][info][gc,reloc    ] GC(13) Y: Survivor 1        10M (4%)            0M (0%)           0 / 0              0 / 0              5 / 0        
[61.621s][info][gc,reloc    ] GC(13) Y: Survivor 2         2M (1%)            0M (0%)           0 / 0              0 / 0              1 / 0        
[61.621s][info][gc,heap     ] GC(13) Y: Min Capacity: 8M(3%)
[61.621s][info][gc,heap     ] GC(13) Y: Max Capacity: 256M(100%)
[61.621s][info][gc,heap     ] GC(13) Y: Soft Max Capacity: 256M(100%)
[61.621s][info][gc,heap     ] GC(13) Y: Heap Statistics:
[61.621s][info][gc,heap     ] GC(13) Y:                Mark Start          Mark End        Relocate Start      Relocate End           High               Low         
[61.621s][info][gc,heap     ] GC(13) Y:  Capacity:      246M (96%)         246M (96%)         246M (96%)         246M (96%)         246M (96%)         246M (96%)    
[61.621s][info][gc,heap     ] GC(13) Y:      Free:       12M (5%)           10M (4%)           10M (4%)           10M (4%)           12M (5%)           10M (4%)     
[61.622s][info][gc,heap     ] GC(13) Y:      Used:      244M (95%)         246M (96%)         246M (96%)         246M (96%)         246M (96%)         244M (95%)    
[61.622s][info][gc,heap     ] GC(13) Y: Young Generation Statistics:
[61.622s][info][gc,heap     ] GC(13) Y:                Mark Start          Mark End        Relocate Start      Relocate End    
[61.622s][info][gc,heap     ] GC(13) Y:      Used:       14M (5%)           16M (6%)            4M (2%)            4M (2%)     
[61.622s][info][gc,heap     ] GC(13) Y:      Live:         -                12M (5%)            0M (0%)            0M (0%)     
[61.622s][info][gc,heap     ] GC(13) Y:   Garbage:         -                 1M (1%)            1M (1%)            1M (1%)     
[61.622s][info][gc,heap     ] GC(13) Y: Allocated:         -                 2M (1%)            2M (1%)            2M (1%)     
[61.622s][info][gc,heap     ] GC(13) Y: Reclaimed:         -                  -                 0M (0%)            0M (0%)     
[61.622s][info][gc,heap     ] GC(13) Y:  Promoted:         -                  -                12M (5%)           12M (5%)     
[61.622s][info][gc,heap     ] GC(13) Y: Compacted:         -                  -                  -                 0M (0%)     
[61.622s][info][gc,phases   ] GC(13) Y: Young Generation 244M(95%)->246M(96%) 0.004s
[61.622s][info][gc,phases   ] GC(13) O: Old Generation
[61.633s][info][gc,phases   ] GC(13) O: Concurrent Mark 10.754ms
[61.633s][info][gc,phases   ] GC(13) O: Pause Mark End 0.028ms
[61.633s][info][gc,phases   ] GC(13) O: Concurrent Mark Free 0.006ms
[61.635s][info][gc,phases   ] GC(13) O: Concurrent Process Non-Strong 1.592ms
[61.635s][info][gc,phases   ] GC(13) O: Concurrent Reset Relocation Set 0.001ms
[61.635s][info][gc,phases   ] GC(13) O: Concurrent Select Relocation Set 0.526ms
[61.635s][info][gc,task     ] GC(13) O: Using 2 Workers for Old Generation
[61.637s][info][gc,task     ] GC(13) O: Using 1 Workers for Old Generation
[61.637s][info][gc,phases   ] GC(13) O: Concurrent Remap Roots 1.273ms
[61.637s][info][gc,phases   ] GC(13) O: Pause Relocate Start 0.018ms
[61.643s][info][gc,phases   ] GC(13) O: Concurrent Relocate 6.335ms
[61.643s][info][gc,alloc    ] GC(13) O:                         Mark Start        Mark End      Relocate Start    Relocate End   
[61.643s][info][gc,alloc    ] GC(13) O: Allocation Stalls:          0                0                0                0         
[61.643s][info][gc,load     ] GC(13) O: Load: 0.00 (0%) / 0.00 (0%) / 0.00 (0%)
[61.644s][info][gc,mmu      ] GC(13) O: MMU: 2ms/96.0%, 5ms/97.9%, 10ms/98.7%, 20ms/99.1%, 50ms/99.5%, 100ms/99.8%
[61.644s][info][gc,marking  ] GC(13) O: Mark: 1 stripe(s), 2 proactive flush(es), 1 terminate flush(es), 0 completion(s), 0 continuation(s) 
[61.644s][info][gc,nmethod  ] GC(13) O: NMethods: 304 registered, 11 unregistered
[61.644s][info][gc,metaspace] GC(13) O: Metaspace: 0M used, 0M committed, 1088M reserved
[61.644s][info][gc,ref      ] GC(13) O:                       Encountered   Discovered     Enqueued 
[61.644s][info][gc,ref      ] GC(13) O: Soft References:               42           26            0 
[61.644s][info][gc,ref      ] GC(13) O: Weak References:               86           39            0 
[61.644s][info][gc,ref      ] GC(13) O: Final References:               0            0            0 
[61.644s][info][gc,ref      ] GC(13) O: Phantom References:             1            1            0 
[61.644s][info][gc,reloc    ] GC(13) O:                        Candidates     Selected     In-Place         Size        Empty    Relocated 
[61.644s][info][gc,reloc    ] GC(13) O: Small Pages:                    2            1            0           4M           0M           1M 
[61.644s][info][gc,reloc    ] GC(13) O: Medium Pages:                   0            0            0           0M           0M           0M 
[61.644s][info][gc,reloc    ] GC(13) O: Large Pages:                  113            0            0         226M           0M           0M 
[61.644s][info][gc,reloc    ] GC(13) O: Forwarding Usage: 0M
[61.644s][info][gc,heap     ] GC(13) O: Min Capacity: 8M(3%)
[61.644s][info][gc,heap     ] GC(13) O: Max Capacity: 256M(100%)
[61.644s][info][gc,heap     ] GC(13) O: Soft Max Capacity: 256M(100%)
[61.644s][info][gc,heap     ] GC(13) O: Heap Statistics:
[61.644s][info][gc,heap     ] GC(13) O:                Mark Start          Mark End        Relocate Start      Relocate End           High               Low         
[61.644s][info][gc,heap     ] GC(13) O:  Capacity:      246M (96%)         246M (96%)         246M (96%)         248M (97%)         248M (97%)         246M (96%)    
[61.644s][info][gc,heap     ] GC(13) O:      Free:       12M (5%)           10M (4%)           10M (4%)           12M (5%)           12M (5%)            8M (3%)     
[61.644s][info][gc,heap     ] GC(13) O:      Used:      244M (95%)         246M (96%)         246M (96%)         244M (95%)         248M (97%)         244M (95%)    
[61.644s][info][gc,heap     ] GC(13) O: Old Generation Statistics:
[61.644s][info][gc,heap     ] GC(13) O:                Mark Start          Mark End        Relocate Start      Relocate End    
[61.644s][info][gc,heap     ] GC(13) O:      Used:      230M (90%)         242M (95%)         242M (95%)         240M (94%)    
[61.644s][info][gc,heap     ] GC(13) O:      Live:         -               227M (89%)         227M (89%)         227M (89%)    
[61.644s][info][gc,heap     ] GC(13) O:   Garbage:         -                 2M (1%)            2M (1%)            0M (0%)     
[61.645s][info][gc,heap     ] GC(13) O: Allocated:         -                12M (5%)           12M (5%)           12M (5%)     
[61.645s][info][gc,heap     ] GC(13) O: Reclaimed:         -                  -                 0M (0%)            2M (1%)     
[61.645s][info][gc,heap     ] GC(13) O: Compacted:         -                  -                  -                 1M (0%)     
[61.645s][info][gc,phases   ] GC(13) O: Old Generation 246M(96%)->244M(95%) 0.021s
[61.645s][info][gc          ] GC(13) Major Collection (Allocation Rate) 244M(95%)->244M(95%) 0.029s
[64.183s][info][gc          ] GC(14) Major Collection (Allocation Rate)
[64.183s][info][gc,task     ] GC(14) Using 2 Workers for Young Generation
[64.183s][info][gc,task     ] GC(14) Using 1 Workers for Old Generation
[64.184s][info][gc,phases   ] GC(14) Y: Young Generation
[64.184s][info][gc,phases   ] GC(14) Y: Pause Mark Start (Major) 0.038ms
[64.187s][info][gc,phases   ] GC(14) Y: Concurrent Mark 2.816ms
[64.187s][info][gc,phases   ] GC(14) Y: Pause Mark End 0.020ms
[64.187s][info][gc,phases   ] GC(14) Y: Concurrent Mark Free 0.003ms
[64.187s][info][gc,phases   ] GC(14) Y: Concurrent Reset Relocation Set 0.008ms
[64.187s][info][gc,reloc    ] GC(14) Y: Using tenuring threshold: 1 (Computed)
[64.188s][info][gc,phases   ] GC(14) Y: Concurrent Select Relocation Set 0.468ms
[64.188s][info][gc,phases   ] GC(14) Y: Pause Relocate Start 0.017ms
[64.188s][info][gc,phases   ] GC(14) Y: Concurrent Relocate 0.269ms
[64.189s][info][gc,alloc    ] GC(14) Y:                         Mark Start        Mark End      Relocate Start    Relocate End   
[64.189s][info][gc,alloc    ] GC(14) Y: Allocation Stalls:          0                0                0                0         
[64.189s][info][gc,load     ] GC(14) Y: Load: 0.00 (0%) / 0.00 (0%) / 0.00 (0%)
[64.189s][info][gc,mmu      ] GC(14) Y: MMU: 2ms/96.0%, 5ms/97.9%, 10ms/98.7%, 20ms/99.1%, 50ms/99.5%, 100ms/99.8%
[64.189s][info][gc,marking  ] GC(14) Y: Mark: 2 stripe(s), 2 proactive flush(es), 1 terminate flush(es), 0 completion(s), 0 continuation(s) 
[64.189s][info][gc,nmethod  ] GC(14) Y: NMethods: 305 registered, 11 unregistered
[64.189s][info][gc,metaspace] GC(14) Y: Metaspace: 0M used, 0M committed, 1088M reserved
[64.189s][info][gc,reloc    ] GC(14) Y:                        Candidates     Selected     In-Place         Size        Empty    Relocated 
[64.189s][info][gc,reloc    ] GC(14) Y: Small Pages:                    2            0            0           4M           4M           0M 
[64.189s][info][gc,reloc    ] GC(14) Y: Medium Pages:                   0            0            0           0M           0M           0M 
[64.189s][info][gc,reloc    ] GC(14) Y: Large Pages:                    5            0            0          10M           0M           0M 
[64.189s][info][gc,reloc    ] GC(14) Y: Forwarding Usage: 0M
[64.189s][info][gc,reloc    ] GC(14) Y: Age Table:
[64.189s][info][gc,reloc    ] GC(14) Y:                    Live             Garbage             Small              Medium             Large        
[64.189s][info][gc,reloc    ] GC(14) Y: Eden              10M (4%)            2M (1%)           1 / 0              0 / 0              5 / 0        
[64.189s][info][gc,reloc    ] GC(14) Y: Survivor 1          -                 2M (1%)           1 / 0              0 / 0              0 / 0        
[64.189s][info][gc,heap     ] GC(14) Y: Min Capacity: 8M(3%)
[64.189s][info][gc,heap     ] GC(14) Y: Max Capacity: 256M(100%)
[64.189s][info][gc,heap     ] GC(14) Y: Soft Max Capacity: 256M(100%)
[64.189s][info][gc,heap     ] GC(14) Y: Heap Statistics:
[64.189s][info][gc,heap     ] GC(14) Y:                Mark Start          Mark End        Relocate Start      Relocate End           High               Low         
[64.189s][info][gc,heap     ] GC(14) Y:  Capacity:      254M (99%)         256M (100%)        256M (100%)        256M (100%)        256M (100%)        254M (99%)    
[64.190s][info][gc,heap     ] GC(14) Y:      Free:        2M (1%)            0M (0%)            4M (2%)            4M (2%)            4M (2%)            0M (0%)     
[64.190s][info][gc,heap     ] GC(14) Y:      Used:      254M (99%)         256M (100%)        252M (98%)         252M (98%)         256M (100%)        252M (98%)    
[64.190s][info][gc,heap     ] GC(14) Y: Young Generation Statistics:
[64.190s][info][gc,heap     ] GC(14) Y:                Mark Start          Mark End        Relocate Start      Relocate End    
[64.190s][info][gc,heap     ] GC(14) Y:      Used:       14M (5%)           16M (6%)           12M (5%)           12M (5%)     
[64.190s][info][gc,heap     ] GC(14) Y:      Live:         -                10M (4%)           10M (4%)           10M (4%)     
[64.190s][info][gc,heap     ] GC(14) Y:   Garbage:         -                 4M (2%)            0M (0%)            0M (0%)     
[64.190s][info][gc,heap     ] GC(14) Y: Allocated:         -                 2M (1%)            2M (1%)            2M (1%)     
[64.190s][info][gc,heap     ] GC(14) Y: Reclaimed:         -                  -                 4M (2%)            4M (2%)     
[64.190s][info][gc,heap     ] GC(14) Y:  Promoted:         -                  -                 0M (0%)            0M (0%)     
[64.190s][info][gc,heap     ] GC(14) Y: Compacted:         -                  -                  -                 0M (0%)     
[64.190s][info][gc,phases   ] GC(14) Y: Young Generation 254M(99%)->252M(98%) 0.005s
[64.190s][info][gc,phases   ] GC(14) O: Old Generation
[64.205s][info][gc,phases   ] GC(14) O: Concurrent Mark 14.520ms
[64.205s][info][gc,phases   ] GC(14) O: Pause Mark End 0.043ms
[64.205s][info][gc,phases   ] GC(14) O: Concurrent Mark Free 0.005ms
[64.207s][info][gc,phases   ] GC(14) O: Concurrent Process Non-Strong 1.750ms
[64.207s][info][gc,phases   ] GC(14) O: Concurrent Reset Relocation Set 0.003ms
[64.207s][info][gc,phases   ] GC(14) O: Concurrent Select Relocation Set 0.111ms
[64.207s][info][gc,task     ] GC(14) O: Using 2 Workers for Old Generation
[64.208s][info][gc,task     ] GC(14) O: Using 1 Workers for Old Generation
[64.208s][info][gc,phases   ] GC(14) O: Concurrent Remap Roots 0.938ms
[64.208s][info][gc,phases   ] GC(14) O: Pause Relocate Start 0.020ms
[64.208s][info][gc,phases   ] GC(14) O: Concurrent Relocate 0.126ms
[64.208s][info][gc,alloc    ] GC(14) O:                         Mark Start        Mark End      Relocate Start    Relocate End   
[64.209s][info][gc,alloc    ] GC(14) O: Allocation Stalls:          0                0                0                0         
[64.209s][info][gc,load     ] GC(14) O: Load: 0.00 (0%) / 0.00 (0%) / 0.00 (0%)
[64.209s][info][gc,mmu      ] GC(14) O: MMU: 2ms/96.0%, 5ms/97.9%, 10ms/98.7%, 20ms/99.1%, 50ms/99.5%, 100ms/99.8%
[64.209s][info][gc,marking  ] GC(14) O: Mark: 1 stripe(s), 2 proactive flush(es), 1 terminate flush(es), 0 completion(s), 0 continuation(s) 
[64.209s][info][gc,nmethod  ] GC(14) O: NMethods: 305 registered, 11 unregistered
[64.209s][info][gc,metaspace] GC(14) O: Metaspace: 0M used, 0M committed, 1088M reserved
[64.209s][info][gc,ref      ] GC(14) O:                       Encountered   Discovered     Enqueued 
[64.209s][info][gc,ref      ] GC(14) O: Soft References:               42           25            0 
[64.209s][info][gc,ref      ] GC(14) O: Weak References:               86           39            0 
[64.209s][info][gc,ref      ] GC(14) O: Final References:               0            0            0 
[64.209s][info][gc,ref      ] GC(14) O: Phantom References:             1            1            0 
[64.209s][info][gc,reloc    ] GC(14) O:                        Candidates     Selected     In-Place         Size        Empty    Relocated 
[64.209s][info][gc,reloc    ] GC(14) O: Small Pages:                    1            0            0           2M           0M           0M 
[64.209s][info][gc,reloc    ] GC(14) O: Medium Pages:                   0            0            0           0M           0M           0M 
[64.209s][info][gc,reloc    ] GC(14) O: Large Pages:                  119            0            0         238M           0M           0M 
[64.209s][info][gc,reloc    ] GC(14) O: Forwarding Usage: 0M
[64.209s][info][gc,heap     ] GC(14) O: Min Capacity: 8M(3%)
[64.209s][info][gc,heap     ] GC(14) O: Max Capacity: 256M(100%)
[64.209s][info][gc,heap     ] GC(14) O: Soft Max Capacity: 256M(100%)
[64.209s][info][gc,heap     ] GC(14) O: Heap Statistics:
[64.209s][info][gc,heap     ] GC(14) O:                Mark Start          Mark End        Relocate Start      Relocate End           High               Low         
[64.209s][info][gc,heap     ] GC(14) O:  Capacity:      254M (99%)         256M (100%)        256M (100%)        256M (100%)        256M (100%)        254M (99%)    
[64.210s][info][gc,heap     ] GC(14) O:      Free:        2M (1%)            4M (2%)            4M (2%)            4M (2%)            4M (2%)            0M (0%)     
[64.210s][info][gc,heap     ] GC(14) O:      Used:      254M (99%)         252M (98%)         252M (98%)         252M (98%)         256M (100%)        252M (98%)    
[64.210s][info][gc,heap     ] GC(14) O: Old Generation Statistics:
[64.210s][info][gc,heap     ] GC(14) O:                Mark Start          Mark End        Relocate Start      Relocate End    
[64.210s][info][gc,heap     ] GC(14) O:      Used:      240M (94%)         240M (94%)         240M (94%)         240M (94%)    
[64.210s][info][gc,heap     ] GC(14) O:      Live:         -               239M (93%)         239M (93%)         239M (93%)    
[64.210s][info][gc,heap     ] GC(14) O:   Garbage:         -                 0M (0%)            0M (0%)            0M (0%)     
[64.210s][info][gc,heap     ] GC(14) O: Allocated:         -                 0M (0%)            0M (0%)            0M (0%)     
[64.210s][info][gc,heap     ] GC(14) O: Reclaimed:         -                  -                 0M (0%)            0M (0%)     
[64.210s][info][gc,heap     ] GC(14) O: Compacted:         -                  -                  -                 0M (0%)     
[64.210s][info][gc,phases   ] GC(14) O: Old Generation 252M(98%)->252M(98%) 0.018s
[64.211s][info][gc          ] GC(14) Major Collection (Allocation Rate) 254M(99%)->252M(98%) 0.027s
[64.696s][info][gc          ] GC(15) Minor Collection (Allocation Rate)
[64.697s][info][gc,task     ] GC(15) Using 2 Workers for Young Generation
[64.697s][info][gc,phases   ] GC(15) y: Young Generation
[64.698s][info][gc,phases   ] GC(15) y: Pause Mark Start 0.058ms
[64.700s][info][gc,phases   ] GC(15) y: Concurrent Mark 2.338ms
[64.701s][info][gc,phases   ] GC(15) y: Pause Mark End 0.021ms
[64.701s][info][gc,phases   ] GC(15) y: Concurrent Mark Free 0.005ms
[64.701s][info][gc,phases   ] GC(15) y: Concurrent Reset Relocation Set 0.001ms
[64.701s][info][gc,reloc    ] GC(15) y: Using tenuring threshold: 1 (Computed)
[64.701s][info][gc,phases   ] GC(15) y: Concurrent Select Relocation Set 0.503ms
[64.702s][info][gc,phases   ] GC(15) y: Pause Relocate Start 0.018ms
[64.702s][info][gc,phases   ] GC(15) y: Concurrent Relocate 0.276ms
[64.702s][info][gc,alloc    ] GC(15) y:                         Mark Start        Mark End      Relocate Start    Relocate End   
[64.702s][info][gc,alloc    ] GC(15) y: Allocation Stalls:          0                0                0                0         
[64.702s][info][gc,load     ] GC(15) y: Load: 0.00 (0%) / 0.00 (0%) / 0.00 (0%)
[64.702s][info][gc,mmu      ] GC(15) y: MMU: 2ms/96.0%, 5ms/97.9%, 10ms/98.7%, 20ms/99.1%, 50ms/99.5%, 100ms/99.8%
[64.703s][info][gc,marking  ] GC(15) y: Mark: 2 stripe(s), 2 proactive flush(es), 1 terminate flush(es), 0 completion(s), 0 continuation(s) 
[64.703s][info][gc,nmethod  ] GC(15) y: NMethods: 305 registered, 11 unregistered
[64.703s][info][gc,metaspace] GC(15) y: Metaspace: 0M used, 0M committed, 1088M reserved
[64.703s][info][gc,reloc    ] GC(15) y:                        Candidates     Selected     In-Place         Size        Empty    Relocated 
[64.703s][info][gc,reloc    ] GC(15) y: Small Pages:                    1            0            0           2M           2M           0M 
[64.703s][info][gc,reloc    ] GC(15) y: Medium Pages:                   0            0            0           0M           0M           0M 
[64.703s][info][gc,reloc    ] GC(15) y: Large Pages:                    6            0            0          12M           0M           0M 
[64.703s][info][gc,reloc    ] GC(15) y: Forwarding Usage: 0M
[64.703s][info][gc,reloc    ] GC(15) y: Age Table:
[64.703s][info][gc,reloc    ] GC(15) y:                    Live             Garbage             Small              Medium             Large        
[64.703s][info][gc,reloc    ] GC(15) y: Eden               2M (1%)            2M (1%)           1 / 0              0 / 0              1 / 0        
[64.703s][info][gc,reloc    ] GC(15) y: Survivor 1        10M (4%)            0M (0%)           0 / 0              0 / 0              5 / 0        
[64.703s][info][gc,heap     ] GC(15) y: Min Capacity: 8M(3%)
[64.703s][info][gc,heap     ] GC(15) y: Max Capacity: 256M(100%)
[64.703s][info][gc,heap     ] GC(15) y: Soft Max Capacity: 256M(100%)
[64.703s][info][gc,heap     ] GC(15) y: Heap Statistics:
[64.704s][info][gc,heap     ] GC(15) y:                Mark Start          Mark End        Relocate Start      Relocate End           High               Low         
[64.704s][info][gc,heap     ] GC(15) y:  Capacity:      256M (100%)        256M (100%)        256M (100%)        256M (100%)        256M (100%)        256M (100%)   
[64.704s][info][gc,heap     ] GC(15) y:      Free:        2M (1%)            0M (0%)            2M (1%)            2M (1%)            2M (1%)            0M (0%)     
[64.704s][info][gc,heap     ] GC(15) y:      Used:      254M (99%)         256M (100%)        254M (99%)         254M (99%)         256M (100%)        254M (99%)    
[64.704s][info][gc,heap     ] GC(15) y: Young Generation Statistics:
[64.704s][info][gc,heap     ] GC(15) y:                Mark Start          Mark End        Relocate Start      Relocate End    
[64.704s][info][gc,heap     ] GC(15) y:      Used:       14M (5%)           16M (6%)            4M (2%)            4M (2%)     
[64.704s][info][gc,heap     ] GC(15) y:      Live:         -                12M (5%)            2M (1%)            2M (1%)     
[64.704s][info][gc,heap     ] GC(15) y:   Garbage:         -                 2M (1%)            0M (0%)            0M (0%)     
[64.704s][info][gc,heap     ] GC(15) y: Allocated:         -                 2M (1%)            2M (1%)            2M (1%)     
[64.704s][info][gc,heap     ] GC(15) y: Reclaimed:         -                  -                 2M (1%)            2M (1%)     
[64.704s][info][gc,heap     ] GC(15) y:  Promoted:         -                  -                10M (4%)           10M (4%)     
[64.704s][info][gc,heap     ] GC(15) y: Compacted:         -                  -                  -                 0M (0%)     
[64.704s][info][gc,phases   ] GC(15) y: Young Generation 254M(99%)->254M(99%) 0.006s
[64.704s][info][gc          ] GC(15) Minor Collection (Allocation Rate) 254M(99%)->254M(99%) 0.008s
[65.725s][info][gc          ] GC(16) Minor Collection (Allocation Stall)
[65.725s][info][gc,task     ] GC(16) Using 2 Workers for Young Generation
[65.725s][info][gc,phases   ] GC(16) y: Young Generation
[65.725s][info][gc,phases   ] GC(16) y: Pause Mark Start 0.019ms
[65.727s][info][gc,phases   ] GC(16) y: Concurrent Mark 1.889ms
[65.727s][info][gc,phases   ] GC(16) y: Pause Mark End 0.021ms
[65.727s][info][gc,phases   ] GC(16) y: Concurrent Mark Free 0.002ms
[65.727s][info][gc,phases   ] GC(16) y: Concurrent Reset Relocation Set 0.006ms
[65.728s][info][gc,reloc    ] GC(16) y: Using tenuring threshold: 2 (Computed)
[65.728s][info][gc          ] Allocation Stall (main) 2.984ms
[65.728s][info][gc,phases   ] GC(16) y: Concurrent Select Relocation Set 0.496ms
[65.728s][info][gc,phases   ] GC(16) y: Pause Relocate Start 0.013ms
[65.729s][info][gc,phases   ] GC(16) y: Concurrent Relocate 0.376ms
[65.729s][info][gc,alloc    ] GC(16) y:                         Mark Start        Mark End      Relocate Start    Relocate End   
[65.729s][info][gc,alloc    ] GC(16) y: Allocation Stalls:          1                1                0                0         
[65.729s][info][gc,load     ] GC(16) y: Load: 0.00 (0%) / 0.00 (0%) / 0.00 (0%)
[65.729s][info][gc,mmu      ] GC(16) y: MMU: 2ms/96.0%, 5ms/97.9%, 10ms/98.7%, 20ms/99.1%, 50ms/99.5%, 100ms/99.8%
[65.729s][info][gc,marking  ] GC(16) y: Mark: 2 stripe(s), 1 proactive flush(es), 1 terminate flush(es), 0 completion(s), 0 continuation(s) 
[65.729s][info][gc,nmethod  ] GC(16) y: NMethods: 306 registered, 11 unregistered
[65.729s][info][gc,metaspace] GC(16) y: Metaspace: 0M used, 0M committed, 1088M reserved
[65.729s][info][gc,reloc    ] GC(16) y:                        Candidates     Selected     In-Place         Size        Empty    Relocated 
[65.730s][info][gc,reloc    ] GC(16) y: Small Pages:                    1            0            0           2M           2M           0M 
[65.730s][info][gc,reloc    ] GC(16) y: Medium Pages:                   0            0            0           0M           0M           0M 
[65.730s][info][gc,reloc    ] GC(16) y: Large Pages:                    2            0            0           4M           0M           0M 
[65.730s][info][gc,reloc    ] GC(16) y: Forwarding Usage: 0M
[65.730s][info][gc,reloc    ] GC(16) y: Age Table:
[65.730s][info][gc,reloc    ] GC(16) y:                    Live             Garbage             Small              Medium             Large        
[65.730s][info][gc,reloc    ] GC(16) y: Eden               2M (1%)            2M (1%)           1 / 0              0 / 0              1 / 0        
[65.730s][info][gc,reloc    ] GC(16) y: Survivor 1         2M (1%)            0M (0%)           0 / 0              0 / 0              1 / 0        
[65.730s][info][gc,heap     ] GC(16) y: Min Capacity: 8M(3%)
[65.730s][info][gc,heap     ] GC(16) y: Max Capacity: 256M(100%)
[65.730s][info][gc,heap     ] GC(16) y: Soft Max Capacity: 256M(100%)
[65.730s][info][gc,heap     ] GC(16) y: Heap Statistics:
[65.730s][info][gc,heap     ] GC(16) y:                Mark Start          Mark End        Relocate Start      Relocate End           High               Low         
[65.730s][info][gc,heap     ] GC(16) y:  Capacity:      256M (100%)        256M (100%)        256M (100%)        256M (100%)        256M (100%)        256M (100%)   
[65.730s][info][gc,heap     ] GC(16) y:      Free:        0M (0%)            0M (0%)            0M (0%)            0M (0%)            2M (1%)            0M (0%)     
[65.730s][info][gc,heap     ] GC(16) y:      Used:      256M (100%)        256M (100%)        256M (100%)        256M (100%)        256M (100%)        254M (99%)    
[65.730s][info][gc,heap     ] GC(16) y: Young Generation Statistics:
[65.730s][info][gc,heap     ] GC(16) y:                Mark Start          Mark End        Relocate Start      Relocate End    
[65.730s][info][gc,heap     ] GC(16) y:      Used:        6M (2%)            6M (2%)            6M (2%)            6M (2%)     
[65.730s][info][gc,heap     ] GC(16) y:      Live:         -                 4M (2%)            4M (2%)            4M (2%)     
[65.730s][info][gc,heap     ] GC(16) y:   Garbage:         -                 2M (1%)            0M (0%)            0M (0%)     
[65.730s][info][gc,heap     ] GC(16) y: Allocated:         -                 0M (0%)            2M (1%)            2M (1%)     
[65.730s][info][gc,heap     ] GC(16) y: Reclaimed:         -                  -                 2M (1%)            2M (1%)     
[65.730s][info][gc,heap     ] GC(16) y:  Promoted:         -                  -                 0M (0%)            0M (0%)     
[65.731s][info][gc,heap     ] GC(16) y: Compacted:         -                  -                  -                 0M (0%)     
[65.731s][info][gc,phases   ] GC(16) y: Young Generation 256M(100%)->256M(100%) 0.004s
[65.731s][info][gc          ] GC(16) Minor Collection (Allocation Stall) 256M(100%)->256M(100%) 0.006s
[65.731s][info][gc          ] GC(17) Minor Collection (Allocation Stall)
[65.731s][info][gc,task     ] GC(17) Using 2 Workers for Young Generation
[65.731s][info][gc,phases   ] GC(17) y: Young Generation
[65.731s][info][gc,phases   ] GC(17) y: Pause Mark Start 0.021ms
[65.733s][info][gc,phases   ] GC(17) y: Concurrent Mark 2.155ms
[65.733s][info][gc,phases   ] GC(17) y: Pause Mark End 0.019ms
[65.734s][info][gc,phases   ] GC(17) y: Concurrent Mark Free 0.003ms
[65.734s][info][gc,phases   ] GC(17) y: Concurrent Reset Relocation Set 0.001ms
[65.734s][info][gc,reloc    ] GC(17) y: Using tenuring threshold: 3 (Computed)
[65.734s][info][gc,phases   ] GC(17) y: Concurrent Select Relocation Set 0.429ms
[65.734s][info][gc,phases   ] GC(17) y: Pause Relocate Start 0.017ms
[65.735s][info][gc,phases   ] GC(17) y: Concurrent Relocate 0.466ms
[65.735s][info][gc,alloc    ] GC(17) y:                         Mark Start        Mark End      Relocate Start    Relocate End   
[65.735s][info][gc,alloc    ] GC(17) y: Allocation Stalls:          1                1                1                1         
[65.735s][info][gc,load     ] GC(17) y: Load: 0.00 (0%) / 0.00 (0%) / 0.00 (0%)
[65.735s][info][gc,mmu      ] GC(17) y: MMU: 2ms/96.0%, 5ms/97.9%, 10ms/98.7%, 20ms/99.1%, 50ms/99.5%, 100ms/99.8%
[65.735s][info][gc,marking  ] GC(17) y: Mark: 2 stripe(s), 1 proactive flush(es), 1 terminate flush(es), 0 completion(s), 0 continuation(s) 
[65.735s][info][gc,nmethod  ] GC(17) y: NMethods: 306 registered, 11 unregistered
[65.735s][info][gc,metaspace] GC(17) y: Metaspace: 0M used, 0M committed, 1088M reserved
[65.735s][info][gc,reloc    ] GC(17) y:                        Candidates     Selected     In-Place         Size        Empty    Relocated 
[65.735s][info][gc,reloc    ] GC(17) y: Small Pages:                    0            0            0           0M           0M           0M 
[65.735s][info][gc,reloc    ] GC(17) y: Medium Pages:                   0            0            0           0M           0M           0M 
[65.735s][info][gc,reloc    ] GC(17) y: Large Pages:                    3            0            0           6M           0M           0M 
[65.735s][info][gc,reloc    ] GC(17) y: Forwarding Usage: 0M
[65.735s][info][gc,reloc    ] GC(17) y: Age Table:
[65.736s][info][gc,reloc    ] GC(17) y:                    Live             Garbage             Small              Medium             Large        
[65.736s][info][gc,reloc    ] GC(17) y: Eden               2M (1%)            0M (0%)           0 / 0              0 / 0              1 / 0        
[65.736s][info][gc,reloc    ] GC(17) y: Survivor 1         2M (1%)            0M (0%)           0 / 0              0 / 0              1 / 0        
[65.736s][info][gc,reloc    ] GC(17) y: Survivor 2         2M (1%)            0M (0%)           0 / 0              0 / 0              1 / 0        
[65.736s][info][gc,heap     ] GC(17) y: Min Capacity: 8M(3%)
[65.736s][info][gc,heap     ] GC(17) y: Max Capacity: 256M(100%)
[65.736s][info][gc,heap     ] GC(17) y: Soft Max Capacity: 256M(100%)
[65.736s][info][gc,heap     ] GC(17) y: Heap Statistics:
[65.736s][info][gc,heap     ] GC(17) y:                Mark Start          Mark End        Relocate Start      Relocate End           High               Low         
[65.736s][info][gc,heap     ] GC(17) y:  Capacity:      256M (100%)        256M (100%)        256M (100%)        256M (100%)        256M (100%)        256M (100%)   
[65.736s][info][gc,heap     ] GC(17) y:      Free:        0M (0%)            0M (0%)            0M (0%)            0M (0%)            0M (0%)            0M (0%)     
[65.736s][info][gc,heap     ] GC(17) y:      Used:      256M (100%)        256M (100%)        256M (100%)        256M (100%)        256M (100%)        256M (100%)   
[65.736s][info][gc,heap     ] GC(17) y: Young Generation Statistics:
[65.736s][info][gc,heap     ] GC(17) y:                Mark Start          Mark End        Relocate Start      Relocate End    
[65.736s][info][gc,heap     ] GC(17) y:      Used:        6M (2%)            6M (2%)            6M (2%)            6M (2%)     
[65.736s][info][gc,heap     ] GC(17) y:      Live:         -                 6M (2%)            6M (2%)            6M (2%)     
[65.736s][info][gc,heap     ] GC(17) y:   Garbage:         -                 0M (0%)            0M (0%)            0M (0%)     
[65.736s][info][gc,heap     ] GC(17) y: Allocated:         -                 0M (0%)            0M (0%)            0M (0%)     
[65.736s][info][gc,heap     ] GC(17) y: Reclaimed:         -                  -                 0M (0%)            0M (0%)     
[65.736s][info][gc,heap     ] GC(17) y:  Promoted:         -                  -                 0M (0%)            0M (0%)     
[65.736s][info][gc,heap     ] GC(17) y: Compacted:         -                  -                  -                 0M (0%)     
[65.736s][info][gc,phases   ] GC(17) y: Young Generation 256M(100%)->256M(100%) 0.004s
[65.736s][info][gc          ] GC(17) Minor Collection (Allocation Stall) 256M(100%)->256M(100%) 0.006s
[65.736s][info][gc          ] GC(18) Major Collection (Allocation Stall)
[65.737s][info][gc,task     ] GC(18) Using 2 Workers for Young Generation
[65.737s][info][gc,task     ] GC(18) Using 2 Workers for Old Generation
[65.737s][info][gc,phases   ] GC(18) Y: Young Generation (Promote All)
[65.737s][info][gc,phases   ] GC(18) Y: Pause Mark Start 0.016ms
[65.739s][info][gc,phases   ] GC(18) Y: Concurrent Mark 2.025ms
[65.739s][info][gc,phases   ] GC(18) Y: Pause Mark End 0.020ms
[65.739s][info][gc,phases   ] GC(18) Y: Concurrent Mark Free 0.004ms
[65.739s][info][gc,phases   ] GC(18) Y: Concurrent Reset Relocation Set 0.001ms
[65.739s][info][gc,reloc    ] GC(18) Y: Using tenuring threshold: 0 (Promote All)
[65.740s][info][gc,phases   ] GC(18) Y: Concurrent Select Relocation Set 0.471ms
[65.740s][info][gc,phases   ] GC(18) Y: Pause Relocate Start 0.029ms
[65.741s][info][gc,phases   ] GC(18) Y: Concurrent Relocate 0.472ms
[65.741s][info][gc,alloc    ] GC(18) Y:                         Mark Start        Mark End      Relocate Start    Relocate End   
[65.741s][info][gc,alloc    ] GC(18) Y: Allocation Stalls:          1                1                1                1         
[65.741s][info][gc,load     ] GC(18) Y: Load: 0.00 (0%) / 0.00 (0%) / 0.00 (0%)
[65.741s][info][gc,mmu      ] GC(18) Y: MMU: 2ms/96.0%, 5ms/97.9%, 10ms/98.7%, 20ms/99.1%, 50ms/99.5%, 100ms/99.8%
[65.741s][info][gc,marking  ] GC(18) Y: Mark: 2 stripe(s), 1 proactive flush(es), 1 terminate flush(es), 0 completion(s), 0 continuation(s) 
[65.741s][info][gc,nmethod  ] GC(18) Y: NMethods: 306 registered, 11 unregistered
[65.741s][info][gc,metaspace] GC(18) Y: Metaspace: 0M used, 0M committed, 1088M reserved
[65.741s][info][gc,reloc    ] GC(18) Y:                        Candidates     Selected     In-Place         Size        Empty    Relocated 
[65.741s][info][gc,reloc    ] GC(18) Y: Small Pages:                    0            0            0           0M           0M           0M 
[65.741s][info][gc,reloc    ] GC(18) Y: Medium Pages:                   0            0            0           0M           0M           0M 
[65.741s][info][gc,reloc    ] GC(18) Y: Large Pages:                    3            0            0           6M           0M           0M 
[65.741s][info][gc,reloc    ] GC(18) Y: Forwarding Usage: 0M
[65.741s][info][gc,reloc    ] GC(18) Y: Age Table:
[65.741s][info][gc,reloc    ] GC(18) Y:                    Live             Garbage             Small              Medium             Large        
[65.741s][info][gc,reloc    ] GC(18) Y: Eden                -                 0M (0%)           0 / 0              0 / 0              0 / 0        
[65.742s][info][gc,reloc    ] GC(18) Y: Survivor 1         2M (1%)            0M (0%)           0 / 0              0 / 0              1 / 0        
[65.742s][info][gc,reloc    ] GC(18) Y: Survivor 2         2M (1%)            0M (0%)           0 / 0              0 / 0              1 / 0        
[65.742s][info][gc,reloc    ] GC(18) Y: Survivor 3         2M (1%)            0M (0%)           0 / 0              0 / 0              1 / 0        
[65.742s][info][gc,heap     ] GC(18) Y: Min Capacity: 8M(3%)
[65.742s][info][gc,heap     ] GC(18) Y: Max Capacity: 256M(100%)
[65.742s][info][gc,heap     ] GC(18) Y: Soft Max Capacity: 256M(100%)
[65.742s][info][gc,heap     ] GC(18) Y: Heap Statistics:
[65.742s][info][gc,heap     ] GC(18) Y:                Mark Start          Mark End        Relocate Start      Relocate End           High               Low         
[65.742s][info][gc,heap     ] GC(18) Y:  Capacity:      256M (100%)        256M (100%)        256M (100%)        256M (100%)        256M (100%)        256M (100%)   
[65.742s][info][gc,heap     ] GC(18) Y:      Free:        0M (0%)            0M (0%)            0M (0%)            0M (0%)            0M (0%)            0M (0%)     
[65.742s][info][gc,heap     ] GC(18) Y:      Used:      256M (100%)        256M (100%)        256M (100%)        256M (100%)        256M (100%)        256M (100%)   
[65.742s][info][gc,heap     ] GC(18) Y: Young Generation Statistics:
[65.742s][info][gc,heap     ] GC(18) Y:                Mark Start          Mark End        Relocate Start      Relocate End    
[65.742s][info][gc,heap     ] GC(18) Y:      Used:        6M (2%)            6M (2%)            0M (0%)            0M (0%)     
[65.742s][info][gc,heap     ] GC(18) Y:      Live:         -                 6M (2%)            0M (0%)            0M (0%)     
[65.742s][info][gc,heap     ] GC(18) Y:   Garbage:         -                 0M (0%)            0M (0%)            0M (0%)     
[65.742s][info][gc,heap     ] GC(18) Y: Allocated:         -                 0M (0%)            0M (0%)            0M (0%)     
[65.742s][info][gc,heap     ] GC(18) Y: Reclaimed:         -                  -                 0M (0%)            0M (0%)     
[65.742s][info][gc,heap     ] GC(18) Y:  Promoted:         -                  -                 6M (2%)            6M (2%)     
[65.742s][info][gc,heap     ] GC(18) Y: Compacted:         -                  -                  -                 0M (0%)     
[65.742s][info][gc,phases   ] GC(18) Y: Young Generation (Promote All) 256M(100%)->256M(100%) 0.004s
[65.742s][info][gc,phases   ] GC(18) Y: Young Generation (Collect Roots)
[65.742s][info][gc,phases   ] GC(18) Y: Pause Mark Start (Major) 0.021ms
[65.744s][info][gc,phases   ] GC(18) Y: Concurrent Mark 1.891ms
[65.745s][info][gc,phases   ] GC(18) Y: Pause Mark End 0.017ms
[65.745s][info][gc,phases   ] GC(18) Y: Concurrent Mark Free 0.002ms
[65.745s][info][gc,phases   ] GC(18) Y: Concurrent Reset Relocation Set 0.003ms
[65.745s][info][gc,reloc    ] GC(18) Y: Using tenuring threshold: 0 (Computed)
[65.745s][info][gc,phases   ] GC(18) Y: Concurrent Select Relocation Set 0.508ms
[65.745s][info][gc,phases   ] GC(18) Y: Pause Relocate Start 0.018ms
[65.746s][info][gc,phases   ] GC(18) Y: Concurrent Relocate 0.277ms
[65.746s][info][gc,alloc    ] GC(18) Y:                         Mark Start        Mark End      Relocate Start    Relocate End   
[65.746s][info][gc,alloc    ] GC(18) Y: Allocation Stalls:          1                1                1                1         
[65.746s][info][gc,load     ] GC(18) Y: Load: 0.00 (0%) / 0.00 (0%) / 0.00 (0%)
[65.746s][info][gc,mmu      ] GC(18) Y: MMU: 2ms/96.0%, 5ms/97.9%, 10ms/98.7%, 20ms/98.9%, 50ms/99.5%, 100ms/99.8%
[65.746s][info][gc,marking  ] GC(18) Y: Mark: 2 stripe(s), 1 proactive flush(es), 1 terminate flush(es), 0 completion(s), 0 continuation(s) 
[65.746s][info][gc,nmethod  ] GC(18) Y: NMethods: 306 registered, 11 unregistered
[65.746s][info][gc,metaspace] GC(18) Y: Metaspace: 0M used, 0M committed, 1088M reserved
[65.746s][info][gc,heap     ] GC(18) Y: Min Capacity: 8M(3%)
[65.746s][info][gc,heap     ] GC(18) Y: Max Capacity: 256M(100%)
[65.746s][info][gc,heap     ] GC(18) Y: Soft Max Capacity: 256M(100%)
[65.746s][info][gc,heap     ] GC(18) Y: Heap Statistics:
[65.746s][info][gc,heap     ] GC(18) Y:                Mark Start          Mark End        Relocate Start      Relocate End           High               Low         
[65.746s][info][gc,heap     ] GC(18) Y:  Capacity:      256M (100%)        256M (100%)        256M (100%)        256M (100%)        256M (100%)        256M (100%)   
[65.746s][info][gc,heap     ] GC(18) Y:      Free:        0M (0%)            0M (0%)            0M (0%)            0M (0%)            0M (0%)            0M (0%)     
[65.746s][info][gc,heap     ] GC(18) Y:      Used:      256M (100%)        256M (100%)        256M (100%)        256M (100%)        256M (100%)        256M (100%)   
[65.746s][info][gc,heap     ] GC(18) Y: Young Generation Statistics:
[65.747s][info][gc,heap     ] GC(18) Y:                Mark Start          Mark End        Relocate Start      Relocate End    
[65.747s][info][gc,heap     ] GC(18) Y:      Used:        0M (0%)            0M (0%)            0M (0%)            0M (0%)     
[65.747s][info][gc,heap     ] GC(18) Y:      Live:         -                 0M (0%)            0M (0%)            0M (0%)     
[65.747s][info][gc,heap     ] GC(18) Y:   Garbage:         -                 0M (0%)            0M (0%)            0M (0%)     
[65.747s][info][gc,heap     ] GC(18) Y: Allocated:         -                 0M (0%)            0M (0%)            0M (0%)     
[65.747s][info][gc,heap     ] GC(18) Y: Reclaimed:         -                  -                 0M (0%)            0M (0%)     
[65.747s][info][gc,heap     ] GC(18) Y:  Promoted:         -                  -                 0M (0%)            0M (0%)     
[65.747s][info][gc,heap     ] GC(18) Y: Compacted:         -                  -                  -                 0M (0%)     
[65.747s][info][gc,phases   ] GC(18) Y: Young Generation (Collect Roots) 256M(100%)->256M(100%) 0.004s
[65.747s][info][gc,phases   ] GC(18) O: Old Generation
[65.751s][info][gc,phases   ] GC(18) O: Concurrent Mark 4.486ms
[65.752s][info][gc,phases   ] GC(18) O: Pause Mark End 0.019ms
[65.752s][info][gc,phases   ] GC(18) O: Concurrent Mark Free 0.008ms
[65.752s][info][gc,ref      ] GC(18) O: Clearing All SoftReferences
[65.753s][info][gc,phases   ] GC(18) O: Concurrent Process Non-Strong 1.361ms
[65.753s][info][gc,phases   ] GC(18) O: Concurrent Reset Relocation Set 0.001ms
[65.753s][info][gc,phases   ] GC(18) O: Concurrent Select Relocation Set 0.190ms
[65.754s][info][gc,task     ] GC(18) O: Using 2 Workers for Old Generation
[65.754s][info][gc,task     ] GC(18) O: Using 2 Workers for Old Generation
[65.754s][info][gc,phases   ] GC(18) O: Concurrent Remap Roots 0.934ms
[65.755s][info][gc,phases   ] GC(18) O: Pause Relocate Start 0.021ms
[65.755s][info][gc,phases   ] GC(18) O: Concurrent Relocate 0.265ms
[65.755s][info][gc,alloc    ] GC(18) O:                         Mark Start        Mark End      Relocate Start    Relocate End   
[65.755s][info][gc,alloc    ] GC(18) O: Allocation Stalls:          1                1                1                1         
[65.755s][info][gc,load     ] GC(18) O: Load: 0.00 (0%) / 0.00 (0%) / 0.00 (0%)
[65.755s][info][gc,mmu      ] GC(18) O: MMU: 2ms/96.0%, 5ms/97.9%, 10ms/98.7%, 20ms/98.9%, 50ms/99.5%, 100ms/99.7%
[65.755s][info][gc,marking  ] GC(18) O: Mark: 2 stripe(s), 1 proactive flush(es), 1 terminate flush(es), 0 completion(s), 0 continuation(s) 
[65.755s][info][gc,nmethod  ] GC(18) O: NMethods: 306 registered, 11 unregistered
[65.756s][info][gc,metaspace] GC(18) O: Metaspace: 0M used, 0M committed, 1088M reserved
[65.756s][info][gc,ref      ] GC(18) O:                       Encountered   Discovered     Enqueued 
[65.756s][info][gc,ref      ] GC(18) O: Soft References:               42           24            0 
[65.756s][info][gc,ref      ] GC(18) O: Weak References:               86           23            0 
[65.756s][info][gc,ref      ] GC(18) O: Final References:               0            0            0 
[65.756s][info][gc,ref      ] GC(18) O: Phantom References:             1            1            0 
[65.756s][info][gc,reloc    ] GC(18) O:                        Candidates     Selected     In-Place         Size        Empty    Relocated 
[65.756s][info][gc,reloc    ] GC(18) O: Small Pages:                    1            0            0           2M           0M           0M 
[65.756s][info][gc,reloc    ] GC(18) O: Medium Pages:                   0            0            0           0M           0M           0M 
[65.756s][info][gc,reloc    ] GC(18) O: Large Pages:                  127            0            0         254M           0M           0M 
[65.756s][info][gc,reloc    ] GC(18) O: Forwarding Usage: 0M
[65.756s][info][gc,heap     ] GC(18) O: Min Capacity: 8M(3%)
[65.756s][info][gc,heap     ] GC(18) O: Max Capacity: 256M(100%)
[65.756s][info][gc,heap     ] GC(18) O: Soft Max Capacity: 256M(100%)
[65.756s][info][gc,heap     ] GC(18) O: Heap Statistics:
[65.756s][info][gc,heap     ] GC(18) O:                Mark Start          Mark End        Relocate Start      Relocate End           High               Low         
[65.756s][info][gc,heap     ] GC(18) O:  Capacity:      256M (100%)        256M (100%)        256M (100%)        256M (100%)        256M (100%)        256M (100%)   
[65.756s][info][gc,heap     ] GC(18) O:      Free:        0M (0%)            0M (0%)            0M (0%)            0M (0%)            0M (0%)            0M (0%)     
[65.756s][info][gc,heap     ] GC(18) O:      Used:      256M (100%)        256M (100%)        256M (100%)        256M (100%)        256M (100%)        256M (100%)   
[65.756s][info][gc,heap     ] GC(18) O: Old Generation Statistics:
[65.756s][info][gc,heap     ] GC(18) O:                Mark Start          Mark End        Relocate Start      Relocate End    
[65.756s][info][gc,heap     ] GC(18) O:      Used:      256M (100%)        256M (100%)        256M (100%)        256M (100%)   
[65.756s][info][gc,heap     ] GC(18) O:      Live:         -               255M (100%)        255M (100%)        255M (100%)   
[65.756s][info][gc,heap     ] GC(18) O:   Garbage:         -                 0M (0%)            0M (0%)            0M (0%)     
[65.756s][info][gc,heap     ] GC(18) O: Allocated:         -                 0M (0%)            0M (0%)            0M (0%)     
[65.756s][info][gc,heap     ] GC(18) O: Reclaimed:         -                  -                 0M (0%)            0M (0%)     
[65.756s][info][gc,heap     ] GC(18) O: Compacted:         -                  -                  -                 0M (0%)     
[65.756s][info][gc,phases   ] GC(18) O: Old Generation 256M(100%)->256M(100%) 0.008s
[65.756s][info][gc          ] GC(18) Major Collection (Allocation Stall) 256M(100%)->256M(100%) 0.020s
[65.757s][info][gc          ] Allocation Stall (main) 26.658ms
[65.757s][info][gc          ] GC(19) Minor Collection (Allocation Stall)
[65.757s][info][gc,task     ] GC(19) Using 2 Workers for Young Generation
[65.757s][info][gc,phases   ] GC(19) y: Young Generation
[65.757s][info][gc,phases   ] GC(19) y: Pause Mark Start 0.016ms
[65.759s][info][gc,phases   ] GC(19) y: Concurrent Mark 1.701ms
[65.759s][info][gc,phases   ] GC(19) y: Pause Mark End 0.016ms
[65.759s][info][gc,phases   ] GC(19) y: Concurrent Mark Free 0.001ms
[65.759s][info][gc,phases   ] GC(19) y: Concurrent Reset Relocation Set 0.001ms
[65.759s][info][gc,reloc    ] GC(19) y: Using tenuring threshold: 0 (Computed)
[65.760s][info][gc,phases   ] GC(19) y: Concurrent Select Relocation Set 0.685ms
[65.760s][info][gc,phases   ] GC(19) y: Pause Relocate Start 0.018ms
[65.760s][info][gc,phases   ] GC(19) y: Concurrent Relocate 0.233ms
[65.760s][info][gc,alloc    ] GC(19) y:                         Mark Start        Mark End      Relocate Start    Relocate End   
[65.761s][info][gc,alloc    ] GC(19) y: Allocation Stalls:          1                1                1                1         
[65.761s][info][gc,load     ] GC(19) y: Load: 0.00 (0%) / 0.00 (0%) / 0.00 (0%)
[65.761s][info][gc,mmu      ] GC(19) y: MMU: 2ms/96.0%, 5ms/97.9%, 10ms/98.7%, 20ms/98.9%, 50ms/99.4%, 100ms/99.7%
[65.761s][info][gc,marking  ] GC(19) y: Mark: 2 stripe(s), 1 proactive flush(es), 1 terminate flush(es), 0 completion(s), 0 continuation(s) 
[65.761s][info][gc,nmethod  ] GC(19) y: NMethods: 306 registered, 11 unregistered
[65.761s][info][gc,metaspace] GC(19) y: Metaspace: 0M used, 0M committed, 1088M reserved
[65.761s][info][gc,heap     ] GC(19) y: Min Capacity: 8M(3%)
[65.761s][info][gc,heap     ] GC(19) y: Max Capacity: 256M(100%)
[65.761s][info][gc,heap     ] GC(19) y: Soft Max Capacity: 256M(100%)
[65.761s][info][gc,heap     ] GC(19) y: Heap Statistics:
[65.761s][info][gc,heap     ] GC(19) y:                Mark Start          Mark End        Relocate Start      Relocate End           High               Low         
[65.761s][info][gc,heap     ] GC(19) y:  Capacity:      256M (100%)        256M (100%)        256M (100%)        256M (100%)        256M (100%)        256M (100%)   
[65.761s][info][gc,heap     ] GC(19) y:      Free:        0M (0%)            0M (0%)            0M (0%)            0M (0%)            0M (0%)            0M (0%)     
[65.761s][info][gc,heap     ] GC(19) y:      Used:      256M (100%)        256M (100%)        256M (100%)        256M (100%)        256M (100%)        256M (100%)   
[65.761s][info][gc,heap     ] GC(19) y: Young Generation Statistics:
[65.761s][info][gc,heap     ] GC(19) y:                Mark Start          Mark End        Relocate Start      Relocate End    
[65.761s][info][gc,heap     ] GC(19) y:      Used:        0M (0%)            0M (0%)            0M (0%)            0M (0%)     
[65.761s][info][gc,heap     ] GC(19) y:      Live:         -                 0M (0%)            0M (0%)            0M (0%)     
[65.761s][info][gc,heap     ] GC(19) y:   Garbage:         -                 0M (0%)            0M (0%)            0M (0%)     
[65.761s][info][gc,heap     ] GC(19) y: Allocated:         -                 0M (0%)            0M (0%)            0M (0%)     
[65.761s][info][gc,heap     ] GC(19) y: Reclaimed:         -                  -                 0M (0%)            0M (0%)     
[65.761s][info][gc,heap     ] GC(19) y:  Promoted:         -                  -                 0M (0%)            0M (0%)     
[65.761s][info][gc,heap     ] GC(19) y: Compacted:         -                  -                  -                 0M (0%)     
[65.761s][info][gc,phases   ] GC(19) y: Young Generation 256M(100%)->256M(100%) 0.004s
[65.761s][info][gc          ] GC(19) Minor Collection (Allocation Stall) 256M(100%)->256M(100%) 0.005s
[65.761s][info][gc          ] GC(20) Major Collection (Allocation Stall)
[65.762s][info][gc,task     ] GC(20) Using 2 Workers for Young Generation
[65.762s][info][gc,task     ] GC(20) Using 2 Workers for Old Generation
[65.762s][info][gc,phases   ] GC(20) Y: Young Generation (Promote All)
[65.762s][info][gc,phases   ] GC(20) Y: Pause Mark Start 0.021ms
[65.764s][info][gc,phases   ] GC(20) Y: Concurrent Mark 1.898ms
[65.764s][info][gc,phases   ] GC(20) Y: Pause Mark End 0.019ms
[65.764s][info][gc,phases   ] GC(20) Y: Concurrent Mark Free 0.002ms
[65.764s][info][gc,phases   ] GC(20) Y: Concurrent Reset Relocation Set 0.001ms
[65.764s][info][gc,reloc    ] GC(20) Y: Using tenuring threshold: 0 (Promote All)
[65.765s][info][gc,phases   ] GC(20) Y: Concurrent Select Relocation Set 0.374ms
[65.765s][info][gc,phases   ] GC(20) Y: Pause Relocate Start 0.018ms
[65.766s][info][gc,phases   ] GC(20) Y: Concurrent Relocate 0.618ms
[65.766s][info][gc,alloc    ] GC(20) Y:                         Mark Start        Mark End      Relocate Start    Relocate End   
[65.766s][info][gc,alloc    ] GC(20) Y: Allocation Stalls:          1                1                1                1         
[65.766s][info][gc,load     ] GC(20) Y: Load: 0.00 (0%) / 0.00 (0%) / 0.00 (0%)
[65.766s][info][gc,mmu      ] GC(20) Y: MMU: 2ms/96.0%, 5ms/97.9%, 10ms/98.7%, 20ms/98.9%, 50ms/99.2%, 100ms/99.6%
[65.766s][info][gc,marking  ] GC(20) Y: Mark: 2 stripe(s), 1 proactive flush(es), 1 terminate flush(es), 0 completion(s), 0 continuation(s) 
[65.766s][info][gc,nmethod  ] GC(20) Y: NMethods: 306 registered, 11 unregistered
[65.766s][info][gc,metaspace] GC(20) Y: Metaspace: 0M used, 0M committed, 1088M reserved
[65.766s][info][gc,heap     ] GC(20) Y: Min Capacity: 8M(3%)
[65.766s][info][gc,heap     ] GC(20) Y: Max Capacity: 256M(100%)
[65.766s][info][gc,heap     ] GC(20) Y: Soft Max Capacity: 256M(100%)
[65.766s][info][gc,heap     ] GC(20) Y: Heap Statistics:
[65.766s][info][gc,heap     ] GC(20) Y:                Mark Start          Mark End        Relocate Start      Relocate End           High               Low         
[65.766s][info][gc,heap     ] GC(20) Y:  Capacity:      256M (100%)        256M (100%)        256M (100%)        256M (100%)        256M (100%)        256M (100%)   
[65.766s][info][gc,heap     ] GC(20) Y:      Free:        0M (0%)            0M (0%)            0M (0%)            0M (0%)            0M (0%)            0M (0%)     
[65.766s][info][gc,heap     ] GC(20) Y:      Used:      256M (100%)        256M (100%)        256M (100%)        256M (100%)        256M (100%)        256M (100%)   
[65.766s][info][gc,heap     ] GC(20) Y: Young Generation Statistics:
[65.766s][info][gc,heap     ] GC(20) Y:                Mark Start          Mark End        Relocate Start      Relocate End    
[65.766s][info][gc,heap     ] GC(20) Y:      Used:        0M (0%)            0M (0%)            0M (0%)            0M (0%)     
[65.766s][info][gc,heap     ] GC(20) Y:      Live:         -                 0M (0%)            0M (0%)            0M (0%)     
[65.766s][info][gc,heap     ] GC(20) Y:   Garbage:         -                 0M (0%)            0M (0%)            0M (0%)     
[65.767s][info][gc,heap     ] GC(20) Y: Allocated:         -                 0M (0%)            0M (0%)            0M (0%)     
[65.767s][info][gc,heap     ] GC(20) Y: Reclaimed:         -                  -                 0M (0%)            0M (0%)     
[65.767s][info][gc,heap     ] GC(20) Y:  Promoted:         -                  -                 0M (0%)            0M (0%)     
[65.767s][info][gc,heap     ] GC(20) Y: Compacted:         -                  -                  -                 0M (0%)     
[65.767s][info][gc,phases   ] GC(20) Y: Young Generation (Promote All) 256M(100%)->256M(100%) 0.004s
[65.767s][info][gc,phases   ] GC(20) Y: Young Generation (Collect Roots)
[65.767s][info][gc,phases   ] GC(20) Y: Pause Mark Start (Major) 0.019ms
[65.769s][info][gc,phases   ] GC(20) Y: Concurrent Mark 1.761ms
[65.769s][info][gc,phases   ] GC(20) Y: Pause Mark End 0.014ms
[65.769s][info][gc,phases   ] GC(20) Y: Concurrent Mark Free 0.002ms
[65.769s][info][gc,phases   ] GC(20) Y: Concurrent Reset Relocation Set 0.001ms
[65.769s][info][gc,reloc    ] GC(20) Y: Using tenuring threshold: 0 (Computed)
[65.770s][info][gc,phases   ] GC(20) Y: Concurrent Select Relocation Set 0.866ms
[65.770s][info][gc,phases   ] GC(20) Y: Pause Relocate Start 0.017ms
[65.771s][info][gc,phases   ] GC(20) Y: Concurrent Relocate 0.630ms
[65.771s][info][gc,alloc    ] GC(20) Y:                         Mark Start        Mark End      Relocate Start    Relocate End   
[65.771s][info][gc,alloc    ] GC(20) Y: Allocation Stalls:          1                1                1                1         
[65.771s][info][gc,load     ] GC(20) Y: Load: 0.00 (0%) / 0.00 (0%) / 0.00 (0%)
[65.771s][info][gc,mmu      ] GC(20) Y: MMU: 2ms/96.0%, 5ms/97.9%, 10ms/98.7%, 20ms/98.9%, 50ms/99.1%, 100ms/99.6%
[65.771s][info][gc,marking  ] GC(20) Y: Mark: 2 stripe(s), 1 proactive flush(es), 1 terminate flush(es), 0 completion(s), 0 continuation(s) 
[65.771s][info][gc,nmethod  ] GC(20) Y: NMethods: 306 registered, 11 unregistered
[65.771s][info][gc,metaspace] GC(20) Y: Metaspace: 0M used, 0M committed, 1088M reserved
[65.771s][info][gc,heap     ] GC(20) Y: Min Capacity: 8M(3%)
[65.771s][info][gc,heap     ] GC(20) Y: Max Capacity: 256M(100%)
[65.771s][info][gc,heap     ] GC(20) Y: Soft Max Capacity: 256M(100%)
[65.771s][info][gc,heap     ] GC(20) Y: Heap Statistics:
[65.771s][info][gc,heap     ] GC(20) Y:                Mark Start          Mark End        Relocate Start      Relocate End           High               Low         
[65.772s][info][gc,heap     ] GC(20) Y:  Capacity:      256M (100%)        256M (100%)        256M (100%)        256M (100%)        256M (100%)        256M (100%)   
[65.772s][info][gc,heap     ] GC(20) Y:      Free:        0M (0%)            0M (0%)            0M (0%)            0M (0%)            0M (0%)            0M (0%)     
[65.772s][info][gc,heap     ] GC(20) Y:      Used:      256M (100%)        256M (100%)        256M (100%)        256M (100%)        256M (100%)        256M (100%)   
[65.772s][info][gc,heap     ] GC(20) Y: Young Generation Statistics:
[65.772s][info][gc,heap     ] GC(20) Y:                Mark Start          Mark End        Relocate Start      Relocate End    
[65.772s][info][gc,heap     ] GC(20) Y:      Used:        0M (0%)            0M (0%)            0M (0%)            0M (0%)     
[65.772s][info][gc,heap     ] GC(20) Y:      Live:         -                 0M (0%)            0M (0%)            0M (0%)     
[65.772s][info][gc,heap     ] GC(20) Y:   Garbage:         -                 0M (0%)            0M (0%)            0M (0%)     
[65.772s][info][gc,heap     ] GC(20) Y: Allocated:         -                 0M (0%)            0M (0%)            0M (0%)     
[65.772s][info][gc,heap     ] GC(20) Y: Reclaimed:         -                  -                 0M (0%)            0M (0%)     
[65.772s][info][gc,heap     ] GC(20) Y:  Promoted:         -                  -                 0M (0%)            0M (0%)     
[65.772s][info][gc,heap     ] GC(20) Y: Compacted:         -                  -                  -                 0M (0%)     
[65.772s][info][gc,phases   ] GC(20) Y: Young Generation (Collect Roots) 256M(100%)->256M(100%) 0.004s
[65.772s][info][gc,phases   ] GC(20) O: Old Generation
[65.778s][info][gc,phases   ] GC(20) O: Concurrent Mark 5.993ms
[65.778s][info][gc,phases   ] GC(20) O: Pause Mark End 0.030ms
[65.779s][info][gc,phases   ] GC(20) O: Concurrent Mark Free 0.008ms
[65.779s][info][gc,ref      ] GC(20) O: Clearing All SoftReferences
[65.780s][info][gc,phases   ] GC(20) O: Concurrent Process Non-Strong 1.492ms
[65.780s][info][gc,phases   ] GC(20) O: Concurrent Reset Relocation Set 0.001ms
[65.780s][info][gc,phases   ] GC(20) O: Concurrent Select Relocation Set 0.218ms
[65.781s][info][gc,task     ] GC(20) O: Using 2 Workers for Old Generation
[65.782s][info][gc,task     ] GC(20) O: Using 2 Workers for Old Generation
[65.782s][info][gc,phases   ] GC(20) O: Concurrent Remap Roots 1.136ms
[65.782s][info][gc,phases   ] GC(20) O: Pause Relocate Start 0.020ms
[65.782s][info][gc,phases   ] GC(20) O: Concurrent Relocate 0.372ms
[65.783s][info][gc,alloc    ] GC(20) O:                         Mark Start        Mark End      Relocate Start    Relocate End   
[65.783s][info][gc,alloc    ] GC(20) O: Allocation Stalls:          1                1                1                1         
[65.783s][info][gc,load     ] GC(20) O: Load: 0.00 (0%) / 0.00 (0%) / 0.00 (0%)
[65.783s][info][gc,mmu      ] GC(20) O: MMU: 2ms/96.0%, 5ms/97.9%, 10ms/98.7%, 20ms/98.9%, 50ms/99.1%, 100ms/99.5%
[65.783s][info][gc,marking  ] GC(20) O: Mark: 2 stripe(s), 1 proactive flush(es), 1 terminate flush(es), 0 completion(s), 0 continuation(s) 
[65.783s][info][gc,nmethod  ] GC(20) O: NMethods: 306 registered, 11 unregistered
[65.783s][info][gc,metaspace] GC(20) O: Metaspace: 0M used, 0M committed, 1088M reserved
[65.783s][info][gc,ref      ] GC(20) O:                       Encountered   Discovered     Enqueued 
[65.783s][info][gc,ref      ] GC(20) O: Soft References:               42           12            0 
[65.783s][info][gc,ref      ] GC(20) O: Weak References:               86           42            0 
[65.783s][info][gc,ref      ] GC(20) O: Final References:               0            0            0 
[65.783s][info][gc,ref      ] GC(20) O: Phantom References:             1            1            0 
[65.783s][info][gc,reloc    ] GC(20) O:                        Candidates     Selected     In-Place         Size        Empty    Relocated 
[65.783s][info][gc,reloc    ] GC(20) O: Small Pages:                    1            0            0           2M           0M           0M 
[65.783s][info][gc,reloc    ] GC(20) O: Medium Pages:                   0            0            0           0M           0M           0M 
[65.783s][info][gc,reloc    ] GC(20) O: Large Pages:                  127            0            0         254M           0M           0M 
[65.783s][info][gc,reloc    ] GC(20) O: Forwarding Usage: 0M
[65.783s][info][gc,heap     ] GC(20) O: Min Capacity: 8M(3%)
[65.783s][info][gc,heap     ] GC(20) O: Max Capacity: 256M(100%)
[65.783s][info][gc,heap     ] GC(20) O: Soft Max Capacity: 256M(100%)
[65.783s][info][gc,heap     ] GC(20) O: Heap Statistics:
[65.783s][info][gc,heap     ] GC(20) O:                Mark Start          Mark End        Relocate Start      Relocate End           High               Low         
[65.783s][info][gc,heap     ] GC(20) O:  Capacity:      256M (100%)        256M (100%)        256M (100%)        256M (100%)        256M (100%)        256M (100%)   
[65.783s][info][gc,heap     ] GC(20) O:      Free:        0M (0%)            0M (0%)            0M (0%)            0M (0%)            0M (0%)            0M (0%)     
[65.783s][info][gc,heap     ] GC(20) O:      Used:      256M (100%)        256M (100%)        256M (100%)        256M (100%)        256M (100%)        256M (100%)   
[65.783s][info][gc,heap     ] GC(20) O: Old Generation Statistics:
[65.783s][info][gc,heap     ] GC(20) O:                Mark Start          Mark End        Relocate Start      Relocate End    
[65.784s][info][gc,heap     ] GC(20) O:      Used:      256M (100%)        256M (100%)        256M (100%)        256M (100%)   
[65.784s][info][gc,heap     ] GC(20) O:      Live:         -               255M (100%)        255M (100%)        255M (100%)   
[65.784s][info][gc,heap     ] GC(20) O:   Garbage:         -                 0M (0%)            0M (0%)            0M (0%)     
[65.784s][info][gc,heap     ] GC(20) O: Allocated:         -                 0M (0%)            0M (0%)            0M (0%)     
[65.784s][info][gc,heap     ] GC(20) O: Reclaimed:         -                  -                 0M (0%)            0M (0%)     
[65.784s][info][gc,heap     ] GC(20) O: Compacted:         -                  -                  -                 0M (0%)     
[65.784s][info][gc,phases   ] GC(20) O: Old Generation 256M(100%)->256M(100%) 0.011s
[65.784s][info][gc          ] GC(20) Major Collection (Allocation Stall) 256M(100%)->256M(100%) 0.022s
[65.784s][info][gc          ] Allocation Stall (main) 27.205ms
[65.784s][info][gc          ] Out Of Memory (main)
[65.784s][info][gc          ] GC(21) Minor Collection (Allocation Stall)
[65.784s][info][gc,task     ] GC(21) Using 2 Workers for Young Generation
[65.785s][info][gc,phases   ] GC(21) y: Young Generation
[65.785s][info][gc,phases   ] GC(21) y: Pause Mark Start 0.017ms
[65.787s][info][gc,phases   ] GC(21) y: Concurrent Mark 2.392ms
[65.787s][info][gc,phases   ] GC(21) y: Pause Mark End 0.022ms
[65.788s][info][gc,phases   ] GC(21) y: Concurrent Mark Free 0.003ms
[65.788s][info][gc,phases   ] GC(21) y: Concurrent Reset Relocation Set 0.001ms
[65.788s][info][gc,reloc    ] GC(21) y: Using tenuring threshold: 0 (Computed)
[65.788s][info][gc,phases   ] GC(21) y: Concurrent Select Relocation Set 0.614ms
[65.788s][info][gc,phases   ] GC(21) y: Pause Relocate Start 0.018ms
[65.789s][info][gc,phases   ] GC(21) y: Concurrent Relocate 0.433ms
[65.789s][info][gc,alloc    ] GC(21) y:                         Mark Start        Mark End      Relocate Start    Relocate End   
[65.789s][info][gc,alloc    ] GC(21) y: Allocation Stalls:          1                1                1                1         
[65.789s][info][gc,load     ] GC(21) y: Load: 0.00 (0%) / 0.00 (0%) / 0.00 (0%)
[65.789s][info][gc,mmu      ] GC(21) y: MMU: 2ms/96.0%, 5ms/97.9%, 10ms/98.7%, 20ms/98.9%, 50ms/99.1%, 100ms/99.5%
[65.789s][info][gc,marking  ] GC(21) y: Mark: 2 stripe(s), 1 proactive flush(es), 1 terminate flush(es), 0 completion(s), 0 continuation(s) 
[65.789s][info][gc,nmethod  ] GC(21) y: NMethods: 306 registered, 11 unregistered
[65.790s][info][gc,metaspace] GC(21) y: Metaspace: 0M used, 0M committed, 1088M reserved
[65.790s][info][gc,heap     ] GC(21) y: Min Capacity: 8M(3%)
[65.790s][info][gc,heap     ] GC(21) y: Max Capacity: 256M(100%)
[65.790s][info][gc,heap     ] GC(21) y: Soft Max Capacity: 256M(100%)
[65.790s][info][gc,heap     ] GC(21) y: Heap Statistics:
[65.790s][info][gc,heap     ] GC(21) y:                Mark Start          Mark End        Relocate Start      Relocate End           High               Low         
[65.790s][info][gc,heap     ] GC(21) y:  Capacity:      256M (100%)        256M (100%)        256M (100%)        256M (100%)        256M (100%)        256M (100%)   
[65.790s][info][gc,heap     ] GC(21) y:      Free:        0M (0%)            0M (0%)            0M (0%)            0M (0%)            0M (0%)            0M (0%)     
[65.790s][info][gc,heap     ] GC(21) y:      Used:      256M (100%)        256M (100%)        256M (100%)        256M (100%)        256M (100%)        256M (100%)   
[65.790s][info][gc,heap     ] GC(21) y: Young Generation Statistics:
[65.790s][info][gc,heap     ] GC(21) y:                Mark Start          Mark End        Relocate Start      Relocate End    
[65.790s][info][gc,heap     ] GC(21) y:      Used:        0M (0%)            0M (0%)            0M (0%)            0M (0%)     
[65.790s][info][gc,heap     ] GC(21) y:      Live:         -                 0M (0%)            0M (0%)            0M (0%)     
[65.790s][info][gc,heap     ] GC(21) y:   Garbage:         -                 0M (0%)            0M (0%)            0M (0%)     
[65.790s][info][gc,heap     ] GC(21) y: Allocated:         -                 0M (0%)            0M (0%)            0M (0%)     
[65.790s][info][gc,heap     ] GC(21) y: Reclaimed:         -                  -                 0M (0%)            0M (0%)     
[65.790s][info][gc,heap     ] GC(21) y:  Promoted:         -                  -                 0M (0%)            0M (0%)     
[65.790s][info][gc,heap     ] GC(21) y: Compacted:         -                  -                  -                 0M (0%)     
[65.790s][info][gc,phases   ] GC(21) y: Young Generation 256M(100%)->256M(100%) 0.005s
[65.790s][info][gc          ] GC(21) Minor Collection (Allocation Stall) 256M(100%)->256M(100%) 0.006s
[65.791s][info][gc          ] GC(22) Major Collection (Allocation Stall)
[65.791s][info][gc,task     ] GC(22) Using 2 Workers for Young Generation
[65.791s][info][gc,task     ] GC(22) Using 2 Workers for Old Generation
[65.791s][info][gc,phases   ] GC(22) Y: Young Generation (Promote All)
[65.791s][info][gc,phases   ] GC(22) Y: Pause Mark Start 0.020ms
[65.793s][info][gc,phases   ] GC(22) Y: Concurrent Mark 2.233ms
[65.794s][info][gc,phases   ] GC(22) Y: Pause Mark End 0.018ms
[65.794s][info][gc,phases   ] GC(22) Y: Concurrent Mark Free 0.002ms
[65.794s][info][gc,phases   ] GC(22) Y: Concurrent Reset Relocation Set 0.001ms
[65.794s][info][gc,reloc    ] GC(22) Y: Using tenuring threshold: 0 (Promote All)
[65.794s][info][gc,phases   ] GC(22) Y: Concurrent Select Relocation Set 0.414ms
[65.795s][info][gc,phases   ] GC(22) Y: Pause Relocate Start 0.014ms
[65.795s][info][gc,phases   ] GC(22) Y: Concurrent Relocate 0.195ms
[65.795s][info][gc,alloc    ] GC(22) Y:                         Mark Start        Mark End      Relocate Start    Relocate End   
[65.795s][info][gc,alloc    ] GC(22) Y: Allocation Stalls:          1                1                1                1         
[65.795s][info][gc,load     ] GC(22) Y: Load: 0.00 (0%) / 0.00 (0%) / 0.00 (0%)
[65.795s][info][gc,mmu      ] GC(22) Y: MMU: 2ms/96.0%, 5ms/97.9%, 10ms/98.7%, 20ms/98.9%, 50ms/99.1%, 100ms/99.4%
[65.795s][info][gc,marking  ] GC(22) Y: Mark: 2 stripe(s), 1 proactive flush(es), 1 terminate flush(es), 0 completion(s), 0 continuation(s) 
[65.795s][info][gc,nmethod  ] GC(22) Y: NMethods: 306 registered, 11 unregistered
[65.795s][info][gc,metaspace] GC(22) Y: Metaspace: 0M used, 0M committed, 1088M reserved
[65.795s][info][gc,heap     ] GC(22) Y: Min Capacity: 8M(3%)
[65.795s][info][gc,heap     ] GC(22) Y: Max Capacity: 256M(100%)
[65.795s][info][gc,heap     ] GC(22) Y: Soft Max Capacity: 256M(100%)
[65.796s][info][gc,heap     ] GC(22) Y: Heap Statistics:
[65.796s][info][gc,heap     ] GC(22) Y:                Mark Start          Mark End        Relocate Start      Relocate End           High               Low         
[65.796s][info][gc,heap     ] GC(22) Y:  Capacity:      256M (100%)        256M (100%)        256M (100%)        256M (100%)        256M (100%)        256M (100%)   
[65.796s][info][gc,heap     ] GC(22) Y:      Free:        0M (0%)            0M (0%)            0M (0%)            0M (0%)            0M (0%)            0M (0%)     
[65.796s][info][gc,heap     ] GC(22) Y:      Used:      256M (100%)        256M (100%)        256M (100%)        256M (100%)        256M (100%)        256M (100%)   
[65.796s][info][gc,heap     ] GC(22) Y: Young Generation Statistics:
[65.796s][info][gc,heap     ] GC(22) Y:                Mark Start          Mark End        Relocate Start      Relocate End    
[65.796s][info][gc,heap     ] GC(22) Y:      Used:        0M (0%)            0M (0%)            0M (0%)            0M (0%)     
[65.796s][info][gc,heap     ] GC(22) Y:      Live:         -                 0M (0%)            0M (0%)            0M (0%)     
[65.796s][info][gc,heap     ] GC(22) Y:   Garbage:         -                 0M (0%)            0M (0%)            0M (0%)     
[65.796s][info][gc,heap     ] GC(22) Y: Allocated:         -                 0M (0%)            0M (0%)            0M (0%)     
[65.796s][info][gc,heap     ] GC(22) Y: Reclaimed:         -                  -                 0M (0%)            0M (0%)     
[65.796s][info][gc,heap     ] GC(22) Y:  Promoted:         -                  -                 0M (0%)            0M (0%)     
[65.796s][info][gc,heap     ] GC(22) Y: Compacted:         -                  -                  -                 0M (0%)     
[65.796s][info][gc,phases   ] GC(22) Y: Young Generation (Promote All) 256M(100%)->256M(100%) 0.004s
[65.796s][info][gc,phases   ] GC(22) Y: Young Generation (Collect Roots)
[65.797s][info][gc,phases   ] GC(22) Y: Pause Mark Start (Major) 0.026ms
[65.799s][info][gc,phases   ] GC(22) Y: Concurrent Mark 2.219ms
[65.799s][info][gc,phases   ] GC(22) Y: Pause Mark End 0.022ms
[65.799s][info][gc,phases   ] GC(22) Y: Concurrent Mark Free 0.001ms
[65.799s][info][gc,phases   ] GC(22) Y: Concurrent Reset Relocation Set 0.001ms
[65.799s][info][gc,reloc    ] GC(22) Y: Using tenuring threshold: 0 (Computed)
[65.800s][info][gc,phases   ] GC(22) Y: Concurrent Select Relocation Set 0.340ms
[65.800s][info][gc,phases   ] GC(22) Y: Pause Relocate Start 0.014ms
[65.800s][info][gc,phases   ] GC(22) Y: Concurrent Relocate 0.214ms
[65.800s][info][gc,alloc    ] GC(22) Y:                         Mark Start        Mark End      Relocate Start    Relocate End   
[65.800s][info][gc,alloc    ] GC(22) Y: Allocation Stalls:          1                1                1                1         
[65.800s][info][gc,load     ] GC(22) Y: Load: 0.00 (0%) / 0.00 (0%) / 0.00 (0%)
[65.800s][info][gc,mmu      ] GC(22) Y: MMU: 2ms/96.0%, 5ms/97.9%, 10ms/98.7%, 20ms/98.9%, 50ms/99.1%, 100ms/99.3%
[65.800s][info][gc,marking  ] GC(22) Y: Mark: 2 stripe(s), 1 proactive flush(es), 1 terminate flush(es), 0 completion(s), 0 continuation(s) 
[65.800s][info][gc,nmethod  ] GC(22) Y: NMethods: 306 registered, 11 unregistered
[65.800s][info][gc,metaspace] GC(22) Y: Metaspace: 0M used, 0M committed, 1088M reserved
[65.800s][info][gc,heap     ] GC(22) Y: Min Capacity: 8M(3%)
[65.800s][info][gc,heap     ] GC(22) Y: Max Capacity: 256M(100%)
[65.800s][info][gc,heap     ] GC(22) Y: Soft Max Capacity: 256M(100%)
[65.801s][info][gc,heap     ] GC(22) Y: Heap Statistics:
[65.801s][info][gc,heap     ] GC(22) Y:                Mark Start          Mark End        Relocate Start      Relocate End           High               Low         
[65.801s][info][gc,heap     ] GC(22) Y:  Capacity:      256M (100%)        256M (100%)        256M (100%)        256M (100%)        256M (100%)        256M (100%)   
[65.801s][info][gc,heap     ] GC(22) Y:      Free:        0M (0%)            0M (0%)            0M (0%)            0M (0%)            0M (0%)            0M (0%)     
[65.801s][info][gc,heap     ] GC(22) Y:      Used:      256M (100%)        256M (100%)        256M (100%)        256M (100%)        256M (100%)        256M (100%)   
[65.801s][info][gc,heap     ] GC(22) Y: Young Generation Statistics:
[65.801s][info][gc,heap     ] GC(22) Y:                Mark Start          Mark End        Relocate Start      Relocate End    
[65.801s][info][gc,heap     ] GC(22) Y:      Used:        0M (0%)            0M (0%)            0M (0%)            0M (0%)     
[65.801s][info][gc,heap     ] GC(22) Y:      Live:         -                 0M (0%)            0M (0%)            0M (0%)     
[65.801s][info][gc,heap     ] GC(22) Y:   Garbage:         -                 0M (0%)            0M (0%)            0M (0%)     
[65.801s][info][gc,heap     ] GC(22) Y: Allocated:         -                 0M (0%)            0M (0%)            0M (0%)     
[65.801s][info][gc,heap     ] GC(22) Y: Reclaimed:         -                  -                 0M (0%)            0M (0%)     
[65.801s][info][gc,heap     ] GC(22) Y:  Promoted:         -                  -                 0M (0%)            0M (0%)     
[65.801s][info][gc,heap     ] GC(22) Y: Compacted:         -                  -                  -                 0M (0%)     
[65.801s][info][gc,phases   ] GC(22) Y: Young Generation (Collect Roots) 256M(100%)->256M(100%) 0.004s
[65.801s][info][gc,phases   ] GC(22) O: Old Generation
[65.808s][info][gc,phases   ] GC(22) O: Concurrent Mark 6.762ms
[65.808s][info][gc,phases   ] GC(22) O: Pause Mark End 0.032ms
[65.808s][info][gc,phases   ] GC(22) O: Concurrent Mark Free 0.007ms
[65.808s][info][gc,ref      ] GC(22) O: Clearing All SoftReferences
[65.810s][info][gc,phases   ] GC(22) O: Concurrent Process Non-Strong 1.558ms
[65.810s][info][gc,phases   ] GC(22) O: Concurrent Reset Relocation Set 0.001ms
[65.810s][info][gc,phases   ] GC(22) O: Concurrent Select Relocation Set 0.137ms
[65.810s][info][gc,task     ] GC(22) O: Using 2 Workers for Old Generation
[65.811s][info][gc,task     ] GC(22) O: Using 2 Workers for Old Generation
[65.811s][info][gc,phases   ] GC(22) O: Concurrent Remap Roots 0.997ms
[65.811s][info][gc,phases   ] GC(22) O: Pause Relocate Start 0.022ms
[65.812s][info][gc,phases   ] GC(22) O: Concurrent Relocate 0.359ms
[65.812s][info][gc,alloc    ] GC(22) O:                         Mark Start        Mark End      Relocate Start    Relocate End   
[65.812s][info][gc,alloc    ] GC(22) O: Allocation Stalls:          1                1                1                1         
[65.812s][info][gc,load     ] GC(22) O: Load: 0.00 (0%) / 0.00 (0%) / 0.00 (0%)
[65.812s][info][gc,mmu      ] GC(22) O: MMU: 2ms/96.0%, 5ms/97.9%, 10ms/98.7%, 20ms/98.9%, 50ms/99.1%, 100ms/99.3%
[65.812s][info][gc,marking  ] GC(22) O: Mark: 2 stripe(s), 1 proactive flush(es), 1 terminate flush(es), 0 completion(s), 0 continuation(s) 
[65.812s][info][gc,nmethod  ] GC(22) O: NMethods: 306 registered, 11 unregistered
[65.812s][info][gc,metaspace] GC(22) O: Metaspace: 0M used, 0M committed, 1088M reserved
[65.812s][info][gc,ref      ] GC(22) O:                       Encountered   Discovered     Enqueued 
[65.812s][info][gc,ref      ] GC(22) O: Soft References:               42           16            0 
[65.813s][info][gc,ref      ] GC(22) O: Weak References:               86           24            0 
[65.813s][info][gc,ref      ] GC(22) O: Final References:               0            0            0 
[65.813s][info][gc,ref      ] GC(22) O: Phantom References:             1            1            0 
[65.813s][info][gc,reloc    ] GC(22) O:                        Candidates     Selected     In-Place         Size        Empty    Relocated 
[65.813s][info][gc,reloc    ] GC(22) O: Small Pages:                    1            0            0           2M           0M           0M 
[65.813s][info][gc,reloc    ] GC(22) O: Medium Pages:                   0            0            0           0M           0M           0M 
[65.813s][info][gc,reloc    ] GC(22) O: Large Pages:                  127            0            0         254M           0M           0M 
[65.813s][info][gc,reloc    ] GC(22) O: Forwarding Usage: 0M
[65.813s][info][gc,heap     ] GC(22) O: Min Capacity: 8M(3%)
[65.813s][info][gc,heap     ] GC(22) O: Max Capacity: 256M(100%)
[65.813s][info][gc,heap     ] GC(22) O: Soft Max Capacity: 256M(100%)
[65.813s][info][gc,heap     ] GC(22) O: Heap Statistics:
[65.813s][info][gc,heap     ] GC(22) O:                Mark Start          Mark End        Relocate Start      Relocate End           High               Low         
[65.813s][info][gc,heap     ] GC(22) O:  Capacity:      256M (100%)        256M (100%)        256M (100%)        256M (100%)        256M (100%)        256M (100%)   
[65.813s][info][gc,heap     ] GC(22) O:      Free:        0M (0%)            0M (0%)            0M (0%)            0M (0%)            0M (0%)            0M (0%)     
[65.813s][info][gc,heap     ] GC(22) O:      Used:      256M (100%)        256M (100%)        256M (100%)        256M (100%)        256M (100%)        256M (100%)   
[65.813s][info][gc,heap     ] GC(22) O: Old Generation Statistics:
[65.813s][info][gc,heap     ] GC(22) O:                Mark Start          Mark End        Relocate Start      Relocate End    
[65.813s][info][gc,heap     ] GC(22) O:      Used:      256M (100%)        256M (100%)        256M (100%)        256M (100%)   
[65.814s][info][gc,heap     ] GC(22) O:      Live:         -               255M (100%)        255M (100%)        255M (100%)   
[65.814s][info][gc,heap     ] GC(22) O:   Garbage:         -                 0M (0%)            0M (0%)            0M (0%)     
[65.814s][info][gc,heap     ] GC(22) O: Allocated:         -                 0M (0%)            0M (0%)            0M (0%)     
[65.814s][info][gc,heap     ] GC(22) O: Reclaimed:         -                  -                 0M (0%)            0M (0%)     
[65.814s][info][gc,heap     ] GC(22) O: Compacted:         -                  -                  -                 0M (0%)     
[65.814s][info][gc,phases   ] GC(22) O: Old Generation 256M(100%)->256M(100%) 0.011s
[65.814s][info][gc          ] GC(22) Major Collection (Allocation Stall) 256M(100%)->256M(100%) 0.023s
[65.814s][info][gc          ] Allocation Stall (main) 29.840ms
[65.814s][info][gc          ] GC(23) Minor Collection (Allocation Stall)
[65.814s][info][gc,task     ] GC(23) Using 2 Workers for Young Generation
[65.814s][info][gc,phases   ] GC(23) y: Young Generation
[65.815s][info][gc,phases   ] GC(23) y: Pause Mark Start 0.024ms
[65.817s][info][gc,phases   ] GC(23) y: Concurrent Mark 2.321ms
[65.817s][info][gc,phases   ] GC(23) y: Pause Mark End 0.023ms
[65.818s][info][gc,phases   ] GC(23) y: Concurrent Mark Free 0.004ms
[65.818s][info][gc,phases   ] GC(23) y: Concurrent Reset Relocation Set 0.002ms
[65.818s][info][gc,reloc    ] GC(23) y: Using tenuring threshold: 0 (Computed)
[65.818s][info][gc,phases   ] GC(23) y: Concurrent Select Relocation Set 0.590ms
[65.819s][info][gc,phases   ] GC(23) y: Pause Relocate Start 0.018ms
[65.819s][info][gc,phases   ] GC(23) y: Concurrent Relocate 0.440ms
[65.819s][info][gc,alloc    ] GC(23) y:                         Mark Start        Mark End      Relocate Start    Relocate End   
[65.819s][info][gc,alloc    ] GC(23) y: Allocation Stalls:          1                1                1                1         
[65.819s][info][gc,load     ] GC(23) y: Load: 0.00 (0%) / 0.00 (0%) / 0.00 (0%)
[65.819s][info][gc,mmu      ] GC(23) y: MMU: 2ms/96.0%, 5ms/97.9%, 10ms/98.7%, 20ms/98.9%, 50ms/99.1%, 100ms/99.2%
[65.819s][info][gc,marking  ] GC(23) y: Mark: 2 stripe(s), 1 proactive flush(es), 1 terminate flush(es), 0 completion(s), 0 continuation(s) 
[65.819s][info][gc,nmethod  ] GC(23) y: NMethods: 306 registered, 11 unregistered
[65.819s][info][gc,metaspace] GC(23) y: Metaspace: 0M used, 0M committed, 1088M reserved
[65.819s][info][gc,heap     ] GC(23) y: Min Capacity: 8M(3%)
[65.820s][info][gc,heap     ] GC(23) y: Max Capacity: 256M(100%)
[65.820s][info][gc,heap     ] GC(23) y: Soft Max Capacity: 256M(100%)
[65.820s][info][gc,heap     ] GC(23) y: Heap Statistics:
[65.820s][info][gc,heap     ] GC(23) y:                Mark Start          Mark End        Relocate Start      Relocate End           High               Low         
[65.820s][info][gc,heap     ] GC(23) y:  Capacity:      256M (100%)        256M (100%)        256M (100%)        256M (100%)        256M (100%)        256M (100%)   
[65.820s][info][gc,heap     ] GC(23) y:      Free:        0M (0%)            0M (0%)            0M (0%)            0M (0%)            0M (0%)            0M (0%)     
[65.820s][info][gc,heap     ] GC(23) y:      Used:      256M (100%)        256M (100%)        256M (100%)        256M (100%)        256M (100%)        256M (100%)   
[65.820s][info][gc,heap     ] GC(23) y: Young Generation Statistics:
[65.820s][info][gc,heap     ] GC(23) y:                Mark Start          Mark End        Relocate Start      Relocate End    
[65.820s][info][gc,heap     ] GC(23) y:      Used:        0M (0%)            0M (0%)            0M (0%)            0M (0%)     
[65.820s][info][gc,heap     ] GC(23) y:      Live:         -                 0M (0%)            0M (0%)            0M (0%)     
[65.820s][info][gc,heap     ] GC(23) y:   Garbage:         -                 0M (0%)            0M (0%)            0M (0%)     
[65.820s][info][gc,heap     ] GC(23) y: Allocated:         -                 0M (0%)            0M (0%)            0M (0%)     
[65.820s][info][gc,heap     ] GC(23) y: Reclaimed:         -                  -                 0M (0%)            0M (0%)     
[65.820s][info][gc,heap     ] GC(23) y:  Promoted:         -                  -                 0M (0%)            0M (0%)     
[65.820s][info][gc,heap     ] GC(23) y: Compacted:         -                  -                  -                 0M (0%)     
[65.820s][info][gc,phases   ] GC(23) y: Young Generation 256M(100%)->256M(100%) 0.005s
[65.820s][info][gc          ] GC(23) Minor Collection (Allocation Stall) 256M(100%)->256M(100%) 0.006s
[65.820s][info][gc          ] GC(24) Major Collection (Allocation Stall)
[65.820s][info][gc,task     ] GC(24) Using 2 Workers for Young Generation
[65.820s][info][gc,task     ] GC(24) Using 2 Workers for Old Generation
[65.820s][info][gc,phases   ] GC(24) Y: Young Generation (Promote All)
[65.821s][info][gc,phases   ] GC(24) Y: Pause Mark Start 0.020ms
[65.823s][info][gc,phases   ] GC(24) Y: Concurrent Mark 1.932ms
[65.823s][info][gc,phases   ] GC(24) Y: Pause Mark End 0.016ms
[65.823s][info][gc,phases   ] GC(24) Y: Concurrent Mark Free 0.002ms
[65.823s][info][gc,phases   ] GC(24) Y: Concurrent Reset Relocation Set 0.001ms
[65.823s][info][gc,reloc    ] GC(24) Y: Using tenuring threshold: 0 (Promote All)
[65.824s][info][gc,phases   ] GC(24) Y: Concurrent Select Relocation Set 0.710ms
[65.824s][info][gc,phases   ] GC(24) Y: Pause Relocate Start 0.015ms
[65.825s][info][gc,phases   ] GC(24) Y: Concurrent Relocate 0.494ms
[65.825s][info][gc,alloc    ] GC(24) Y:                         Mark Start        Mark End      Relocate Start    Relocate End   
[65.825s][info][gc,alloc    ] GC(24) Y: Allocation Stalls:          1                1                1                1         
[65.825s][info][gc,load     ] GC(24) Y: Load: 0.00 (0%) / 0.00 (0%) / 0.00 (0%)
[65.825s][info][gc,mmu      ] GC(24) Y: MMU: 2ms/96.0%, 5ms/97.9%, 10ms/98.7%, 20ms/98.9%, 50ms/99.1%, 100ms/99.2%
[65.825s][info][gc,marking  ] GC(24) Y: Mark: 2 stripe(s), 1 proactive flush(es), 1 terminate flush(es), 0 completion(s), 0 continuation(s) 
[65.825s][info][gc,nmethod  ] GC(24) Y: NMethods: 306 registered, 11 unregistered
[65.825s][info][gc,metaspace] GC(24) Y: Metaspace: 0M used, 0M committed, 1088M reserved
[65.825s][info][gc,heap     ] GC(24) Y: Min Capacity: 8M(3%)
[65.825s][info][gc,heap     ] GC(24) Y: Max Capacity: 256M(100%)
[65.825s][info][gc,heap     ] GC(24) Y: Soft Max Capacity: 256M(100%)
[65.825s][info][gc,heap     ] GC(24) Y: Heap Statistics:
[65.825s][info][gc,heap     ] GC(24) Y:                Mark Start          Mark End        Relocate Start      Relocate End           High               Low         
[65.825s][info][gc,heap     ] GC(24) Y:  Capacity:      256M (100%)        256M (100%)        256M (100%)        256M (100%)        256M (100%)        256M (100%)   
[65.825s][info][gc,heap     ] GC(24) Y:      Free:        0M (0%)            0M (0%)            0M (0%)            0M (0%)            0M (0%)            0M (0%)     
[65.825s][info][gc,heap     ] GC(24) Y:      Used:      256M (100%)        256M (100%)        256M (100%)        256M (100%)        256M (100%)        256M (100%)   
[65.825s][info][gc,heap     ] GC(24) Y: Young Generation Statistics:
[65.825s][info][gc,heap     ] GC(24) Y:                Mark Start          Mark End        Relocate Start      Relocate End    
[65.825s][info][gc,heap     ] GC(24) Y:      Used:        0M (0%)            0M (0%)            0M (0%)            0M (0%)     
[65.825s][info][gc,heap     ] GC(24) Y:      Live:         -                 0M (0%)            0M (0%)            0M (0%)     
[65.825s][info][gc,heap     ] GC(24) Y:   Garbage:         -                 0M (0%)            0M (0%)            0M (0%)     
[65.825s][info][gc,heap     ] GC(24) Y: Allocated:         -                 0M (0%)            0M (0%)            0M (0%)     
[65.825s][info][gc,heap     ] GC(24) Y: Reclaimed:         -                  -                 0M (0%)            0M (0%)     
[65.825s][info][gc,heap     ] GC(24) Y:  Promoted:         -                  -                 0M (0%)            0M (0%)     
[65.825s][info][gc,heap     ] GC(24) Y: Compacted:         -                  -                  -                 0M (0%)     
[65.825s][info][gc,phases   ] GC(24) Y: Young Generation (Promote All) 256M(100%)->256M(100%) 0.004s
[65.826s][info][gc,phases   ] GC(24) Y: Young Generation (Collect Roots)
[65.826s][info][gc,phases   ] GC(24) Y: Pause Mark Start (Major) 0.018ms
[65.828s][info][gc,phases   ] GC(24) Y: Concurrent Mark 2.169ms
[65.828s][info][gc,phases   ] GC(24) Y: Pause Mark End 0.022ms
[65.828s][info][gc,phases   ] GC(24) Y: Concurrent Mark Free 0.003ms
[65.828s][info][gc,phases   ] GC(24) Y: Concurrent Reset Relocation Set 0.001ms
[65.829s][info][gc,reloc    ] GC(24) Y: Using tenuring threshold: 0 (Computed)
[65.829s][info][gc,phases   ] GC(24) Y: Concurrent Select Relocation Set 0.429ms
[65.829s][info][gc,phases   ] GC(24) Y: Pause Relocate Start 0.018ms
[65.830s][info][gc,phases   ] GC(24) Y: Concurrent Relocate 0.395ms
[65.830s][info][gc,alloc    ] GC(24) Y:                         Mark Start        Mark End      Relocate Start    Relocate End   
[65.830s][info][gc,alloc    ] GC(24) Y: Allocation Stalls:          1                1                1                1         
[65.830s][info][gc,load     ] GC(24) Y: Load: 0.00 (0%) / 0.00 (0%) / 0.00 (0%)
[65.830s][info][gc,mmu      ] GC(24) Y: MMU: 2ms/96.0%, 5ms/97.9%, 10ms/98.7%, 20ms/98.9%, 50ms/99.1%, 100ms/99.2%
[65.830s][info][gc,marking  ] GC(24) Y: Mark: 2 stripe(s), 1 proactive flush(es), 1 terminate flush(es), 0 completion(s), 0 continuation(s) 
[65.830s][info][gc,nmethod  ] GC(24) Y: NMethods: 306 registered, 11 unregistered
[65.830s][info][gc,metaspace] GC(24) Y: Metaspace: 0M used, 0M committed, 1088M reserved
[65.830s][info][gc,heap     ] GC(24) Y: Min Capacity: 8M(3%)
[65.830s][info][gc,heap     ] GC(24) Y: Max Capacity: 256M(100%)
[65.830s][info][gc,heap     ] GC(24) Y: Soft Max Capacity: 256M(100%)
[65.830s][info][gc,heap     ] GC(24) Y: Heap Statistics:
[65.831s][info][gc,heap     ] GC(24) Y:                Mark Start          Mark End        Relocate Start      Relocate End           High               Low         
[65.831s][info][gc,heap     ] GC(24) Y:  Capacity:      256M (100%)        256M (100%)        256M (100%)        256M (100%)        256M (100%)        256M (100%)   
[65.831s][info][gc,heap     ] GC(24) Y:      Free:        0M (0%)            0M (0%)            0M (0%)            0M (0%)            0M (0%)            0M (0%)     
[65.831s][info][gc,heap     ] GC(24) Y:      Used:      256M (100%)        256M (100%)        256M (100%)        256M (100%)        256M (100%)        256M (100%)   
[65.831s][info][gc,heap     ] GC(24) Y: Young Generation Statistics:
[65.831s][info][gc,heap     ] GC(24) Y:                Mark Start          Mark End        Relocate Start      Relocate End    
[65.831s][info][gc,heap     ] GC(24) Y:      Used:        0M (0%)            0M (0%)            0M (0%)            0M (0%)     
[65.831s][info][gc,heap     ] GC(24) Y:      Live:         -                 0M (0%)            0M (0%)            0M (0%)     
[65.831s][info][gc,heap     ] GC(24) Y:   Garbage:         -                 0M (0%)            0M (0%)            0M (0%)     
[65.831s][info][gc,heap     ] GC(24) Y: Allocated:         -                 0M (0%)            0M (0%)            0M (0%)     
[65.831s][info][gc,heap     ] GC(24) Y: Reclaimed:         -                  -                 0M (0%)            0M (0%)     
[65.831s][info][gc,heap     ] GC(24) Y:  Promoted:         -                  -                 0M (0%)            0M (0%)     
[65.831s][info][gc,heap     ] GC(24) Y: Compacted:         -                  -                  -                 0M (0%)     
[65.831s][info][gc,phases   ] GC(24) Y: Young Generation (Collect Roots) 256M(100%)->256M(100%) 0.004s
[65.831s][info][gc,phases   ] GC(24) O: Old Generation
[65.837s][info][gc,phases   ] GC(24) O: Concurrent Mark 5.947ms
[65.838s][info][gc,phases   ] GC(24) O: Pause Mark End 0.024ms
[65.838s][info][gc,phases   ] GC(24) O: Concurrent Mark Free 0.008ms
[65.838s][info][gc,ref      ] GC(24) O: Clearing All SoftReferences
[65.839s][info][gc,phases   ] GC(24) O: Concurrent Process Non-Strong 1.423ms
[65.840s][info][gc,phases   ] GC(24) O: Concurrent Reset Relocation Set 0.001ms
[65.840s][info][gc,phases   ] GC(24) O: Concurrent Select Relocation Set 0.118ms
[65.840s][info][gc,task     ] GC(24) O: Using 2 Workers for Old Generation
[65.841s][info][gc,task     ] GC(24) O: Using 2 Workers for Old Generation
[65.841s][info][gc,phases   ] GC(24) O: Concurrent Remap Roots 0.934ms
[65.841s][info][gc,phases   ] GC(24) O: Pause Relocate Start 0.018ms
[65.841s][info][gc,phases   ] GC(24) O: Concurrent Relocate 0.167ms
[65.841s][info][gc,alloc    ] GC(24) O:                         Mark Start        Mark End      Relocate Start    Relocate End   
[65.841s][info][gc,alloc    ] GC(24) O: Allocation Stalls:          1                1                1                1         
[65.841s][info][gc,load     ] GC(24) O: Load: 0.00 (0%) / 0.00 (0%) / 0.00 (0%)
[65.841s][info][gc,mmu      ] GC(24) O: MMU: 2ms/96.0%, 5ms/97.9%, 10ms/98.7%, 20ms/98.9%, 50ms/99.1%, 100ms/99.2%
[65.841s][info][gc,marking  ] GC(24) O: Mark: 2 stripe(s), 1 proactive flush(es), 1 terminate flush(es), 0 completion(s), 0 continuation(s) 
[65.841s][info][gc,nmethod  ] GC(24) O: NMethods: 306 registered, 11 unregistered
[65.841s][info][gc,metaspace] GC(24) O: Metaspace: 0M used, 0M committed, 1088M reserved
[65.841s][info][gc,ref      ] GC(24) O:                       Encountered   Discovered     Enqueued 
[65.841s][info][gc,ref      ] GC(24) O: Soft References:               42           21            0 
[65.841s][info][gc,ref      ] GC(24) O: Weak References:               86           42            0 
[65.841s][info][gc,ref      ] GC(24) O: Final References:               0            0            0 
[65.842s][info][gc,ref      ] GC(24) O: Phantom References:             1            0            0 
[65.842s][info][gc,reloc    ] GC(24) O:                        Candidates     Selected     In-Place         Size        Empty    Relocated 
[65.842s][info][gc,reloc    ] GC(24) O: Small Pages:                    1            0            0           2M           0M           0M 
[65.842s][info][gc,reloc    ] GC(24) O: Medium Pages:                   0            0            0           0M           0M           0M 
[65.842s][info][gc,reloc    ] GC(24) O: Large Pages:                  127            0            0         254M           0M           0M 
[65.842s][info][gc,reloc    ] GC(24) O: Forwarding Usage: 0M
[65.842s][info][gc,heap     ] GC(24) O: Min Capacity: 8M(3%)
[65.842s][info][gc,heap     ] GC(24) O: Max Capacity: 256M(100%)
[65.842s][info][gc,heap     ] GC(24) O: Soft Max Capacity: 256M(100%)
[65.842s][info][gc,heap     ] GC(24) O: Heap Statistics:
[65.842s][info][gc,heap     ] GC(24) O:                Mark Start          Mark End        Relocate Start      Relocate End           High               Low         
[65.842s][info][gc,heap     ] GC(24) O:  Capacity:      256M (100%)        256M (100%)        256M (100%)        256M (100%)        256M (100%)        256M (100%)   
[65.842s][info][gc,heap     ] GC(24) O:      Free:        0M (0%)            0M (0%)            0M (0%)            0M (0%)            0M (0%)            0M (0%)     
[65.842s][info][gc,heap     ] GC(24) O:      Used:      256M (100%)        256M (100%)        256M (100%)        256M (100%)        256M (100%)        256M (100%)   
[65.842s][info][gc,heap     ] GC(24) O: Old Generation Statistics:
[65.842s][info][gc,heap     ] GC(24) O:                Mark Start          Mark End        Relocate Start      Relocate End    
[65.842s][info][gc,heap     ] GC(24) O:      Used:      256M (100%)        256M (100%)        256M (100%)        256M (100%)   
[65.842s][info][gc,heap     ] GC(24) O:      Live:         -               255M (100%)        255M (100%)        255M (100%)   
[65.842s][info][gc,heap     ] GC(24) O:   Garbage:         -                 0M (0%)            0M (0%)            0M (0%)     
[65.842s][info][gc,heap     ] GC(24) O: Allocated:         -                 0M (0%)            0M (0%)            0M (0%)     
[65.842s][info][gc,heap     ] GC(24) O: Reclaimed:         -                  -                 0M (0%)            0M (0%)     
[65.842s][info][gc,heap     ] GC(24) O: Compacted:         -                  -                  -                 0M (0%)     
[65.842s][info][gc,phases   ] GC(24) O: Old Generation 256M(100%)->256M(100%) 0.010s
[65.842s][info][gc          ] GC(24) Major Collection (Allocation Stall) 256M(100%)->256M(100%) 0.022s
[65.842s][info][gc          ] Allocation Stall (main) 28.248ms
[65.843s][info][gc          ] Out Of Memory (main)
[65.843s][info][gc          ] GC(25) Minor Collection (Allocation Stall)
[65.843s][info][gc,task     ] GC(25) Using 2 Workers for Young Generation
[65.843s][info][gc,phases   ] GC(25) y: Young Generation
[65.843s][info][gc,phases   ] GC(25) y: Pause Mark Start 0.016ms
[65.846s][info][gc,phases   ] GC(25) y: Concurrent Mark 2.506ms
[65.846s][info][gc,phases   ] GC(25) y: Pause Mark End 0.021ms
[65.846s][info][gc,phases   ] GC(25) y: Concurrent Mark Free 0.003ms
[65.846s][info][gc,phases   ] GC(25) y: Concurrent Reset Relocation Set 0.001ms
[65.846s][info][gc,reloc    ] GC(25) y: Using tenuring threshold: 0 (Computed)
[65.847s][info][gc,phases   ] GC(25) y: Concurrent Select Relocation Set 0.742ms
[65.847s][info][gc,phases   ] GC(25) y: Pause Relocate Start 0.016ms
[65.848s][info][gc,phases   ] GC(25) y: Concurrent Relocate 0.487ms
[65.848s][info][gc,alloc    ] GC(25) y:                         Mark Start        Mark End      Relocate Start    Relocate End   
[65.848s][info][gc,alloc    ] GC(25) y: Allocation Stalls:          1                1                1                1         
[65.848s][info][gc,load     ] GC(25) y: Load: 0.00 (0%) / 0.00 (0%) / 0.00 (0%)
[65.848s][info][gc,mmu      ] GC(25) y: MMU: 2ms/96.0%, 5ms/97.9%, 10ms/98.7%, 20ms/98.9%, 50ms/99.1%, 100ms/99.2%
[65.848s][info][gc,marking  ] GC(25) y: Mark: 2 stripe(s), 1 proactive flush(es), 1 terminate flush(es), 0 completion(s), 0 continuation(s) 
[65.848s][info][gc,nmethod  ] GC(25) y: NMethods: 306 registered, 11 unregistered
[65.848s][info][gc,metaspace] GC(25) y: Metaspace: 0M used, 0M committed, 1088M reserved
[65.848s][info][gc,heap     ] GC(25) y: Min Capacity: 8M(3%)
[65.848s][info][gc,heap     ] GC(25) y: Max Capacity: 256M(100%)
[65.848s][info][gc,heap     ] GC(25) y: Soft Max Capacity: 256M(100%)
[65.848s][info][gc,heap     ] GC(25) y: Heap Statistics:
[65.848s][info][gc,heap     ] GC(25) y:                Mark Start          Mark End        Relocate Start      Relocate End           High               Low         
[65.848s][info][gc,heap     ] GC(25) y:  Capacity:      256M (100%)        256M (100%)        256M (100%)        256M (100%)        256M (100%)        256M (100%)   
[65.848s][info][gc,heap     ] GC(25) y:      Free:        0M (0%)            0M (0%)            0M (0%)            0M (0%)            0M (0%)            0M (0%)     
[65.848s][info][gc,heap     ] GC(25) y:      Used:      256M (100%)        256M (100%)        256M (100%)        256M (100%)        256M (100%)        256M (100%)   
[65.848s][info][gc,heap     ] GC(25) y: Young Generation Statistics:
[65.849s][info][gc,heap     ] GC(25) y:                Mark Start          Mark End        Relocate Start      Relocate End    
[65.849s][info][gc,heap     ] GC(25) y:      Used:        0M (0%)            0M (0%)            0M (0%)            0M (0%)     
[65.849s][info][gc,heap     ] GC(25) y:      Live:         -                 0M (0%)            0M (0%)            0M (0%)     
[65.849s][info][gc,heap     ] GC(25) y:   Garbage:         -                 0M (0%)            0M (0%)            0M (0%)     
[65.849s][info][gc,heap     ] GC(25) y: Allocated:         -                 0M (0%)            0M (0%)            0M (0%)     
[65.849s][info][gc,heap     ] GC(25) y: Reclaimed:         -                  -                 0M (0%)            0M (0%)     
[65.849s][info][gc,heap     ] GC(25) y:  Promoted:         -                  -                 0M (0%)            0M (0%)     
[65.849s][info][gc,heap     ] GC(25) y: Compacted:         -                  -                  -                 0M (0%)     
[65.849s][info][gc,phases   ] GC(25) y: Young Generation 256M(100%)->256M(100%) 0.005s
[65.849s][info][gc          ] GC(25) Minor Collection (Allocation Stall) 256M(100%)->256M(100%) 0.006s
[65.849s][info][gc          ] GC(26) Major Collection (Allocation Stall)
[65.849s][info][gc,task     ] GC(26) Using 2 Workers for Young Generation
[65.849s][info][gc,task     ] GC(26) Using 2 Workers for Old Generation
[65.849s][info][gc,phases   ] GC(26) Y: Young Generation (Promote All)
[65.849s][info][gc,phases   ] GC(26) Y: Pause Mark Start 0.018ms
[65.851s][info][gc,phases   ] GC(26) Y: Concurrent Mark 1.599ms
[65.851s][info][gc,phases   ] GC(26) Y: Pause Mark End 0.017ms
[65.851s][info][gc,phases   ] GC(26) Y: Concurrent Mark Free 0.002ms
[65.851s][info][gc,phases   ] GC(26) Y: Concurrent Reset Relocation Set 0.001ms
[65.851s][info][gc,reloc    ] GC(26) Y: Using tenuring threshold: 0 (Promote All)
[65.852s][info][gc,phases   ] GC(26) Y: Concurrent Select Relocation Set 0.714ms
[65.852s][info][gc,phases   ] GC(26) Y: Pause Relocate Start 0.015ms
[65.853s][info][gc,phases   ] GC(26) Y: Concurrent Relocate 0.478ms
[65.853s][info][gc,alloc    ] GC(26) Y:                         Mark Start        Mark End      Relocate Start    Relocate End   
[65.853s][info][gc,alloc    ] GC(26) Y: Allocation Stalls:          1                1                1                1         
[65.853s][info][gc,load     ] GC(26) Y: Load: 0.00 (0%) / 0.00 (0%) / 0.00 (0%)
[65.853s][info][gc,mmu      ] GC(26) Y: MMU: 2ms/96.0%, 5ms/97.9%, 10ms/98.7%, 20ms/98.9%, 50ms/99.1%, 100ms/99.2%
[65.853s][info][gc,marking  ] GC(26) Y: Mark: 2 stripe(s), 1 proactive flush(es), 1 terminate flush(es), 0 completion(s), 0 continuation(s) 
[65.853s][info][gc,nmethod  ] GC(26) Y: NMethods: 306 registered, 11 unregistered
[65.853s][info][gc,metaspace] GC(26) Y: Metaspace: 0M used, 0M committed, 1088M reserved
[65.853s][info][gc,heap     ] GC(26) Y: Min Capacity: 8M(3%)
[65.853s][info][gc,heap     ] GC(26) Y: Max Capacity: 256M(100%)
[65.853s][info][gc,heap     ] GC(26) Y: Soft Max Capacity: 256M(100%)
[65.853s][info][gc,heap     ] GC(26) Y: Heap Statistics:
[65.853s][info][gc,heap     ] GC(26) Y:                Mark Start          Mark End        Relocate Start      Relocate End           High               Low         
[65.853s][info][gc,heap     ] GC(26) Y:  Capacity:      256M (100%)        256M (100%)        256M (100%)        256M (100%)        256M (100%)        256M (100%)   
[65.853s][info][gc,heap     ] GC(26) Y:      Free:        0M (0%)            0M (0%)            0M (0%)            0M (0%)            0M (0%)            0M (0%)     
[65.853s][info][gc,heap     ] GC(26) Y:      Used:      256M (100%)        256M (100%)        256M (100%)        256M (100%)        256M (100%)        256M (100%)   
[65.854s][info][gc,heap     ] GC(26) Y: Young Generation Statistics:
[65.854s][info][gc,heap     ] GC(26) Y:                Mark Start          Mark End        Relocate Start      Relocate End    
[65.854s][info][gc,heap     ] GC(26) Y:      Used:        0M (0%)            0M (0%)            0M (0%)            0M (0%)     
[65.854s][info][gc,heap     ] GC(26) Y:      Live:         -                 0M (0%)            0M (0%)            0M (0%)     
[65.854s][info][gc,heap     ] GC(26) Y:   Garbage:         -                 0M (0%)            0M (0%)            0M (0%)     
[65.854s][info][gc,heap     ] GC(26) Y: Allocated:         -                 0M (0%)            0M (0%)            0M (0%)     
[65.854s][info][gc,heap     ] GC(26) Y: Reclaimed:         -                  -                 0M (0%)            0M (0%)     
[65.854s][info][gc,heap     ] GC(26) Y:  Promoted:         -                  -                 0M (0%)            0M (0%)     
[65.854s][info][gc,heap     ] GC(26) Y: Compacted:         -                  -                  -                 0M (0%)     
[65.854s][info][gc,phases   ] GC(26) Y: Young Generation (Promote All) 256M(100%)->256M(100%) 0.004s
[65.854s][info][gc,phases   ] GC(26) Y: Young Generation (Collect Roots)
[65.854s][info][gc,phases   ] GC(26) Y: Pause Mark Start (Major) 0.019ms
[65.856s][info][gc,phases   ] GC(26) Y: Concurrent Mark 2.042ms
[65.856s][info][gc,phases   ] GC(26) Y: Pause Mark End 0.015ms
[65.856s][info][gc,phases   ] GC(26) Y: Concurrent Mark Free 0.002ms
[65.856s][info][gc,phases   ] GC(26) Y: Concurrent Reset Relocation Set 0.001ms
[65.857s][info][gc,reloc    ] GC(26) Y: Using tenuring threshold: 0 (Computed)
[65.857s][info][gc,phases   ] GC(26) Y: Concurrent Select Relocation Set 0.656ms
[65.857s][info][gc,phases   ] GC(26) Y: Pause Relocate Start 0.014ms
[65.858s][info][gc,phases   ] GC(26) Y: Concurrent Relocate 0.624ms
[65.858s][info][gc,alloc    ] GC(26) Y:                         Mark Start        Mark End      Relocate Start    Relocate End   
[65.858s][info][gc,alloc    ] GC(26) Y: Allocation Stalls:          1                1                1                1         
[65.858s][info][gc,load     ] GC(26) Y: Load: 0.00 (0%) / 0.00 (0%) / 0.00 (0%)
[65.858s][info][gc,mmu      ] GC(26) Y: MMU: 2ms/96.0%, 5ms/97.9%, 10ms/98.7%, 20ms/98.9%, 50ms/99.1%, 100ms/99.2%
[65.858s][info][gc,marking  ] GC(26) Y: Mark: 2 stripe(s), 1 proactive flush(es), 1 terminate flush(es), 0 completion(s), 0 continuation(s) 
[65.858s][info][gc,nmethod  ] GC(26) Y: NMethods: 306 registered, 11 unregistered
[65.858s][info][gc,metaspace] GC(26) Y: Metaspace: 0M used, 0M committed, 1088M reserved
[65.858s][info][gc,heap     ] GC(26) Y: Min Capacity: 8M(3%)
[65.858s][info][gc,heap     ] GC(26) Y: Max Capacity: 256M(100%)
[65.859s][info][gc,heap     ] GC(26) Y: Soft Max Capacity: 256M(100%)
[65.859s][info][gc,heap     ] GC(26) Y: Heap Statistics:
[65.859s][info][gc,heap     ] GC(26) Y:                Mark Start          Mark End        Relocate Start      Relocate End           High               Low         
[65.859s][info][gc,heap     ] GC(26) Y:  Capacity:      256M (100%)        256M (100%)        256M (100%)        256M (100%)        256M (100%)        256M (100%)   
[65.859s][info][gc,heap     ] GC(26) Y:      Free:        0M (0%)            0M (0%)            0M (0%)            0M (0%)            0M (0%)            0M (0%)     
[65.859s][info][gc,heap     ] GC(26) Y:      Used:      256M (100%)        256M (100%)        256M (100%)        256M (100%)        256M (100%)        256M (100%)   
[65.859s][info][gc,heap     ] GC(26) Y: Young Generation Statistics:
[65.859s][info][gc,heap     ] GC(26) Y:                Mark Start          Mark End        Relocate Start      Relocate End    
[65.859s][info][gc,heap     ] GC(26) Y:      Used:        0M (0%)            0M (0%)            0M (0%)            0M (0%)     
[65.859s][info][gc,heap     ] GC(26) Y:      Live:         -                 0M (0%)            0M (0%)            0M (0%)     
[65.859s][info][gc,heap     ] GC(26) Y:   Garbage:         -                 0M (0%)            0M (0%)            0M (0%)     
[65.859s][info][gc,heap     ] GC(26) Y: Allocated:         -                 0M (0%)            0M (0%)            0M (0%)     
[65.859s][info][gc,heap     ] GC(26) Y: Reclaimed:         -                  -                 0M (0%)            0M (0%)     
[65.859s][info][gc,heap     ] GC(26) Y:  Promoted:         -                  -                 0M (0%)            0M (0%)     
[65.859s][info][gc,heap     ] GC(26) Y: Compacted:         -                  -                  -                 0M (0%)     
[65.859s][info][gc,phases   ] GC(26) Y: Young Generation (Collect Roots) 256M(100%)->256M(100%) 0.004s
[65.859s][info][gc,phases   ] GC(26) O: Old Generation
[65.864s][info][gc,phases   ] GC(26) O: Concurrent Mark 5.130ms
[65.864s][info][gc,phases   ] GC(26) O: Pause Mark End 0.022ms
[65.865s][info][gc,phases   ] GC(26) O: Concurrent Mark Free 0.004ms
[65.865s][info][gc,ref      ] GC(26) O: Clearing All SoftReferences
[65.866s][info][gc,phases   ] GC(26) O: Concurrent Process Non-Strong 1.725ms
[65.867s][info][gc,phases   ] GC(26) O: Concurrent Reset Relocation Set 0.002ms
[65.869s][info][gc          ] Allocation Stall (main) 26.418ms
[65.872s][info][gc,phases   ] GC(26) O: Concurrent Select Relocation Set 4.597ms
[65.872s][info][gc,task     ] GC(26) O: Using 2 Workers for Old Generation
[65.872s][info][gc,task     ] GC(26) O: Using 2 Workers for Old Generation
[65.872s][info][gc,phases   ] GC(26) O: Concurrent Remap Roots 0.530ms
[65.873s][info][gc,phases   ] GC(26) O: Pause Relocate Start 0.020ms
[65.873s][info][gc,exit     ] Stopping ZGC
[65.873s][info][gc,phases   ] GC(26) O: Concurrent Relocate 0.276ms
[65.873s][info][gc,phases   ] GC(26) O: Old Generation Aborted
[65.873s][info][gc          ] GC(26) Major Collection (Allocation Stall) Aborted
[65.873s][info][gc,stats    ] === Garbage Collection Statistics =======================================================================================================================
[65.874s][info][gc,stats    ]                                                              Last 10s              Last 10m              Last 10h                Total
[65.874s][info][gc,stats    ]                                                              Avg / Max             Avg / Max             Avg / Max             Avg / Max
[65.874s][info][gc,stats    ]        Contention: Mark Segment Reset Contention                     0 / 0                 0 / 3                 0 / 3                 0 / 3           ops/s
[65.874s][info][gc,stats    ]        Contention: Mark SeqNum Reset Contention                      0 / 0                 0 / 1                 0 / 1                 0 / 1           ops/s
[65.874s][info][gc,stats    ]          Critical: Allocation Stall                                  0 / 0                 0 / 0                 0 / 0                 0 / 0           ops/s
[65.874s][info][gc,stats    ]          Critical: Allocation Stall                              0.000 / 0.000         0.000 / 0.000         0.000 / 0.000         0.000 / 0.000       ms
[65.874s][info][gc,stats    ]          Critical: JNI Critical Stall                                0 / 0                 0 / 0                 0 / 0                 0 / 0           ops/s
[65.874s][info][gc,stats    ]          Critical: JNI Critical Stall                            0.000 / 0.000         0.000 / 0.000         0.000 / 0.000         0.000 / 0.000       ms
[65.874s][info][gc,stats    ]          Critical: Relocation Stall                                  0 / 0                 0 / 0                 0 / 0                 0 / 0           ops/s
[65.874s][info][gc,stats    ]          Critical: Relocation Stall                              0.000 / 0.000         0.000 / 0.000         0.000 / 0.000         0.000 / 0.000       ms
[65.874s][info][gc,stats    ]  Major Collection: Major Collection                             28.431 / 36.014       29.824 / 39.053       29.824 / 39.053       29.824 / 39.053      ms
[65.874s][info][gc,stats    ]            Memory: Allocation Rate                                   5 / 8                 4 / 8                 4 / 8                 4 / 8           MB/s
[65.874s][info][gc,stats    ]            Memory: Defragment                                        0 / 0                 0 / 0                 0 / 0                 0 / 0           ops/s
[65.874s][info][gc,stats    ]            Memory: Mapped Cache Harvest                              0 / 0                 0 / 0                 0 / 0                 0 / 0           MB/s
[65.874s][info][gc,stats    ]            Memory: Out Of Memory                                     0 / 0                 0 / 0                 0 / 0                 0 / 0           ops/s
[65.874s][info][gc,stats    ]            Memory: Uncommit                                          0 / 0                 0 / 0                 0 / 0                 0 / 0           MB/s
[65.874s][info][gc,stats    ]            Memory: Undo Object Allocation Failed                     0 / 0                 0 / 0                 0 / 0                 0 / 0           ops/s
[65.874s][info][gc,stats    ]            Memory: Undo Object Allocation Succeeded                  0 / 0                 0 / 0                 0 / 0                 0 / 0           ops/s
[65.874s][info][gc,stats    ]            Memory: Undo Page Allocation                              0 / 0                 0 / 0                 0 / 0                 0 / 0           ops/s
[65.874s][info][gc,stats    ]  Minor Collection: Minor Collection                              7.914 / 9.464         7.914 / 9.464         7.914 / 9.464         7.914 / 9.464       ms
[65.874s][info][gc,stats    ]    Old Generation: Old Generation                               19.320 / 24.179       17.827 / 28.297       17.827 / 28.297       17.827 / 28.297      ms
[65.874s][info][gc,stats    ]         Old Pause: Pause Mark End                                0.029 / 0.043         0.029 / 0.043         0.029 / 0.043         0.029 / 0.043       ms
[65.875s][info][gc,stats    ]         Old Pause: Pause Relocate Start                          0.019 / 0.020         0.022 / 0.030         0.022 / 0.030         0.022 / 0.030       ms
[65.875s][info][gc,stats    ]         Old Phase: Concurrent Mark                              11.857 / 14.520       10.233 / 17.393       10.233 / 17.393       10.233 / 17.393      ms
[65.875s][info][gc,stats    ]         Old Phase: Concurrent Mark Continue                      0.000 / 0.000         0.000 / 0.000         0.000 / 0.000         0.000 / 0.000       ms
[65.875s][info][gc,stats    ]         Old Phase: Concurrent Mark Free                          0.005 / 0.006         0.005 / 0.008         0.005 / 0.008         0.005 / 0.008       ms
[65.875s][info][gc,stats    ]         Old Phase: Concurrent Process Non-Strong                 2.467 / 4.001         2.205 / 4.001         2.205 / 4.001         2.205 / 4.001       ms
[65.875s][info][gc,stats    ]         Old Phase: Concurrent Relocate                           1.716 / 6.335         2.485 / 8.904         2.485 / 8.904         2.485 / 8.904       ms
[65.875s][info][gc,stats    ]         Old Phase: Concurrent Remap Roots                        1.242 / 1.420         1.200 / 2.431         1.200 / 2.431         1.200 / 2.431       ms
[65.875s][info][gc,stats    ]         Old Phase: Concurrent Reset Relocation Set               0.002 / 0.003         0.002 / 0.003         0.002 / 0.003         0.002 / 0.003       ms
[65.875s][info][gc,stats    ]         Old Phase: Concurrent Select Relocation Set              0.212 / 0.526         0.251 / 0.667         0.251 / 0.667         0.251 / 0.667       ms
[65.875s][info][gc,stats    ]      Old Subphase: Concurrent Classes Purge                      0.029 / 0.056         0.035 / 0.086         0.035 / 0.086         0.035 / 0.086       ms
[65.875s][info][gc,stats    ]      Old Subphase: Concurrent Classes Unlink                     1.359 / 2.713         1.030 / 2.713         1.030 / 2.713         1.030 / 2.713       ms
[65.875s][info][gc,stats    ]      Old Subphase: Concurrent Mark Follow                       11.588 / 14.248        9.964 / 17.191        9.964 / 17.191        9.964 / 17.191      ms
[65.875s][info][gc,stats    ]      Old Subphase: Concurrent Mark Root Colored                  0.053 / 0.123         0.035 / 0.123         0.035 / 0.123         0.035 / 0.123       ms
[65.875s][info][gc,stats    ]      Old Subphase: Concurrent Mark Root Uncolored                0.103 / 0.207         0.103 / 0.207         0.103 / 0.207         0.103 / 0.207       ms
[65.875s][info][gc,stats    ]      Old Subphase: Concurrent Mark Roots                         0.261 / 0.366         0.261 / 0.417         0.261 / 0.417         0.261 / 0.417       ms
[65.875s][info][gc,stats    ]      Old Subphase: Concurrent References Enqueue                 0.005 / 0.019         0.003 / 0.019         0.003 / 0.019         0.003 / 0.019       ms
[65.875s][info][gc,stats    ]      Old Subphase: Concurrent References Process                 0.087 / 0.097         0.095 / 0.129         0.095 / 0.129         0.095 / 0.129       ms
[65.875s][info][gc,stats    ]      Old Subphase: Concurrent Remap Remembered                   0.530 / 0.585         0.443 / 1.526         0.443 / 1.526         0.443 / 1.526       ms
[65.875s][info][gc,stats    ]      Old Subphase: Concurrent Remap Roots Colored                0.272 / 0.386         0.302 / 0.418         0.302 / 0.418         0.302 / 0.418       ms
[65.875s][info][gc,stats    ]      Old Subphase: Concurrent Remap Roots Uncolored              0.144 / 0.189         0.143 / 0.255         0.143 / 0.255         0.143 / 0.255       ms
[65.875s][info][gc,stats    ]      Old Subphase: Concurrent Roots ClassLoaderDataGraph         0.111 / 0.297         0.143 / 0.348         0.143 / 0.348         0.143 / 0.348       ms
[65.876s][info][gc,stats    ]      Old Subphase: Concurrent Roots CodeCache                    0.124 / 0.142         0.132 / 0.249         0.132 / 0.249         0.132 / 0.249       ms
[65.876s][info][gc,stats    ]      Old Subphase: Concurrent Roots JavaThreads                  0.037 / 0.207         0.033 / 0.207         0.033 / 0.207         0.033 / 0.207       ms
[65.876s][info][gc,stats    ]      Old Subphase: Concurrent Roots OopStorageSet                0.010 / 0.028         0.009 / 0.030         0.009 / 0.030         0.009 / 0.030       ms
[65.876s][info][gc,stats    ]      Old Subphase: Concurrent Weak Roots OopStorageSet           0.276 / 0.804         0.282 / 1.365         0.282 / 1.365         0.282 / 1.365       ms
[65.876s][info][gc,stats    ]            System: Java Threads                                     11 / 11               11 / 11               11 / 11               11 / 11          threads
[65.876s][info][gc,stats    ]  Young Generation: Young Generation                              5.659 / 7.766         8.412 / 22.607        8.412 / 22.607        8.412 / 22.607      ms
[65.876s][info][gc,stats    ]  Young Generation: Young Generation                              5.794 / 6.930         5.794 / 6.930         5.794 / 6.930         5.794 / 6.930       ms
[65.876s][info][gc,stats    ]  Young Generation: Young Generation (Collect Roots)              0.000 / 0.000         0.000 / 0.000         0.000 / 0.000         0.000 / 0.000       ms
[65.876s][info][gc,stats    ]  Young Generation: Young Generation (Promote All)                0.000 / 0.000         0.000 / 0.000         0.000 / 0.000         0.000 / 0.000       ms
[65.876s][info][gc,stats    ]       Young Pause: Pause Mark End                                0.022 / 0.029         0.026 / 0.042         0.026 / 0.042         0.026 / 0.042       ms
[65.876s][info][gc,stats    ]       Young Pause: Pause Mark Start                              0.033 / 0.058         0.033 / 0.058         0.033 / 0.058         0.033 / 0.058       ms
[65.876s][info][gc,stats    ]       Young Pause: Pause Mark Start (Major)                      0.030 / 0.038         0.038 / 0.080         0.038 / 0.080         0.038 / 0.080       ms
[65.876s][info][gc,stats    ]       Young Pause: Pause Relocate Start                          0.019 / 0.022         0.018 / 0.022         0.018 / 0.022         0.018 / 0.022       ms
[65.876s][info][gc,stats    ]       Young Phase: Concurrent Mark                               2.912 / 4.878         3.642 / 7.672         3.642 / 7.672         3.642 / 7.672       ms
[65.876s][info][gc,stats    ]       Young Phase: Concurrent Mark Continue                      0.000 / 0.000         0.000 / 0.000         0.000 / 0.000         0.000 / 0.000       ms
[65.876s][info][gc,stats    ]       Young Phase: Concurrent Mark Free                          0.021 / 0.149         0.013 / 0.149         0.013 / 0.149         0.013 / 0.149       ms
[65.876s][info][gc,stats    ]       Young Phase: Concurrent Relocate                           0.251 / 0.409         1.219 / 10.204        1.219 / 10.204        1.219 / 10.204      ms
[65.876s][info][gc,stats    ]       Young Phase: Concurrent Reset Relocation Set               0.008 / 0.032         0.009 / 0.032         0.009 / 0.032         0.009 / 0.032       ms
[65.876s][info][gc,stats    ]       Young Phase: Concurrent Select Relocation Set              0.694 / 1.282         1.228 / 3.424         1.228 / 3.424         1.228 / 3.424       ms
[65.876s][info][gc,stats    ]    Young Subphase: Concurrent Mark Follow                        1.843 / 2.689         2.346 / 6.489         2.346 / 6.489         2.346 / 6.489       ms
[65.876s][info][gc,stats    ]    Young Subphase: Concurrent Mark Root Colored                  0.676 / 1.764         0.765 / 1.764         0.765 / 1.764         0.765 / 1.764       ms
[65.876s][info][gc,stats    ]    Young Subphase: Concurrent Mark Root Uncolored                0.223 / 0.316         0.361 / 1.422         0.361 / 1.422         0.361 / 1.422       ms
[65.876s][info][gc,stats    ]    Young Subphase: Concurrent Mark Roots                         1.063 / 2.181         1.288 / 2.347         1.288 / 2.347         1.288 / 2.347       ms
[65.876s][info][gc,stats    ]    Young Subphase: Concurrent Relocate Remset FP                 0.073 / 0.086         0.083 / 0.147         0.083 / 0.147         0.083 / 0.147       ms
[65.876s][info][gc,stats    ]    Young Subphase: Concurrent Roots ClassLoaderDataGraph         0.234 / 0.448         0.247 / 0.448         0.247 / 0.448         0.247 / 0.448       ms
[65.877s][info][gc,stats    ]    Young Subphase: Concurrent Roots CodeCache                    0.159 / 0.213         0.173 / 0.356         0.173 / 0.356         0.173 / 0.356       ms
[65.877s][info][gc,stats    ]    Young Subphase: Concurrent Roots JavaThreads                  0.034 / 0.101         0.096 / 1.321         0.096 / 1.321         0.096 / 1.321       ms
[65.877s][info][gc,stats    ]    Young Subphase: Concurrent Roots OopStorageSet                0.017 / 0.068         0.024 / 0.078         0.024 / 0.078         0.024 / 0.078       ms
[65.877s][info][gc,stats    ]    Young Subphase: Concurrent Weak Roots OopStorageSet           0.422 / 1.403         0.489 / 1.403         0.489 / 1.403         0.489 / 1.403       ms
[65.877s][info][gc,stats    ] =========================================================================================================================================================
[65.877s][info][gc,exit     ] Heap
[65.877s][info][gc,exit     ]  ZHeap           used 4M, capacity 256M, max capacity 256M
[65.877s][info][gc,exit     ]   Cache          252M (2)
[65.877s][info][gc,exit     ]    size classes  8M (1), 128M (1)
[65.877s][info][gc,exit     ]  Metaspace       used 510K, committed 704K, reserved 1114112K
[65.877s][info][gc,exit     ]   class space    used 20K, committed 128K, reserved 1048576K
